........................................................................ [ 15%]
........................................................................ [ 31%]
................F.F..................................................... [ 46%]
........................................................................ [ 62%]
........................................................................ [ 77%]
........................................................................ [ 93%]
................................                                         [100%]
=================================== FAILURES ===================================
_ test_final_source_validation_does_not_block_heartbeat_or_cancellation[True] __

tmp_path = PosixPath('/dev/shm/lifecycle-capacity-backend-r4/cancel_at_commit_ignored-shard-0/test_final_source_validation_d1')
monkeypatch = <_pytest.monkeypatch.MonkeyPatch object at 0x75621b3bdf30>
cancel = True

    @pytest.mark.parametrize("cancel", [False, True])
    def test_final_source_validation_does_not_block_heartbeat_or_cancellation(tmp_path, monkeypatch, cancel):
        import sqlite3
        from src import lifecycle_web_store as journal
        from tests.test_lifecycle_web_store import setup_store, completed
    
        path, store = setup_store(tmp_path)
        original, observed = journal.validate_finding, []
    
        def validate(*args, **kwargs):
            # A different connection must commit while potentially large source
            # validation is in progress, including in rollback-journal mode.
            with sqlite3.connect(path, timeout=0) as conn:
                conn.execute("BEGIN IMMEDIATE")
                conn.execute("UPDATE lifecycle_web_runs SET lease_until=lease_until")
                if cancel:
                    conn.execute("UPDATE lifecycle_web_runs SET cancel_requested_at=created_at")
            observed.append(True)
            return original(*args, **kwargs)
    
        monkeypatch.setattr(journal, "validate_finding", validate)
        if cancel:
>           with pytest.raises(journal.WebJournalError, match="^stop_requested$"):
E           Failed: DID NOT RAISE <class 'src.lifecycle_web_schema.WebJournalError'>

tests/test_lifecycle_source_capacity.py:108: Failed
__ test_changed_source_snapshot_cannot_commit_a_previously_validated_finding ___

tmp_path = PosixPath('/dev/shm/lifecycle-capacity-backend-r4/cancel_at_commit_ignored-shard-0/test_changed_source_snapshot_c0')
monkeypatch = <_pytest.monkeypatch.MonkeyPatch object at 0x756225b4acb0>

    def test_changed_source_snapshot_cannot_commit_a_previously_validated_finding(tmp_path, monkeypatch):
        from src import lifecycle_web_store as journal
        from tests.test_lifecycle_web_store import setup_store, completed
    
        _, store = setup_store(tmp_path)
        original = journal.validate_finding
    
        def validate(*args, **kwargs):
            result = original(*args, **kwargs)
            with store.connection() as conn:
                identity = conn.execute("SELECT run_id FROM lifecycle_web_runs").fetchone()[0]
            store.add_page(identity, owner="worker-1", source_id="source-2", page=source_page("New contrary information."))
            return result
    
        monkeypatch.setattr(journal, "validate_finding", validate)
>       with pytest.raises(journal.WebJournalError, match="^web_journal_integrity$"):
E       Failed: DID NOT RAISE <class 'src.lifecycle_web_schema.WebJournalError'>

tests/test_lifecycle_source_capacity.py:154: Failed
- generated xml file: /tmp/lifecycle-capacity-backend-r4/results/cancel_at_commit_ignored-shard-0.xml -
=========================== short test summary info ============================
FAILED tests/test_lifecycle_source_capacity.py::test_final_source_validation_does_not_block_heartbeat_or_cancellation[True]
FAILED tests/test_lifecycle_source_capacity.py::test_changed_source_snapshot_cannot_commit_a_previously_validated_finding
2 failed, 462 passed in 27.32s
