........................................................................ [ 15%]
........................................................................ [ 31%]
..................F..................................................... [ 46%]
........................................................................ [ 62%]
........................................................................ [ 77%]
........................................................................ [ 93%]
................................                                         [100%]
=================================== FAILURES ===================================
__ test_changed_source_snapshot_cannot_commit_a_previously_validated_finding ___

tmp_path = PosixPath('/dev/shm/lifecycle-capacity-backend-r4/changed_source_index_accepted-shard-0/test_changed_source_snapshot_c0')
monkeypatch = <_pytest.monkeypatch.MonkeyPatch object at 0x7297f0101240>

    def test_changed_source_snapshot_cannot_commit_a_previously_validated_finding(tmp_path, monkeypatch):
        from src import lifecycle_web_store as journal
        from tests.test_lifecycle_web_store import setup_store, completed
    
        _, store = setup_store(tmp_path)
        original = journal.validate_finding
    
        def validate(*args, **kwargs):
            result = original(*args, **kwargs)
            with store.connection() as conn:
                identity = conn.execute("SELECT run_id FROM lifecycle_web_runs").fetchone()[0]
            store.add_page(identity, owner="worker-1", source_id="source-2", page=source_page("New contrary information."))
            return result
    
        monkeypatch.setattr(journal, "validate_finding", validate)
>       with pytest.raises(journal.WebJournalError, match="^web_journal_integrity$"):
E       Failed: DID NOT RAISE <class 'src.lifecycle_web_schema.WebJournalError'>

tests/test_lifecycle_source_capacity.py:154: Failed
- generated xml file: /tmp/lifecycle-capacity-backend-r4/results/changed_source_index_accepted-shard-0.xml -
=========================== short test summary info ============================
FAILED tests/test_lifecycle_source_capacity.py::test_changed_source_snapshot_cannot_commit_a_previously_validated_finding
1 failed, 463 passed in 24.66s
