........................................................................ [ 15%]
........................................................................ [ 31%]
...................FFF.................................................. [ 46%]
........................................................................ [ 62%]
........................................................................ [ 77%]
........................................................................ [ 93%]
................................                                         [100%]
=================================== FAILURES ===================================
_ test_full_context_reuses_the_retained_text_without_a_second_source_copy[text/plain] _

mime = 'text/plain'

    @pytest.mark.parametrize("mime", ["text/plain", "application/json", "application/xml"])
    def test_full_context_reuses_the_retained_text_without_a_second_source_copy(mime):
        from src.lifecycle_public_sources import _capture_digest
        from src.lifecycle_source_context import select_source_context
        from tests.test_security_lifecycle_web_finding import public_input
    
        text = "\U00020000" * 50000
        if mime == "application/json":
            text = json.dumps({"description": text}, ensure_ascii=False)
        elif mime == "application/xml":
            text = "<description>" + text + "</description>"
        page = replace(source_page(text), mime_type=mime)
        page = replace(page, capture_sha256=_capture_digest(page))
        material = select_source_context(public_input(), page).prompt_material(page)
        assert material["coverage"] == "full_text"
>       assert material["passages"][0]["text"] is page.text
E       AssertionError: assert '𠀀𠀀𠀀𠀀𠀀𠀀𠀀𠀀𠀀𠀀𠀀𠀀𠀀𠀀𠀀𠀀𠀀𠀀𠀀𠀀𠀀𠀀𠀀𠀀𠀀𠀀𠀀𠀀𠀀𠀀𠀀𠀀𠀀𠀀𠀀𠀀𠀀𠀀𠀀𠀀𠀀𠀀𠀀𠀀𠀀𠀀𠀀𠀀𠀀𠀀𠀀𠀀𠀀𠀀𠀀𠀀𠀀𠀀𠀀𠀀𠀀𠀀𠀀𠀀𠀀𠀀𠀀𠀀𠀀𠀀𠀀𠀀𠀀𠀀𠀀𠀀𠀀𠀀𠀀𠀀𠀀𠀀𠀀𠀀𠀀𠀀𠀀𠀀𠀀𠀀𠀀𠀀𠀀𠀀𠀀𠀀𠀀𠀀𠀀𠀀𠀀𠀀𠀀𠀀𠀀𠀀𠀀𠀀𠀀𠀀𠀀𠀀𠀀𠀀𠀀𠀀𠀀...𠀀𠀀𠀀𠀀𠀀𠀀𠀀𠀀𠀀𠀀𠀀𠀀𠀀𠀀𠀀𠀀𠀀𠀀𠀀𠀀𠀀𠀀𠀀𠀀𠀀𠀀𠀀𠀀𠀀𠀀𠀀𠀀𠀀𠀀𠀀𠀀𠀀𠀀𠀀𠀀𠀀𠀀𠀀𠀀𠀀𠀀𠀀𠀀𠀀𠀀𠀀𠀀𠀀𠀀𠀀𠀀𠀀𠀀𠀀𠀀𠀀𠀀𠀀𠀀𠀀𠀀𠀀𠀀𠀀𠀀𠀀𠀀𠀀𠀀𠀀𠀀𠀀𠀀𠀀𠀀𠀀𠀀𠀀𠀀𠀀𠀀𠀀𠀀𠀀𠀀𠀀𠀀𠀀𠀀𠀀𠀀𠀀𠀀𠀀𠀀𠀀𠀀𠀀𠀀𠀀𠀀𠀀𠀀𠀀𠀀𠀀𠀀𠀀𠀀𠀀𠀀𠀀𠀀' is '𠀀𠀀𠀀𠀀𠀀𠀀𠀀𠀀𠀀𠀀𠀀𠀀𠀀𠀀𠀀𠀀𠀀𠀀𠀀𠀀𠀀𠀀𠀀𠀀𠀀𠀀𠀀𠀀𠀀𠀀𠀀𠀀𠀀𠀀𠀀𠀀𠀀𠀀𠀀𠀀𠀀𠀀𠀀𠀀𠀀𠀀𠀀𠀀𠀀𠀀𠀀𠀀𠀀𠀀𠀀𠀀𠀀𠀀𠀀𠀀𠀀𠀀𠀀𠀀𠀀𠀀𠀀𠀀𠀀𠀀𠀀𠀀𠀀𠀀𠀀𠀀𠀀𠀀𠀀𠀀𠀀𠀀𠀀𠀀𠀀𠀀𠀀𠀀𠀀𠀀𠀀𠀀𠀀𠀀𠀀𠀀𠀀𠀀𠀀𠀀𠀀𠀀𠀀𠀀𠀀𠀀𠀀𠀀𠀀𠀀𠀀𠀀𠀀𠀀𠀀𠀀𠀀...𠀀𠀀𠀀𠀀𠀀𠀀𠀀𠀀𠀀𠀀𠀀𠀀𠀀𠀀𠀀𠀀𠀀𠀀𠀀𠀀𠀀𠀀𠀀𠀀𠀀𠀀𠀀𠀀𠀀𠀀𠀀𠀀𠀀𠀀𠀀𠀀𠀀𠀀𠀀𠀀𠀀𠀀𠀀𠀀𠀀𠀀𠀀𠀀𠀀𠀀𠀀𠀀𠀀𠀀𠀀𠀀𠀀𠀀𠀀𠀀𠀀𠀀𠀀𠀀𠀀𠀀𠀀𠀀𠀀𠀀𠀀𠀀𠀀𠀀𠀀𠀀𠀀𠀀𠀀𠀀𠀀𠀀𠀀𠀀𠀀𠀀𠀀𠀀𠀀𠀀𠀀𠀀𠀀𠀀𠀀𠀀𠀀𠀀𠀀𠀀𠀀𠀀𠀀𠀀𠀀𠀀𠀀𠀀𠀀𠀀𠀀𠀀𠀀𠀀𠀀𠀀𠀀𠀀'
E        +  where '𠀀𠀀𠀀𠀀𠀀𠀀𠀀𠀀𠀀𠀀𠀀𠀀𠀀𠀀𠀀𠀀𠀀𠀀𠀀𠀀𠀀𠀀𠀀𠀀𠀀𠀀𠀀𠀀𠀀𠀀𠀀𠀀𠀀𠀀𠀀𠀀𠀀𠀀𠀀𠀀𠀀𠀀𠀀𠀀𠀀𠀀𠀀𠀀𠀀𠀀𠀀𠀀𠀀𠀀𠀀𠀀𠀀𠀀𠀀𠀀𠀀𠀀𠀀𠀀𠀀𠀀𠀀𠀀𠀀𠀀𠀀𠀀𠀀𠀀𠀀𠀀𠀀𠀀𠀀𠀀𠀀𠀀𠀀𠀀𠀀𠀀𠀀𠀀𠀀𠀀𠀀𠀀𠀀𠀀𠀀𠀀𠀀𠀀𠀀𠀀𠀀𠀀𠀀𠀀𠀀𠀀𠀀𠀀𠀀𠀀𠀀𠀀𠀀𠀀𠀀𠀀𠀀...𠀀𠀀𠀀𠀀𠀀𠀀𠀀𠀀𠀀𠀀𠀀𠀀𠀀𠀀𠀀𠀀𠀀𠀀𠀀𠀀𠀀𠀀𠀀𠀀𠀀𠀀𠀀𠀀𠀀𠀀𠀀𠀀𠀀𠀀𠀀𠀀𠀀𠀀𠀀𠀀𠀀𠀀𠀀𠀀𠀀𠀀𠀀𠀀𠀀𠀀𠀀𠀀𠀀𠀀𠀀𠀀𠀀𠀀𠀀𠀀𠀀𠀀𠀀𠀀𠀀𠀀𠀀𠀀𠀀𠀀𠀀𠀀𠀀𠀀𠀀𠀀𠀀𠀀𠀀𠀀𠀀𠀀𠀀𠀀𠀀𠀀𠀀𠀀𠀀𠀀𠀀𠀀𠀀𠀀𠀀𠀀𠀀𠀀𠀀𠀀𠀀𠀀𠀀𠀀𠀀𠀀𠀀𠀀𠀀𠀀𠀀𠀀𠀀𠀀𠀀𠀀𠀀𠀀' = PublicSourcePage(url='https://ir.example.com/notice', redirect_chain=(), body_sha256='73cca4d71b10da65db2886531027ebf6...eved_at='2026-09-06T01:00:00+00:00', capture_sha256='c47d48623d37d5d6d44074585352826acb7fa09597ba331abe8d309f2de355da').text

tests/test_lifecycle_source_capacity.py:175: AssertionError
_ test_full_context_reuses_the_retained_text_without_a_second_source_copy[application/json] _

mime = 'application/json'

    @pytest.mark.parametrize("mime", ["text/plain", "application/json", "application/xml"])
    def test_full_context_reuses_the_retained_text_without_a_second_source_copy(mime):
        from src.lifecycle_public_sources import _capture_digest
        from src.lifecycle_source_context import select_source_context
        from tests.test_security_lifecycle_web_finding import public_input
    
        text = "\U00020000" * 50000
        if mime == "application/json":
            text = json.dumps({"description": text}, ensure_ascii=False)
        elif mime == "application/xml":
            text = "<description>" + text + "</description>"
        page = replace(source_page(text), mime_type=mime)
        page = replace(page, capture_sha256=_capture_digest(page))
        material = select_source_context(public_input(), page).prompt_material(page)
        assert material["coverage"] == "full_text"
>       assert material["passages"][0]["text"] is page.text
E       assert '{"description": "𠀀𠀀𠀀𠀀𠀀𠀀𠀀𠀀𠀀𠀀𠀀𠀀𠀀𠀀𠀀𠀀𠀀𠀀𠀀𠀀𠀀𠀀𠀀𠀀𠀀𠀀𠀀𠀀𠀀𠀀𠀀𠀀𠀀𠀀𠀀𠀀𠀀𠀀𠀀𠀀𠀀𠀀𠀀𠀀𠀀𠀀𠀀𠀀𠀀𠀀𠀀𠀀𠀀𠀀𠀀𠀀𠀀𠀀𠀀𠀀𠀀𠀀𠀀𠀀𠀀𠀀𠀀𠀀𠀀𠀀𠀀𠀀𠀀𠀀𠀀𠀀𠀀𠀀𠀀𠀀𠀀𠀀𠀀𠀀𠀀𠀀𠀀𠀀𠀀𠀀𠀀𠀀𠀀𠀀𠀀𠀀𠀀𠀀𠀀𠀀...𠀀𠀀𠀀𠀀𠀀𠀀𠀀𠀀𠀀𠀀𠀀𠀀𠀀𠀀𠀀𠀀𠀀𠀀𠀀𠀀𠀀𠀀𠀀𠀀𠀀𠀀𠀀𠀀𠀀𠀀𠀀𠀀𠀀𠀀𠀀𠀀𠀀𠀀𠀀𠀀𠀀𠀀𠀀𠀀𠀀𠀀𠀀𠀀𠀀𠀀𠀀𠀀𠀀𠀀𠀀𠀀𠀀𠀀𠀀𠀀𠀀𠀀𠀀𠀀𠀀𠀀𠀀𠀀𠀀𠀀𠀀𠀀𠀀𠀀𠀀𠀀𠀀𠀀𠀀𠀀𠀀𠀀𠀀𠀀𠀀𠀀𠀀𠀀𠀀𠀀𠀀𠀀𠀀𠀀𠀀𠀀𠀀𠀀𠀀𠀀𠀀𠀀𠀀𠀀𠀀𠀀𠀀𠀀𠀀𠀀𠀀𠀀𠀀𠀀𠀀𠀀"}' is '{"description": "𠀀𠀀𠀀𠀀𠀀𠀀𠀀𠀀𠀀𠀀𠀀𠀀𠀀𠀀𠀀𠀀𠀀𠀀𠀀𠀀𠀀𠀀𠀀𠀀𠀀𠀀𠀀𠀀𠀀𠀀𠀀𠀀𠀀𠀀𠀀𠀀𠀀𠀀𠀀𠀀𠀀𠀀𠀀𠀀𠀀𠀀𠀀𠀀𠀀𠀀𠀀𠀀𠀀𠀀𠀀𠀀𠀀𠀀𠀀𠀀𠀀𠀀𠀀𠀀𠀀𠀀𠀀𠀀𠀀𠀀𠀀𠀀𠀀𠀀𠀀𠀀𠀀𠀀𠀀𠀀𠀀𠀀𠀀𠀀𠀀𠀀𠀀𠀀𠀀𠀀𠀀𠀀𠀀𠀀𠀀𠀀𠀀𠀀𠀀𠀀...𠀀𠀀𠀀𠀀𠀀𠀀𠀀𠀀𠀀𠀀𠀀𠀀𠀀𠀀𠀀𠀀𠀀𠀀𠀀𠀀𠀀𠀀𠀀𠀀𠀀𠀀𠀀𠀀𠀀𠀀𠀀𠀀𠀀𠀀𠀀𠀀𠀀𠀀𠀀𠀀𠀀𠀀𠀀𠀀𠀀𠀀𠀀𠀀𠀀𠀀𠀀𠀀𠀀𠀀𠀀𠀀𠀀𠀀𠀀𠀀𠀀𠀀𠀀𠀀𠀀𠀀𠀀𠀀𠀀𠀀𠀀𠀀𠀀𠀀𠀀𠀀𠀀𠀀𠀀𠀀𠀀𠀀𠀀𠀀𠀀𠀀𠀀𠀀𠀀𠀀𠀀𠀀𠀀𠀀𠀀𠀀𠀀𠀀𠀀𠀀𠀀𠀀𠀀𠀀𠀀𠀀𠀀𠀀𠀀𠀀𠀀𠀀𠀀𠀀𠀀𠀀"}'
E        +  where '{"description": "𠀀𠀀𠀀𠀀𠀀𠀀𠀀𠀀𠀀𠀀𠀀𠀀𠀀𠀀𠀀𠀀𠀀𠀀𠀀𠀀𠀀𠀀𠀀𠀀𠀀𠀀𠀀𠀀𠀀𠀀𠀀𠀀𠀀𠀀𠀀𠀀𠀀𠀀𠀀𠀀𠀀𠀀𠀀𠀀𠀀𠀀𠀀𠀀𠀀𠀀𠀀𠀀𠀀𠀀𠀀𠀀𠀀𠀀𠀀𠀀𠀀𠀀𠀀𠀀𠀀𠀀𠀀𠀀𠀀𠀀𠀀𠀀𠀀𠀀𠀀𠀀𠀀𠀀𠀀𠀀𠀀𠀀𠀀𠀀𠀀𠀀𠀀𠀀𠀀𠀀𠀀𠀀𠀀𠀀𠀀𠀀𠀀𠀀𠀀𠀀...𠀀𠀀𠀀𠀀𠀀𠀀𠀀𠀀𠀀𠀀𠀀𠀀𠀀𠀀𠀀𠀀𠀀𠀀𠀀𠀀𠀀𠀀𠀀𠀀𠀀𠀀𠀀𠀀𠀀𠀀𠀀𠀀𠀀𠀀𠀀𠀀𠀀𠀀𠀀𠀀𠀀𠀀𠀀𠀀𠀀𠀀𠀀𠀀𠀀𠀀𠀀𠀀𠀀𠀀𠀀𠀀𠀀𠀀𠀀𠀀𠀀𠀀𠀀𠀀𠀀𠀀𠀀𠀀𠀀𠀀𠀀𠀀𠀀𠀀𠀀𠀀𠀀𠀀𠀀𠀀𠀀𠀀𠀀𠀀𠀀𠀀𠀀𠀀𠀀𠀀𠀀𠀀𠀀𠀀𠀀𠀀𠀀𠀀𠀀𠀀𠀀𠀀𠀀𠀀𠀀𠀀𠀀𠀀𠀀𠀀𠀀𠀀𠀀𠀀𠀀𠀀"}' = PublicSourcePage(url='https://ir.example.com/notice', redirect_chain=(), body_sha256='4aafb1f70350b1309d9f1f2d234232f4...eved_at='2026-09-06T01:00:00+00:00', capture_sha256='1815fef769f6fd3411aacd3926cbb65017bf3ed011b6b0700af523c99d446552').text

tests/test_lifecycle_source_capacity.py:175: AssertionError
_ test_full_context_reuses_the_retained_text_without_a_second_source_copy[application/xml] _

mime = 'application/xml'

    @pytest.mark.parametrize("mime", ["text/plain", "application/json", "application/xml"])
    def test_full_context_reuses_the_retained_text_without_a_second_source_copy(mime):
        from src.lifecycle_public_sources import _capture_digest
        from src.lifecycle_source_context import select_source_context
        from tests.test_security_lifecycle_web_finding import public_input
    
        text = "\U00020000" * 50000
        if mime == "application/json":
            text = json.dumps({"description": text}, ensure_ascii=False)
        elif mime == "application/xml":
            text = "<description>" + text + "</description>"
        page = replace(source_page(text), mime_type=mime)
        page = replace(page, capture_sha256=_capture_digest(page))
        material = select_source_context(public_input(), page).prompt_material(page)
        assert material["coverage"] == "full_text"
>       assert material["passages"][0]["text"] is page.text
E       AssertionError: assert '<description>𠀀𠀀𠀀𠀀𠀀𠀀𠀀𠀀𠀀𠀀𠀀𠀀𠀀𠀀𠀀𠀀𠀀𠀀𠀀𠀀𠀀𠀀𠀀𠀀𠀀𠀀𠀀𠀀𠀀𠀀𠀀𠀀𠀀𠀀𠀀𠀀𠀀𠀀𠀀𠀀𠀀𠀀𠀀𠀀𠀀𠀀𠀀𠀀𠀀𠀀𠀀𠀀𠀀𠀀𠀀𠀀𠀀𠀀𠀀𠀀𠀀𠀀𠀀𠀀𠀀𠀀𠀀𠀀𠀀𠀀𠀀𠀀𠀀𠀀𠀀𠀀𠀀𠀀𠀀𠀀𠀀𠀀𠀀𠀀𠀀𠀀𠀀𠀀𠀀𠀀𠀀𠀀𠀀𠀀𠀀𠀀𠀀𠀀𠀀𠀀𠀀𠀀𠀀𠀀...𠀀𠀀𠀀𠀀𠀀𠀀𠀀𠀀𠀀𠀀𠀀𠀀𠀀𠀀𠀀𠀀𠀀𠀀𠀀𠀀𠀀𠀀𠀀𠀀𠀀𠀀𠀀𠀀𠀀𠀀𠀀𠀀𠀀𠀀𠀀𠀀𠀀𠀀𠀀𠀀𠀀𠀀𠀀𠀀𠀀𠀀𠀀𠀀𠀀𠀀𠀀𠀀𠀀𠀀𠀀𠀀𠀀𠀀𠀀𠀀𠀀𠀀𠀀𠀀𠀀𠀀𠀀𠀀𠀀𠀀𠀀𠀀𠀀𠀀𠀀𠀀𠀀𠀀𠀀𠀀𠀀𠀀𠀀𠀀𠀀𠀀𠀀𠀀𠀀𠀀𠀀𠀀𠀀𠀀𠀀𠀀𠀀𠀀𠀀𠀀𠀀𠀀𠀀𠀀</description>' is '<description>𠀀𠀀𠀀𠀀𠀀𠀀𠀀𠀀𠀀𠀀𠀀𠀀𠀀𠀀𠀀𠀀𠀀𠀀𠀀𠀀𠀀𠀀𠀀𠀀𠀀𠀀𠀀𠀀𠀀𠀀𠀀𠀀𠀀𠀀𠀀𠀀𠀀𠀀𠀀𠀀𠀀𠀀𠀀𠀀𠀀𠀀𠀀𠀀𠀀𠀀𠀀𠀀𠀀𠀀𠀀𠀀𠀀𠀀𠀀𠀀𠀀𠀀𠀀𠀀𠀀𠀀𠀀𠀀𠀀𠀀𠀀𠀀𠀀𠀀𠀀𠀀𠀀𠀀𠀀𠀀𠀀𠀀𠀀𠀀𠀀𠀀𠀀𠀀𠀀𠀀𠀀𠀀𠀀𠀀𠀀𠀀𠀀𠀀𠀀𠀀𠀀𠀀𠀀𠀀...𠀀𠀀𠀀𠀀𠀀𠀀𠀀𠀀𠀀𠀀𠀀𠀀𠀀𠀀𠀀𠀀𠀀𠀀𠀀𠀀𠀀𠀀𠀀𠀀𠀀𠀀𠀀𠀀𠀀𠀀𠀀𠀀𠀀𠀀𠀀𠀀𠀀𠀀𠀀𠀀𠀀𠀀𠀀𠀀𠀀𠀀𠀀𠀀𠀀𠀀𠀀𠀀𠀀𠀀𠀀𠀀𠀀𠀀𠀀𠀀𠀀𠀀𠀀𠀀𠀀𠀀𠀀𠀀𠀀𠀀𠀀𠀀𠀀𠀀𠀀𠀀𠀀𠀀𠀀𠀀𠀀𠀀𠀀𠀀𠀀𠀀𠀀𠀀𠀀𠀀𠀀𠀀𠀀𠀀𠀀𠀀𠀀𠀀𠀀𠀀𠀀𠀀𠀀𠀀</description>'
E        +  where '<description>𠀀𠀀𠀀𠀀𠀀𠀀𠀀𠀀𠀀𠀀𠀀𠀀𠀀𠀀𠀀𠀀𠀀𠀀𠀀𠀀𠀀𠀀𠀀𠀀𠀀𠀀𠀀𠀀𠀀𠀀𠀀𠀀𠀀𠀀𠀀𠀀𠀀𠀀𠀀𠀀𠀀𠀀𠀀𠀀𠀀𠀀𠀀𠀀𠀀𠀀𠀀𠀀𠀀𠀀𠀀𠀀𠀀𠀀𠀀𠀀𠀀𠀀𠀀𠀀𠀀𠀀𠀀𠀀𠀀𠀀𠀀𠀀𠀀𠀀𠀀𠀀𠀀𠀀𠀀𠀀𠀀𠀀𠀀𠀀𠀀𠀀𠀀𠀀𠀀𠀀𠀀𠀀𠀀𠀀𠀀𠀀𠀀𠀀𠀀𠀀𠀀𠀀𠀀𠀀...𠀀𠀀𠀀𠀀𠀀𠀀𠀀𠀀𠀀𠀀𠀀𠀀𠀀𠀀𠀀𠀀𠀀𠀀𠀀𠀀𠀀𠀀𠀀𠀀𠀀𠀀𠀀𠀀𠀀𠀀𠀀𠀀𠀀𠀀𠀀𠀀𠀀𠀀𠀀𠀀𠀀𠀀𠀀𠀀𠀀𠀀𠀀𠀀𠀀𠀀𠀀𠀀𠀀𠀀𠀀𠀀𠀀𠀀𠀀𠀀𠀀𠀀𠀀𠀀𠀀𠀀𠀀𠀀𠀀𠀀𠀀𠀀𠀀𠀀𠀀𠀀𠀀𠀀𠀀𠀀𠀀𠀀𠀀𠀀𠀀𠀀𠀀𠀀𠀀𠀀𠀀𠀀𠀀𠀀𠀀𠀀𠀀𠀀𠀀𠀀𠀀𠀀𠀀𠀀</description>' = PublicSourcePage(url='https://ir.example.com/notice', redirect_chain=(), body_sha256='8c80363d1b39858f4fe5e405a23b1391...eved_at='2026-09-06T01:00:00+00:00', capture_sha256='9868d8651b2d5c96a830483f5e2aae39bd610045b1d6515d113f4b360a4c67d5').text

tests/test_lifecycle_source_capacity.py:175: AssertionError
- generated xml file: /tmp/lifecycle-capacity-backend-r4/results/full_context_copied-shard-0.xml -
=========================== short test summary info ============================
FAILED tests/test_lifecycle_source_capacity.py::test_full_context_reuses_the_retained_text_without_a_second_source_copy[text/plain]
FAILED tests/test_lifecycle_source_capacity.py::test_full_context_reuses_the_retained_text_without_a_second_source_copy[application/json]
FAILED tests/test_lifecycle_source_capacity.py::test_full_context_reuses_the_retained_text_without_a_second_source_copy[application/xml]
3 failed, 461 passed in 25.60s
