........................................................................ [ 12%]
........................................................................ [ 25%]
.F...................................................................... [ 37%]
........................................................................ [ 50%]
........................................................................ [ 62%]
........................................................................ [ 75%]
........................................................................ [ 88%]
....................................................................     [100%]
=================================== FAILURES ===================================
_____ test_citation_must_have_been_in_model_context_not_merely_stored_page _____

    def test_citation_must_have_been_in_model_context_not_merely_stored_page():
        from src.lifecycle_source_context import SourceContext
        from src.security_lifecycle_web_finding import validate_finding
    
        text = "Only this unrelated header was supplied.\n" + NOTICE
        page = source_page(text)
        context = SourceContext.from_material({
            "version": 1, "source_text_sha256": page.text_sha256,
            "source_bytes": len(text.encode()), "ranges": [[0, text.index("\n")]],
        }, page)
        checked = validate_finding(public_input(), finding_payload(), {"source-1": page},
                                   source_context={"source-1": context.to_material()})
>       assert checked.action is None
E       AssertionError: assert 'terminal_delisting' is None
E        +  where 'terminal_delisting' = ValidatedFinding(finding=WebFinding(source_ticker='OLD', issuer_name='Issuer Old Inc', security_class='Class A common ...:00:00+00:00'),), action='terminal_delisting', block_reasons=(), unique_passage_count=1, independent_source_count=None).action

tests/test_lifecycle_source_context.py:76: AssertionError
- generated xml file: /tmp/lifecycle-capacity-backend-r4/results/unseen_quotes_accepted-shard-2.xml -
=========================== short test summary info ============================
FAILED tests/test_lifecycle_source_context.py::test_citation_must_have_been_in_model_context_not_merely_stored_page
1 failed, 571 passed in 24.51s
