........................................................................ [ 15%]
........................................................................ [ 31%]
...........F............................................................ [ 46%]
........................................................................ [ 62%]
........................................................................ [ 77%]
........................................................................ [ 93%]
................................                                         [100%]
=================================== FAILURES ===================================
________ test_large_page_hash_never_serializes_the_whole_source_at_once ________

monkeypatch = <_pytest.monkeypatch.MonkeyPatch object at 0x7116bf610b20>

    def test_large_page_hash_never_serializes_the_whole_source_at_once(monkeypatch):
        from src import lifecycle_public_sources as sources
    
        page = source_page("\U00020000" * (512 * 1024))
        expected = page.capture_sha256
        original = json.dumps
        chunks = []
    
        def bounded(value, **kwargs):
            if isinstance(value, dict):
                assert len(value.get("text", "")) <= 65536
            if isinstance(value, str):
                assert len(value) <= 65536
                chunks.append(len(value))
            return original(value, **kwargs)
    
        monkeypatch.setattr(sources.json, "dumps", bounded)
>       assert sources._capture_digest(page) == expected

tests/test_lifecycle_source_capacity.py:43: 
_ _ _ _ _ _ _ _ _ _ _ _ _ _ _ _ _ _ _ _ _ _ _ _ _ _ _ _ _ _ _ _ _ _ _ _ _ _ _ _ 
src/lifecycle_public_sources.py:282: in _capture_digest
    return hashlib.sha256(json.dumps(material, sort_keys=True, separators=(",", ":"), ensure_ascii=True).encode()).hexdigest()
_ _ _ _ _ _ _ _ _ _ _ _ _ _ _ _ _ _ _ _ _ _ _ _ _ _ _ _ _ _ _ _ _ _ _ _ _ _ _ _ 

value = {'body_sha256': 'f102240cb68585de65d9f129e018a765eaf4d3149e4966fb50541f1657f64577', 'mime_type': 'text/plain', 'redirect_chain': (), 'retrieved_at': '2026-09-06T01:00:00+00:00', ...}
kwargs = {'ensure_ascii': True, 'separators': (',', ':'), 'sort_keys': True}
@py_assert2 = <built-in method get of dict object at 0x7116c4108380>
@py_assert4 = 'text', @py_assert6 = ''
@py_assert8 = '𠀀𠀀𠀀𠀀𠀀𠀀𠀀𠀀𠀀𠀀𠀀𠀀𠀀𠀀𠀀𠀀𠀀𠀀𠀀𠀀𠀀𠀀𠀀𠀀𠀀𠀀𠀀𠀀𠀀𠀀𠀀𠀀𠀀𠀀𠀀𠀀𠀀𠀀𠀀𠀀𠀀𠀀𠀀𠀀𠀀𠀀𠀀𠀀𠀀𠀀𠀀𠀀𠀀𠀀𠀀𠀀𠀀𠀀𠀀𠀀𠀀𠀀𠀀𠀀𠀀𠀀𠀀𠀀𠀀𠀀𠀀𠀀𠀀𠀀𠀀𠀀𠀀𠀀𠀀𠀀𠀀𠀀𠀀𠀀𠀀𠀀𠀀𠀀𠀀𠀀𠀀𠀀𠀀𠀀𠀀𠀀𠀀𠀀𠀀𠀀𠀀𠀀𠀀𠀀𠀀𠀀𠀀𠀀𠀀𠀀𠀀𠀀𠀀𠀀𠀀𠀀𠀀...𠀀𠀀𠀀𠀀𠀀𠀀𠀀𠀀𠀀𠀀𠀀𠀀𠀀𠀀𠀀𠀀𠀀𠀀𠀀𠀀𠀀𠀀𠀀𠀀𠀀𠀀𠀀𠀀𠀀𠀀𠀀𠀀𠀀𠀀𠀀𠀀𠀀𠀀𠀀𠀀𠀀𠀀𠀀𠀀𠀀𠀀𠀀𠀀𠀀𠀀𠀀𠀀𠀀𠀀𠀀𠀀𠀀𠀀𠀀𠀀𠀀𠀀𠀀𠀀𠀀𠀀𠀀𠀀𠀀𠀀𠀀𠀀𠀀𠀀𠀀𠀀𠀀𠀀𠀀𠀀𠀀𠀀𠀀𠀀𠀀𠀀𠀀𠀀𠀀𠀀𠀀𠀀𠀀𠀀𠀀𠀀𠀀𠀀𠀀𠀀𠀀𠀀𠀀𠀀𠀀𠀀𠀀𠀀𠀀𠀀𠀀𠀀𠀀𠀀𠀀𠀀𠀀𠀀'
@py_assert10 = 524288, @py_assert13 = 65536, @py_assert12 = False

    def bounded(value, **kwargs):
        if isinstance(value, dict):
>           assert len(value.get("text", "")) <= 65536
E           AssertionError: assert 524288 <= 65536
E            +  where 524288 = len('𠀀𠀀𠀀𠀀𠀀𠀀𠀀𠀀𠀀𠀀𠀀𠀀𠀀𠀀𠀀𠀀𠀀𠀀𠀀𠀀𠀀𠀀𠀀𠀀𠀀𠀀𠀀𠀀𠀀𠀀𠀀𠀀𠀀𠀀𠀀𠀀𠀀𠀀𠀀𠀀𠀀𠀀𠀀𠀀𠀀𠀀𠀀𠀀𠀀𠀀𠀀𠀀𠀀𠀀𠀀𠀀𠀀𠀀𠀀𠀀𠀀𠀀𠀀𠀀𠀀𠀀𠀀𠀀𠀀𠀀𠀀𠀀𠀀𠀀𠀀𠀀𠀀𠀀𠀀𠀀𠀀𠀀𠀀𠀀𠀀𠀀𠀀𠀀𠀀𠀀𠀀𠀀𠀀𠀀𠀀𠀀𠀀𠀀𠀀𠀀𠀀𠀀𠀀𠀀𠀀𠀀𠀀𠀀𠀀𠀀𠀀𠀀𠀀𠀀𠀀𠀀𠀀...𠀀𠀀𠀀𠀀𠀀𠀀𠀀𠀀𠀀𠀀𠀀𠀀𠀀𠀀𠀀𠀀𠀀𠀀𠀀𠀀𠀀𠀀𠀀𠀀𠀀𠀀𠀀𠀀𠀀𠀀𠀀𠀀𠀀𠀀𠀀𠀀𠀀𠀀𠀀𠀀𠀀𠀀𠀀𠀀𠀀𠀀𠀀𠀀𠀀𠀀𠀀𠀀𠀀𠀀𠀀𠀀𠀀𠀀𠀀𠀀𠀀𠀀𠀀𠀀𠀀𠀀𠀀𠀀𠀀𠀀𠀀𠀀𠀀𠀀𠀀𠀀𠀀𠀀𠀀𠀀𠀀𠀀𠀀𠀀𠀀𠀀𠀀𠀀𠀀𠀀𠀀𠀀𠀀𠀀𠀀𠀀𠀀𠀀𠀀𠀀𠀀𠀀𠀀𠀀𠀀𠀀𠀀𠀀𠀀𠀀𠀀𠀀𠀀𠀀𠀀𠀀𠀀𠀀')
E            +    where '𠀀𠀀𠀀𠀀𠀀𠀀𠀀𠀀𠀀𠀀𠀀𠀀𠀀𠀀𠀀𠀀𠀀𠀀𠀀𠀀𠀀𠀀𠀀𠀀𠀀𠀀𠀀𠀀𠀀𠀀𠀀𠀀𠀀𠀀𠀀𠀀𠀀𠀀𠀀𠀀𠀀𠀀𠀀𠀀𠀀𠀀𠀀𠀀𠀀𠀀𠀀𠀀𠀀𠀀𠀀𠀀𠀀𠀀𠀀𠀀𠀀𠀀𠀀𠀀𠀀𠀀𠀀𠀀𠀀𠀀𠀀𠀀𠀀𠀀𠀀𠀀𠀀𠀀𠀀𠀀𠀀𠀀𠀀𠀀𠀀𠀀𠀀𠀀𠀀𠀀𠀀𠀀𠀀𠀀𠀀𠀀𠀀𠀀𠀀𠀀𠀀𠀀𠀀𠀀𠀀𠀀𠀀𠀀𠀀𠀀𠀀𠀀𠀀𠀀𠀀𠀀𠀀...𠀀𠀀𠀀𠀀𠀀𠀀𠀀𠀀𠀀𠀀𠀀𠀀𠀀𠀀𠀀𠀀𠀀𠀀𠀀𠀀𠀀𠀀𠀀𠀀𠀀𠀀𠀀𠀀𠀀𠀀𠀀𠀀𠀀𠀀𠀀𠀀𠀀𠀀𠀀𠀀𠀀𠀀𠀀𠀀𠀀𠀀𠀀𠀀𠀀𠀀𠀀𠀀𠀀𠀀𠀀𠀀𠀀𠀀𠀀𠀀𠀀𠀀𠀀𠀀𠀀𠀀𠀀𠀀𠀀𠀀𠀀𠀀𠀀𠀀𠀀𠀀𠀀𠀀𠀀𠀀𠀀𠀀𠀀𠀀𠀀𠀀𠀀𠀀𠀀𠀀𠀀𠀀𠀀𠀀𠀀𠀀𠀀𠀀𠀀𠀀𠀀𠀀𠀀𠀀𠀀𠀀𠀀𠀀𠀀𠀀𠀀𠀀𠀀𠀀𠀀𠀀𠀀𠀀' = <built-in method get of dict object at 0x7116c4108380>('text', '')
E            +      where <built-in method get of dict object at 0x7116c4108380> = {'body_sha256': 'f102240cb68585de65d9f129e018a765eaf4d3149e4966fb50541f1657f64577', 'mime_type': 'text/plain', 'redirect_chain': (), 'retrieved_at': '2026-09-06T01:00:00+00:00', ...}.get

tests/test_lifecycle_source_capacity.py:36: AssertionError
- generated xml file: /tmp/lifecycle-capacity-backend-r2/results/monolithic_capture_hash-shard-0.xml -
=========================== short test summary info ============================
FAILED tests/test_lifecycle_source_capacity.py::test_large_page_hash_never_serializes_the_whole_source_at_once
1 failed, 463 passed in 20.77s
