........................................................................ [ 12%]
........................................................................ [ 25%]
......................................................F................. [ 37%]
........................................................................ [ 50%]
........................................................................ [ 62%]
........................................................................ [ 75%]
........................................................................ [ 88%]
....................................................................     [100%]
=================================== FAILURES ===================================
_ test_source_capacity_is_separate_from_model_tokens_and_bound_to_confirmation _

tmp_path = PosixPath('/dev/shm/lifecycle-capacity-backend-r2/old_decoded_capacity-shard-2/test_source_capacity_is_separa0')
monkeypatch = <_pytest.monkeypatch.MonkeyPatch object at 0x7e7a60fa1360>

    def test_source_capacity_is_separate_from_model_tokens_and_bound_to_confirmation(tmp_path, monkeypatch):
        c = context(tmp_path)
        service, _, _ = setup(c)
        monkeypatch.setattr(service, "_public_input", lambda *args, **kwargs: public_input())
        packet = service.prepare(c["case_id"], question="listing_status")
        values = service.validate_start(c["case_id"], question="listing_status", preflight_sha256=packet["preflight_sha256"])
        assert values["options"].max_source_bytes == packet["limits"]["max_source_bytes"] == 32 * 1024 * 1024
>       assert values["options"].max_decoded_source_bytes == packet["limits"]["max_decoded_source_bytes"] == 128 * 1024 * 1024
E       assert 33554432 == ((128 * 1024) * 1024)

tests/test_lifecycle_web_preflight.py:64: AssertionError
- generated xml file: /tmp/lifecycle-capacity-backend-r2/results/old_decoded_capacity-shard-2.xml -
=========================== short test summary info ============================
FAILED tests/test_lifecycle_web_preflight.py::test_source_capacity_is_separate_from_model_tokens_and_bound_to_confirmation
1 failed, 571 passed in 22.15s
