..........................F............................................. [ 19%]
........................................................................ [ 39%]
........................................................................ [ 58%]
........................................................................ [ 78%]
........................................................................ [ 97%]
.........                                                                [100%]
=================================== FAILURES ===================================
_____ test_progress_poll_does_not_decode_running_source_bodies[controller] _____

tmp_path = PosixPath('/dev/shm/lifecycle-capacity-backend-r2/progress_loads_full_sources-shard-3/test_progress_poll_does_not_de0')
monkeypatch = <_pytest.monkeypatch.MonkeyPatch object at 0x7dc48cf751b0>
entrypoint = 'controller'

    @pytest.mark.parametrize("entrypoint", ["controller", "current_review"])
    def test_progress_poll_does_not_decode_running_source_bodies(tmp_path, monkeypatch, entrypoint):
        from src.lifecycle_web_controller import LifecycleWebController
        from src.lifecycle_web_projection import latest_web_runs
        from src.lifecycle_web_store import LifecycleWebStore
    
        path, store = setup_store(tmp_path)
        identity = start(store)["run_id"]
        store.add_page(identity, owner="worker-1", source_id="source-1", page=source_page("Retained source."))
    
        def forbidden(row):
            raise AssertionError("progress must not decode uncompleted source bodies")
    
        monkeypatch.setattr(LifecycleWebStore, "_decode_page", staticmethod(forbidden))
        if entrypoint == "controller":
            controller = LifecycleWebController(store, credential_loader=lambda _: pytest.fail("provider-free read"))
>           result = controller.read(identity)

tests/test_lifecycle_source_progress.py:25: 
_ _ _ _ _ _ _ _ _ _ _ _ _ _ _ _ _ _ _ _ _ _ _ _ _ _ _ _ _ _ _ _ _ _ _ _ _ _ _ _ 
src/lifecycle_web_controller.py:143: in read
    return project_web_run(self.store.read(identity), at=self.store._now())
src/lifecycle_web_store.py:298: in read
    pages = (self._read_pages(run_id, source_index)
src/lifecycle_web_store.py:224: in _read_pages
    pages[source_id] = self._decode_page(saved)
_ _ _ _ _ _ _ _ _ _ _ _ _ _ _ _ _ _ _ _ _ _ _ _ _ _ _ _ _ _ _ _ _ _ _ _ _ _ _ _ 

row = <sqlite3.Row object at 0x7dc4abb7a6e0>

    def forbidden(row):
>       raise AssertionError("progress must not decode uncompleted source bodies")
E       AssertionError: progress must not decode uncompleted source bodies

tests/test_lifecycle_source_progress.py:20: AssertionError
- generated xml file: /tmp/lifecycle-capacity-backend-r2/results/progress_loads_full_sources-shard-3.xml -
=========================== short test summary info ============================
FAILED tests/test_lifecycle_source_progress.py::test_progress_poll_does_not_decode_running_source_bodies[controller]
1 failed, 368 passed in 16.33s
