........................................................................ [ 15%]
........................................................................ [ 31%]
.....................................F..................FF....F......... [ 46%]
........................................................................ [ 62%]
........................................................................ [ 78%]
........................................................................ [ 93%]
.............................                                            [100%]
=================================== FAILURES ===================================
__ test_persisted_usage_projection_roundtrips_actual_typescript_reader[lost] ___

tmp_path = PosixPath('/dev/shm/lifecycle-usage-backend-r1/missing_counters_become_zero-shard-0/test_persisted_usage_projectio2')
monkeypatch = <_pytest.monkeypatch.MonkeyPatch object at 0x7d32fa7d2bf0>
failure = 'lost'

    @pytest.mark.parametrize("failure", [None, "sources", "lost"])
    def test_persisted_usage_projection_roundtrips_actual_typescript_reader(tmp_path, monkeypatch, failure):
        from tests.test_lifecycle_web_usage_journal import run_pipeline
    
        value, _, _, _, _ = run_pipeline(tmp_path, monkeypatch, failure=failure)
        root = Path(__file__).resolve().parents[1]
        javascript = """
    const fs = require('node:fs'), ts = require('typescript');
    const source = fs.readFileSync(process.argv[1], 'utf8');
    const code = ts.transpileModule(source, {compilerOptions: {target: ts.ScriptTarget.ES2022, module: ts.ModuleKind.CommonJS}}).outputText;
    const exports = {};
    new Function('exports', code)(exports);
    process.stdout.write(JSON.stringify(exports.parseWebRun(JSON.parse(fs.readFileSync(0, 'utf8')))));
    """
>       result = subprocess.run(["node", "-e", javascript, str(root / "apps/arkscope-web/src/lifecycle/webContract.ts")],
                                cwd=root, input=json.dumps(value), capture_output=True, text=True, timeout=20, check=True)

tests/test_lifecycle_web_frontend_contract.py:41: 
_ _ _ _ _ _ _ _ _ _ _ _ _ _ _ _ _ _ _ _ _ _ _ _ _ _ _ _ _ _ _ _ _ _ _ _ _ _ _ _ 

input = '{"version": 1, "run_id": "lwr_dc857c1acbcc456ba8786fe6add4aa74", "case_id": "case-1", "ticker": "OLD", "status": "rem...ull, "web_search_requests": null}]}, "source_reading": null, "source_reads": [], "source_gaps": null, "finding": null}'
capture_output = True, timeout = 20, check = True
popenargs = (['node', '-e', "\nconst fs = require('node:fs'), ts = require('typescript');\nconst source = fs.readFileSync(process....FileSync(0, 'utf8')))));\n", '/tmp/lifecycle-usage-backend-r1/source/apps/arkscope-web/src/lifecycle/webContract.ts'],)
kwargs = {'cwd': PosixPath('/tmp/lifecycle-usage-backend-r1/source'), 'stderr': -1, 'stdin': -1, 'stdout': -1, ...}
process = <Popen: returncode: 1 args: ['node', '-e', "\nconst fs = require('node:fs'),...>
stdout = ''
stderr = '<anonymous_script>:15\nfunction invalid() { throw new Error("lifecycle_web_payload_invalid"); }\n                    ...\n    at [eval]-wrapper:6:24\n    at runScriptInContext (node:internal/process/execution:447:60)\n\nNode.js v22.14.0\n'
retcode = 1

    def run(*popenargs,
            input=None, capture_output=False, timeout=None, check=False, **kwargs):
        """Run command with arguments and return a CompletedProcess instance.
    
        The returned instance will have attributes args, returncode, stdout and
        stderr. By default, stdout and stderr are not captured, and those attributes
        will be None. Pass stdout=PIPE and/or stderr=PIPE in order to capture them,
        or pass capture_output=True to capture both.
    
        If check is True and the exit code was non-zero, it raises a
        CalledProcessError. The CalledProcessError object will have the return code
        in the returncode attribute, and output & stderr attributes if those streams
        were captured.
    
        If timeout is given, and the process takes too long, a TimeoutExpired
        exception will be raised.
    
        There is an optional argument "input", allowing you to
        pass bytes or a string to the subprocess's stdin.  If you use this argument
        you may not also use the Popen constructor's "stdin" argument, as
        it will be used internally.
    
        By default, all communication is in bytes, and therefore any "input" should
        be bytes, and the stdout and stderr will be bytes. If in text mode, any
        "input" should be a string, and stdout and stderr will be strings decoded
        according to locale encoding, or by "encoding" if set. Text mode is
        triggered by setting any of text, encoding, errors or universal_newlines.
    
        The other arguments are the same as for the Popen constructor.
        """
        if input is not None:
            if kwargs.get('stdin') is not None:
                raise ValueError('stdin and input arguments may not both be used.')
            kwargs['stdin'] = PIPE
    
        if capture_output:
            if kwargs.get('stdout') is not None or kwargs.get('stderr') is not None:
                raise ValueError('stdout and stderr arguments may not be used '
                                 'with capture_output.')
            kwargs['stdout'] = PIPE
            kwargs['stderr'] = PIPE
    
        with Popen(*popenargs, **kwargs) as process:
            try:
                stdout, stderr = process.communicate(input, timeout=timeout)
            except TimeoutExpired as exc:
                process.kill()
                if _mswindows:
                    # Windows accumulates the output in a single blocking
                    # read() call run on child threads, with the timeout
                    # being done in a join() on those threads.  communicate()
                    # _after_ kill() is required to collect that and add it
                    # to the exception.
                    exc.stdout, exc.stderr = process.communicate()
                else:
                    # POSIX _communicate already populated the output so
                    # far into the TimeoutExpired exception.
                    process.wait()
                raise
            except:  # Including KeyboardInterrupt, communicate handled that.
                process.kill()
                # We don't call process.wait() as .__exit__ does that for us.
                raise
            retcode = process.poll()
            if check and retcode:
>               raise CalledProcessError(retcode, process.args,
                                         output=stdout, stderr=stderr)
E               subprocess.CalledProcessError: Command '['node', '-e', "\nconst fs = require('node:fs'), ts = require('typescript');\nconst source = fs.readFileSync(process.argv[1], 'utf8');\nconst code = ts.transpileModule(source, {compilerOptions: {target: ts.ScriptTarget.ES2022, module: ts.ModuleKind.CommonJS}}).outputText;\nconst exports = {};\nnew Function('exports', code)(exports);\nprocess.stdout.write(JSON.stringify(exports.parseWebRun(JSON.parse(fs.readFileSync(0, 'utf8')))));\n", '/tmp/lifecycle-usage-backend-r1/source/apps/arkscope-web/src/lifecycle/webContract.ts']' returned non-zero exit status 1.

/usr/lib/python3.10/subprocess.py:526: CalledProcessError
_ test_unreported_analysis_is_unknown_not_zero_or_success_while_search_usage_survives[analysis-failed] _

tmp_path = PosixPath('/dev/shm/lifecycle-usage-backend-r1/missing_counters_become_zero-shard-0/test_unreported_analysis_is_un0')
monkeypatch = <_pytest.monkeypatch.MonkeyPatch object at 0x7d32d98d70a0>
failure = 'analysis', status = 'failed'

    @pytest.mark.parametrize("failure,status", [("analysis", "failed"), ("lost", "remote_outcome_unknown")])
    def test_unreported_analysis_is_unknown_not_zero_or_success_while_search_usage_survives(tmp_path, monkeypatch, failure, status):
        result, _, calls, _, _ = run_pipeline(tmp_path, monkeypatch, failure=failure)
        assert result["status"] == status and result["finding"] is None and len(calls) == 2
>       assert result["model_submissions"] == 2 and result["usage"] == {"input_tokens": None, "output_tokens": None}
E       AssertionError: assert (2 == 2 and {'input_token...ut_tokens': 0} == {'input_token...tokens': None}
E         
E         Differing items:
E         {'output_tokens': 0} != {'output_tokens': None}
E         {'input_tokens': 0} != {'input_tokens': None}
E         Use -v to get more diff)

tests/test_lifecycle_web_usage_journal.py:79: AssertionError
_ test_unreported_analysis_is_unknown_not_zero_or_success_while_search_usage_survives[lost-remote_outcome_unknown] _

tmp_path = PosixPath('/dev/shm/lifecycle-usage-backend-r1/missing_counters_become_zero-shard-0/test_unreported_analysis_is_un1')
monkeypatch = <_pytest.monkeypatch.MonkeyPatch object at 0x7d32d972ed40>
failure = 'lost', status = 'remote_outcome_unknown'

    @pytest.mark.parametrize("failure,status", [("analysis", "failed"), ("lost", "remote_outcome_unknown")])
    def test_unreported_analysis_is_unknown_not_zero_or_success_while_search_usage_survives(tmp_path, monkeypatch, failure, status):
        result, _, calls, _, _ = run_pipeline(tmp_path, monkeypatch, failure=failure)
        assert result["status"] == status and result["finding"] is None and len(calls) == 2
>       assert result["model_submissions"] == 2 and result["usage"] == {"input_tokens": None, "output_tokens": None}
E       AssertionError: assert (2 == 2 and {'input_token...ut_tokens': 0} == {'input_token...tokens': None}
E         
E         Differing items:
E         {'output_tokens': 0} != {'output_tokens': None}
E         {'input_tokens': 0} != {'input_tokens': None}
E         Use -v to get more diff)

tests/test_lifecycle_web_usage_journal.py:79: AssertionError
_ test_valid_result_with_no_reported_counters_remains_success_but_usage_unknown _

tmp_path = PosixPath('/dev/shm/lifecycle-usage-backend-r1/missing_counters_become_zero-shard-0/test_valid_result_with_no_repo0')
monkeypatch = <_pytest.monkeypatch.MonkeyPatch object at 0x7d32d98d7a90>

    def test_valid_result_with_no_reported_counters_remains_success_but_usage_unknown(tmp_path, monkeypatch):
        result, _, _, _, _ = run_pipeline(tmp_path, monkeypatch, unknown=True)
>       assert result["status"] == "succeeded" and result["finding"]["action"] == "terminal_delisting"
E       AssertionError: assert ('failed' == 'succeeded'
E         
E         - succeeded
E         + failed)

tests/test_lifecycle_web_usage_journal.py:98: AssertionError
- generated xml file: /tmp/lifecycle-usage-backend-r1/results/missing_counters_become_zero-shard-0.xml -
=========================== short test summary info ============================
FAILED tests/test_lifecycle_web_frontend_contract.py::test_persisted_usage_projection_roundtrips_actual_typescript_reader[lost]
FAILED tests/test_lifecycle_web_usage_journal.py::test_unreported_analysis_is_unknown_not_zero_or_success_while_search_usage_survives[analysis-failed]
FAILED tests/test_lifecycle_web_usage_journal.py::test_unreported_analysis_is_unknown_not_zero_or_success_while_search_usage_survives[lost-remote_outcome_unknown]
FAILED tests/test_lifecycle_web_usage_journal.py::test_valid_result_with_no_reported_counters_remains_success_but_usage_unknown
4 failed, 457 passed in 21.02s
