........................................................................ [ 17%]
........................................................................ [ 35%]
....F.F................................................................. [ 53%]
........................................................................ [ 71%]
........................................................................ [ 89%]
............................................                             [100%]
=================================== FAILURES ===================================
_ test_web_confirmation_rejects_changed_material_without_partial_human_adoption[membership] _

tmp_path = PosixPath('/dev/shm/lifecycle-gap-backend-r1/changed_disclosure_digest_ignored-shard-1/test_web_confirmation_rejects_0')
change = 'membership'

    @pytest.mark.parametrize("change", ["membership", "new_observation", "evidence", "future_lease", "open_position"])
    def test_web_confirmation_rejects_changed_material_without_partial_human_adoption(tmp_path, change):
        c = context(tmp_path)
        packet = prepare(c)
        if change == "membership":
            ProfileStateStore(c["profile"]).import_lists([{"name": "New", "kind": "custom", "tickers": ["OLD"]}])
        elif change == "new_observation":
            c["checks"].record(ticker="OLD", at="2026-09-06T01:01:00Z", evidence=(), diagnostics={}, blockers=("massive_unavailable",))
            c["now"][0] = "2026-09-06T01:01:00Z"
        elif change == "evidence":
            with sqlite3.connect(c["profile"]) as conn:
                SecurityLifecycleInvestigationStore(conn).add_evidence(case_id=c["case_id"], run_id=None, kind="manual_text", adapter="manual",
                    excerpt="Contradictory evidence", source_url=None, title=None, publisher=None, domain=None, source_published_at=None,
                    retrieved_at=None, mime_type=None, document_status=None, at=c["now"][0])
        elif change == "future_lease":
            c["now"][0] = "2026-09-10T01:00:00Z"
        else:
            # Use the same authoritative open-position source as ordinary review.
            c["service"]._read_service.sources_by_ticker = lambda: {"OLD": ("manual_lists", "portfolio_open"), "LIVE": ("manual_lists",)}
        before = rows(c)
        with pytest.raises((ValueError, RuntimeError), match="review_changed|web_review_ineligible"):
>           confirm(c, packet)

tests/test_lifecycle_web_review.py:140: 
_ _ _ _ _ _ _ _ _ _ _ _ _ _ _ _ _ _ _ _ _ _ _ _ _ _ _ _ _ _ _ _ _ _ _ _ _ _ _ _ 
tests/test_lifecycle_web_review.py:74: in confirm
    return confirm(c["service"], c["run_id"], packet_sha256=packet["packet_sha256"],
src/lifecycle_web_review.py:248: in confirm
    preview = approved_preview(conn, packet=packet, case=case, assessment=assessment, confirmation=confirmation, at=at)
src/security_lifecycle_review.py:230: in approved_preview
    preview = build_transition_preview(conn, case=case, assessment=assessment,
src/ticker_identity_transition.py:864: in build_transition_preview
    web_blockers = web_transition_guard(conn, assessment=assessment, observation_sha256=observation_fingerprint,
src/lifecycle_web_review.py:168: in web_transition_guard
    accepted = acceptance_for(conn, identity)
_ _ _ _ _ _ _ _ _ _ _ _ _ _ _ _ _ _ _ _ _ _ _ _ _ _ _ _ _ _ _ _ _ _ _ _ _ _ _ _ 

conn = <sqlite3.Connection object at 0x783313696c40>
assessment_id = 'sla_web_239cee289142a10e7ef08d4c1586e9c0'

    def acceptance_for(conn, assessment_id):
        if not conn.execute("SELECT 1 FROM sqlite_master WHERE type='table' AND name='lifecycle_web_acceptances'").fetchone():
            return None
        row = conn.execute("SELECT * FROM lifecycle_web_acceptances WHERE assessment_id=?", (assessment_id,)).fetchone()
        if row is None:
            return None
        verify_web_journal(conn)
        value = dict(row)
        packet = json.loads(value["packet_json"])
        if (packet_digest(packet) != value["packet_sha256"] or packet.get("packet_sha256") != value["packet_sha256"]
                or packet.get("assessment_id") != assessment_id or packet.get("lane") != "web"
                or packet.get("web", {}).get("run_id") != value["run_id"] or value["actor"] != "attended_user"):
>           raise ValueError("web_acceptance_invalid")
E           ValueError: web_acceptance_invalid

src/lifecycle_web_review.py:41: ValueError

During handling of the above exception, another exception occurred:

tmp_path = PosixPath('/dev/shm/lifecycle-gap-backend-r1/changed_disclosure_digest_ignored-shard-1/test_web_confirmation_rejects_0')
change = 'membership'

    @pytest.mark.parametrize("change", ["membership", "new_observation", "evidence", "future_lease", "open_position"])
    def test_web_confirmation_rejects_changed_material_without_partial_human_adoption(tmp_path, change):
        c = context(tmp_path)
        packet = prepare(c)
        if change == "membership":
            ProfileStateStore(c["profile"]).import_lists([{"name": "New", "kind": "custom", "tickers": ["OLD"]}])
        elif change == "new_observation":
            c["checks"].record(ticker="OLD", at="2026-09-06T01:01:00Z", evidence=(), diagnostics={}, blockers=("massive_unavailable",))
            c["now"][0] = "2026-09-06T01:01:00Z"
        elif change == "evidence":
            with sqlite3.connect(c["profile"]) as conn:
                SecurityLifecycleInvestigationStore(conn).add_evidence(case_id=c["case_id"], run_id=None, kind="manual_text", adapter="manual",
                    excerpt="Contradictory evidence", source_url=None, title=None, publisher=None, domain=None, source_published_at=None,
                    retrieved_at=None, mime_type=None, document_status=None, at=c["now"][0])
        elif change == "future_lease":
            c["now"][0] = "2026-09-10T01:00:00Z"
        else:
            # Use the same authoritative open-position source as ordinary review.
            c["service"]._read_service.sources_by_ticker = lambda: {"OLD": ("manual_lists", "portfolio_open"), "LIVE": ("manual_lists",)}
        before = rows(c)
>       with pytest.raises((ValueError, RuntimeError), match="review_changed|web_review_ineligible"):
E       AssertionError: Regex pattern did not match.
E        Regex: 'review_changed|web_review_ineligible'
E        Input: 'web_acceptance_invalid'

tests/test_lifecycle_web_review.py:139: AssertionError
_ test_web_confirmation_rejects_changed_material_without_partial_human_adoption[evidence] _

tmp_path = PosixPath('/dev/shm/lifecycle-gap-backend-r1/changed_disclosure_digest_ignored-shard-1/test_web_confirmation_rejects_2')
change = 'evidence'

    @pytest.mark.parametrize("change", ["membership", "new_observation", "evidence", "future_lease", "open_position"])
    def test_web_confirmation_rejects_changed_material_without_partial_human_adoption(tmp_path, change):
        c = context(tmp_path)
        packet = prepare(c)
        if change == "membership":
            ProfileStateStore(c["profile"]).import_lists([{"name": "New", "kind": "custom", "tickers": ["OLD"]}])
        elif change == "new_observation":
            c["checks"].record(ticker="OLD", at="2026-09-06T01:01:00Z", evidence=(), diagnostics={}, blockers=("massive_unavailable",))
            c["now"][0] = "2026-09-06T01:01:00Z"
        elif change == "evidence":
            with sqlite3.connect(c["profile"]) as conn:
                SecurityLifecycleInvestigationStore(conn).add_evidence(case_id=c["case_id"], run_id=None, kind="manual_text", adapter="manual",
                    excerpt="Contradictory evidence", source_url=None, title=None, publisher=None, domain=None, source_published_at=None,
                    retrieved_at=None, mime_type=None, document_status=None, at=c["now"][0])
        elif change == "future_lease":
            c["now"][0] = "2026-09-10T01:00:00Z"
        else:
            # Use the same authoritative open-position source as ordinary review.
            c["service"]._read_service.sources_by_ticker = lambda: {"OLD": ("manual_lists", "portfolio_open"), "LIVE": ("manual_lists",)}
        before = rows(c)
        with pytest.raises((ValueError, RuntimeError), match="review_changed|web_review_ineligible"):
>           confirm(c, packet)

tests/test_lifecycle_web_review.py:140: 
_ _ _ _ _ _ _ _ _ _ _ _ _ _ _ _ _ _ _ _ _ _ _ _ _ _ _ _ _ _ _ _ _ _ _ _ _ _ _ _ 
tests/test_lifecycle_web_review.py:74: in confirm
    return confirm(c["service"], c["run_id"], packet_sha256=packet["packet_sha256"],
src/lifecycle_web_review.py:248: in confirm
    preview = approved_preview(conn, packet=packet, case=case, assessment=assessment, confirmation=confirmation, at=at)
src/security_lifecycle_review.py:230: in approved_preview
    preview = build_transition_preview(conn, case=case, assessment=assessment,
src/ticker_identity_transition.py:864: in build_transition_preview
    web_blockers = web_transition_guard(conn, assessment=assessment, observation_sha256=observation_fingerprint,
src/lifecycle_web_review.py:168: in web_transition_guard
    accepted = acceptance_for(conn, identity)
_ _ _ _ _ _ _ _ _ _ _ _ _ _ _ _ _ _ _ _ _ _ _ _ _ _ _ _ _ _ _ _ _ _ _ _ _ _ _ _ 

conn = <sqlite3.Connection object at 0x7833131ccc40>
assessment_id = 'sla_web_c44062bf6920dde51fcee754977307fe'

    def acceptance_for(conn, assessment_id):
        if not conn.execute("SELECT 1 FROM sqlite_master WHERE type='table' AND name='lifecycle_web_acceptances'").fetchone():
            return None
        row = conn.execute("SELECT * FROM lifecycle_web_acceptances WHERE assessment_id=?", (assessment_id,)).fetchone()
        if row is None:
            return None
        verify_web_journal(conn)
        value = dict(row)
        packet = json.loads(value["packet_json"])
        if (packet_digest(packet) != value["packet_sha256"] or packet.get("packet_sha256") != value["packet_sha256"]
                or packet.get("assessment_id") != assessment_id or packet.get("lane") != "web"
                or packet.get("web", {}).get("run_id") != value["run_id"] or value["actor"] != "attended_user"):
>           raise ValueError("web_acceptance_invalid")
E           ValueError: web_acceptance_invalid

src/lifecycle_web_review.py:41: ValueError

During handling of the above exception, another exception occurred:

tmp_path = PosixPath('/dev/shm/lifecycle-gap-backend-r1/changed_disclosure_digest_ignored-shard-1/test_web_confirmation_rejects_2')
change = 'evidence'

    @pytest.mark.parametrize("change", ["membership", "new_observation", "evidence", "future_lease", "open_position"])
    def test_web_confirmation_rejects_changed_material_without_partial_human_adoption(tmp_path, change):
        c = context(tmp_path)
        packet = prepare(c)
        if change == "membership":
            ProfileStateStore(c["profile"]).import_lists([{"name": "New", "kind": "custom", "tickers": ["OLD"]}])
        elif change == "new_observation":
            c["checks"].record(ticker="OLD", at="2026-09-06T01:01:00Z", evidence=(), diagnostics={}, blockers=("massive_unavailable",))
            c["now"][0] = "2026-09-06T01:01:00Z"
        elif change == "evidence":
            with sqlite3.connect(c["profile"]) as conn:
                SecurityLifecycleInvestigationStore(conn).add_evidence(case_id=c["case_id"], run_id=None, kind="manual_text", adapter="manual",
                    excerpt="Contradictory evidence", source_url=None, title=None, publisher=None, domain=None, source_published_at=None,
                    retrieved_at=None, mime_type=None, document_status=None, at=c["now"][0])
        elif change == "future_lease":
            c["now"][0] = "2026-09-10T01:00:00Z"
        else:
            # Use the same authoritative open-position source as ordinary review.
            c["service"]._read_service.sources_by_ticker = lambda: {"OLD": ("manual_lists", "portfolio_open"), "LIVE": ("manual_lists",)}
        before = rows(c)
>       with pytest.raises((ValueError, RuntimeError), match="review_changed|web_review_ineligible"):
E       AssertionError: Regex pattern did not match.
E        Regex: 'review_changed|web_review_ineligible'
E        Input: 'web_acceptance_invalid'

tests/test_lifecycle_web_review.py:139: AssertionError
- generated xml file: /tmp/lifecycle-gap-backend-r1/results/changed_disclosure_digest_ignored-shard-1.xml -
=========================== short test summary info ============================
FAILED tests/test_lifecycle_web_review.py::test_web_confirmation_rejects_changed_material_without_partial_human_adoption[membership]
FAILED tests/test_lifecycle_web_review.py::test_web_confirmation_rejects_changed_material_without_partial_human_adoption[evidence]
2 failed, 402 passed in 18.85s
