........................................................................ [ 12%]
........................................................................ [ 24%]
.......................................................................F [ 36%]
F....................................................................... [ 48%]
........................................................................ [ 60%]
........................................................................ [ 72%]
........................................................................ [ 84%]
........................................................................ [ 96%]
..................                                                       [100%]
=================================== FAILURES ===================================
_________ test_direct_adoption_requires_literal_gap_acknowledgement[1] _________

tmp_path = PosixPath('/dev/shm/lifecycle-gap-backend-r1/truthy_acknowledgement_is_accepted-shard-0/test_direct_adoption_requires_2')
acknowledgement = 1

    @pytest.mark.parametrize("acknowledgement", [False, None, 1, "true"])
    def test_direct_adoption_requires_literal_gap_acknowledgement(tmp_path, acknowledgement):
        from src.lifecycle_web_review import confirm as adopt
        c = context(tmp_path, completion=COMPLETION)
        packet = prepare(c)
        before = rows(c)
>       with pytest.raises(WebJournalError, match="web_source_gaps_not_acknowledged"):
E       Failed: DID NOT RAISE <class 'src.lifecycle_web_schema.WebJournalError'>

tests/test_lifecycle_web_gaps.py:99: Failed
_______ test_direct_adoption_requires_literal_gap_acknowledgement[true] ________

tmp_path = PosixPath('/dev/shm/lifecycle-gap-backend-r1/truthy_acknowledgement_is_accepted-shard-0/test_direct_adoption_requires_3')
acknowledgement = 'true'

    @pytest.mark.parametrize("acknowledgement", [False, None, 1, "true"])
    def test_direct_adoption_requires_literal_gap_acknowledgement(tmp_path, acknowledgement):
        from src.lifecycle_web_review import confirm as adopt
        c = context(tmp_path, completion=COMPLETION)
        packet = prepare(c)
        before = rows(c)
>       with pytest.raises(WebJournalError, match="web_source_gaps_not_acknowledged"):
E       Failed: DID NOT RAISE <class 'src.lifecycle_web_schema.WebJournalError'>

tests/test_lifecycle_web_gaps.py:99: Failed
- generated xml file: /tmp/lifecycle-gap-backend-r1/results/truthy_acknowledgement_is_accepted-shard-0.xml -
=========================== short test summary info ============================
FAILED tests/test_lifecycle_web_gaps.py::test_direct_adoption_requires_literal_gap_acknowledgement[1]
FAILED tests/test_lifecycle_web_gaps.py::test_direct_adoption_requires_literal_gap_acknowledgement[true]
2 failed, 592 passed in 30.04s
