Task 3 inverse mutations (each restored immediately after its run).

1. common.py parse_float=_decimal_number -> float
F                                                                        [100%]
=================================== FAILURES ===================================
____________ test_decode_preserves_exact_decimal_and_large_integer _____________
tests/test_sec_research_common.py:30: in test_decode_preserves_exact_decimal_and_large_integer
    assert result["value"] == Decimal("1234567890.123456789012345678900")
E   AssertionError: assert 1234567890.1234567 == Decimal('1234567890.123456789012345678900')
E    +  where Decimal('1234567890.123456789012345678900') = Decimal('1234567890.123456789012345678900')
=========================== short test summary info ============================
FAILED tests/test_sec_research_common.py::test_decode_preserves_exact_decimal_and_large_integer
1 failed in 0.22s

2. catalog.py report-date parser -> filed
F                                                                        [100%]
=================================== FAILURES ===================================
________ test_catalog_preserves_report_filed_accepted_dates_separately _________
tests/test_sec_research_catalog.py:54: in test_catalog_preserves_report_filed_accepted_dates_separately
    assert (filing.filed_date, filing.report_date, filing.accepted_at) == ("2026-05-01", "2026-03-31", "2026-05-01T00:30:15Z")
E   AssertionError: assert ('2026-05-01'...01T00:30:15Z') == ('2026-05-01'...01T00:30:15Z')
E     
E     At index 1 diff: '2026-05-01' != '2026-03-31'
E     Use -v to get more diff
=========================== short test summary info ============================
FAILED tests/test_sec_research_catalog.py::test_catalog_preserves_report_filed_accepted_dates_separately
1 failed in 0.20s

3. catalog.py alignment error -> empty tuple success
FFFFFF....                                                               [100%]
=================================== FAILURES ===================================
___ test_misaligned_arrays_never_yield_a_partial_success[form-value0-False] ____
tests/test_sec_research_catalog.py:81: in test_misaligned_arrays_never_yield_a_partial_success
    with pytest.raises(catalog.SourceError) as caught:
E   Failed: DID NOT RAISE <class 'src.sec_research.common.SourceError'>
____ test_misaligned_arrays_never_yield_a_partial_success[form-value0-True] ____
tests/test_sec_research_catalog.py:81: in test_misaligned_arrays_never_yield_a_partial_success
    with pytest.raises(catalog.SourceError) as caught:
E   Failed: DID NOT RAISE <class 'src.sec_research.common.SourceError'>
_ test_misaligned_arrays_never_yield_a_partial_success[reportDate-value1-False] _
tests/test_sec_research_catalog.py:81: in test_misaligned_arrays_never_yield_a_partial_success
    with pytest.raises(catalog.SourceError) as caught:
E   Failed: DID NOT RAISE <class 'src.sec_research.common.SourceError'>
_ test_misaligned_arrays_never_yield_a_partial_success[reportDate-value1-True] _
tests/test_sec_research_catalog.py:81: in test_misaligned_arrays_never_yield_a_partial_success
    with pytest.raises(catalog.SourceError) as caught:
E   Failed: DID NOT RAISE <class 'src.sec_research.common.SourceError'>
___ test_misaligned_arrays_never_yield_a_partial_success[extra-value2-False] ___
tests/test_sec_research_catalog.py:81: in test_misaligned_arrays_never_yield_a_partial_success
    with pytest.raises(catalog.SourceError) as caught:
E   Failed: DID NOT RAISE <class 'src.sec_research.common.SourceError'>
___ test_misaligned_arrays_never_yield_a_partial_success[extra-value2-True] ____
tests/test_sec_research_catalog.py:81: in test_misaligned_arrays_never_yield_a_partial_success
    with pytest.raises(catalog.SourceError) as caught:
E   Failed: DID NOT RAISE <class 'src.sec_research.common.SourceError'>
=========================== short test summary info ============================
FAILED tests/test_sec_research_catalog.py::test_misaligned_arrays_never_yield_a_partial_success[form-value0-False]
FAILED tests/test_sec_research_catalog.py::test_misaligned_arrays_never_yield_a_partial_success[form-value0-True]
FAILED tests/test_sec_research_catalog.py::test_misaligned_arrays_never_yield_a_partial_success[reportDate-value1-False]
FAILED tests/test_sec_research_catalog.py::test_misaligned_arrays_never_yield_a_partial_success[reportDate-value1-True]
FAILED tests/test_sec_research_catalog.py::test_misaligned_arrays_never_yield_a_partial_success[extra-value2-False]
FAILED tests/test_sec_research_catalog.py::test_misaligned_arrays_never_yield_a_partial_success[extra-value2-True]
6 failed, 4 passed in 0.21s

