........................................................................ [ 16%]
........................................................................ [ 32%]
........F............................................................... [ 49%]
........................................................................ [ 65%]
........................................................................ [ 82%]
........................................................................ [ 98%]
.....                                                                    [100%]
=================================== FAILURES ===================================
_ test_unbound_same_class_event_from_another_issuer_does_not_supply_stock_change _

    def test_unbound_same_class_event_from_another_issuer_does_not_supply_stock_change():
        other = "Other Issuer Class A common stock (OTHER) was delisted from NASDAQ effective September 1, 2026."
        payload = finding_payload(citations=[citation(IDENTITY, ["security_identity"]),
            citation(other, ["listing_ended", "effective_date"], "source-2")])
        result = validate_finding(public_input(), payload, {"source-1": source_page(IDENTITY),
            "source-2": source_page(other, "https://other.example.com/notice")})
>       assert result.action is None and "listing_change_not_supported" in result.block_reasons
E       AssertionError: assert ('terminal_delisting' is None)
E        +  where 'terminal_delisting' = ValidatedFinding(finding=WebFinding(source_ticker='OLD', issuer_name='Issuer Old Inc', security_class='Class A common ...1:00:00+00:00')), action='terminal_delisting', block_reasons=(), unique_passage_count=2, independent_source_count=None).action

tests/test_lifecycle_web_instrument_scope.py:98: AssertionError
- generated xml file: /dev/shm/lifecycle-instrument-campaign-r1/results/event_identity_anchor_removed-shard-1.xml -
=========================== short test summary info ============================
FAILED tests/test_lifecycle_web_instrument_scope.py::test_unbound_same_class_event_from_another_issuer_does_not_supply_stock_change
1 failed, 436 passed in 18.44s
