........................................................................ [ 16%]
.................................................................FFFFFF. [ 32%]
FF...................................................................... [ 49%]
........................................................................ [ 65%]
........................................................................ [ 82%]
........................................................................ [ 98%]
.....                                                                    [100%]
=================================== FAILURES ===================================
_ test_other_instrument_delisting_never_combines_with_stock_identity[False-senior notes] _

other_class = 'senior notes', same_source = False

    @pytest.mark.parametrize("other_class", ["senior notes", "preferred stock", "call options"])
    @pytest.mark.parametrize("same_source", [False, True])
    def test_other_instrument_delisting_never_combines_with_stock_identity(other_class, same_source):
        event = f"Issuer Old Inc {other_class} (OLDX) were delisted from NASDAQ effective September 1, 2026."
        source_id = "source-1" if same_source else "source-2"
        pages = {"source-1": source_page(IDENTITY + "\n" + event if same_source else IDENTITY)}
        if not same_source:
            pages[source_id] = source_page(event, "https://ir.example.com/other-security")
        payload = finding_payload(citations=[citation(IDENTITY, ["security_identity"]),
            citation(event, ["listing_ended", "effective_date"], source_id)])
        result = validate_finding(public_input(), payload, pages)
>       assert result.action is None
E       AssertionError: assert 'terminal_delisting' is None
E        +  where 'terminal_delisting' = ValidatedFinding(finding=WebFinding(source_ticker='OLD', issuer_name='Issuer Old Inc', security_class='Class A common ...1:00:00+00:00')), action='terminal_delisting', block_reasons=(), unique_passage_count=2, independent_source_count=None).action

tests/test_lifecycle_web_instrument_scope.py:34: AssertionError
_ test_other_instrument_delisting_never_combines_with_stock_identity[False-preferred stock] _

other_class = 'preferred stock', same_source = False

    @pytest.mark.parametrize("other_class", ["senior notes", "preferred stock", "call options"])
    @pytest.mark.parametrize("same_source", [False, True])
    def test_other_instrument_delisting_never_combines_with_stock_identity(other_class, same_source):
        event = f"Issuer Old Inc {other_class} (OLDX) were delisted from NASDAQ effective September 1, 2026."
        source_id = "source-1" if same_source else "source-2"
        pages = {"source-1": source_page(IDENTITY + "\n" + event if same_source else IDENTITY)}
        if not same_source:
            pages[source_id] = source_page(event, "https://ir.example.com/other-security")
        payload = finding_payload(citations=[citation(IDENTITY, ["security_identity"]),
            citation(event, ["listing_ended", "effective_date"], source_id)])
        result = validate_finding(public_input(), payload, pages)
>       assert result.action is None
E       AssertionError: assert 'terminal_delisting' is None
E        +  where 'terminal_delisting' = ValidatedFinding(finding=WebFinding(source_ticker='OLD', issuer_name='Issuer Old Inc', security_class='Class A common ...1:00:00+00:00')), action='terminal_delisting', block_reasons=(), unique_passage_count=2, independent_source_count=None).action

tests/test_lifecycle_web_instrument_scope.py:34: AssertionError
_ test_other_instrument_delisting_never_combines_with_stock_identity[False-call options] _

other_class = 'call options', same_source = False

    @pytest.mark.parametrize("other_class", ["senior notes", "preferred stock", "call options"])
    @pytest.mark.parametrize("same_source", [False, True])
    def test_other_instrument_delisting_never_combines_with_stock_identity(other_class, same_source):
        event = f"Issuer Old Inc {other_class} (OLDX) were delisted from NASDAQ effective September 1, 2026."
        source_id = "source-1" if same_source else "source-2"
        pages = {"source-1": source_page(IDENTITY + "\n" + event if same_source else IDENTITY)}
        if not same_source:
            pages[source_id] = source_page(event, "https://ir.example.com/other-security")
        payload = finding_payload(citations=[citation(IDENTITY, ["security_identity"]),
            citation(event, ["listing_ended", "effective_date"], source_id)])
        result = validate_finding(public_input(), payload, pages)
>       assert result.action is None
E       AssertionError: assert 'terminal_delisting' is None
E        +  where 'terminal_delisting' = ValidatedFinding(finding=WebFinding(source_ticker='OLD', issuer_name='Issuer Old Inc', security_class='Class A common ...1:00:00+00:00')), action='terminal_delisting', block_reasons=(), unique_passage_count=2, independent_source_count=None).action

tests/test_lifecycle_web_instrument_scope.py:34: AssertionError
_ test_other_instrument_delisting_never_combines_with_stock_identity[True-senior notes] _

other_class = 'senior notes', same_source = True

    @pytest.mark.parametrize("other_class", ["senior notes", "preferred stock", "call options"])
    @pytest.mark.parametrize("same_source", [False, True])
    def test_other_instrument_delisting_never_combines_with_stock_identity(other_class, same_source):
        event = f"Issuer Old Inc {other_class} (OLDX) were delisted from NASDAQ effective September 1, 2026."
        source_id = "source-1" if same_source else "source-2"
        pages = {"source-1": source_page(IDENTITY + "\n" + event if same_source else IDENTITY)}
        if not same_source:
            pages[source_id] = source_page(event, "https://ir.example.com/other-security")
        payload = finding_payload(citations=[citation(IDENTITY, ["security_identity"]),
            citation(event, ["listing_ended", "effective_date"], source_id)])
        result = validate_finding(public_input(), payload, pages)
>       assert result.action is None
E       AssertionError: assert 'terminal_delisting' is None
E        +  where 'terminal_delisting' = ValidatedFinding(finding=WebFinding(source_ticker='OLD', issuer_name='Issuer Old Inc', security_class='Class A common ...1:00:00+00:00')), action='terminal_delisting', block_reasons=(), unique_passage_count=2, independent_source_count=None).action

tests/test_lifecycle_web_instrument_scope.py:34: AssertionError
_ test_other_instrument_delisting_never_combines_with_stock_identity[True-preferred stock] _

other_class = 'preferred stock', same_source = True

    @pytest.mark.parametrize("other_class", ["senior notes", "preferred stock", "call options"])
    @pytest.mark.parametrize("same_source", [False, True])
    def test_other_instrument_delisting_never_combines_with_stock_identity(other_class, same_source):
        event = f"Issuer Old Inc {other_class} (OLDX) were delisted from NASDAQ effective September 1, 2026."
        source_id = "source-1" if same_source else "source-2"
        pages = {"source-1": source_page(IDENTITY + "\n" + event if same_source else IDENTITY)}
        if not same_source:
            pages[source_id] = source_page(event, "https://ir.example.com/other-security")
        payload = finding_payload(citations=[citation(IDENTITY, ["security_identity"]),
            citation(event, ["listing_ended", "effective_date"], source_id)])
        result = validate_finding(public_input(), payload, pages)
>       assert result.action is None
E       AssertionError: assert 'terminal_delisting' is None
E        +  where 'terminal_delisting' = ValidatedFinding(finding=WebFinding(source_ticker='OLD', issuer_name='Issuer Old Inc', security_class='Class A common ...1:00:00+00:00')), action='terminal_delisting', block_reasons=(), unique_passage_count=2, independent_source_count=None).action

tests/test_lifecycle_web_instrument_scope.py:34: AssertionError
_ test_other_instrument_delisting_never_combines_with_stock_identity[True-call options] _

other_class = 'call options', same_source = True

    @pytest.mark.parametrize("other_class", ["senior notes", "preferred stock", "call options"])
    @pytest.mark.parametrize("same_source", [False, True])
    def test_other_instrument_delisting_never_combines_with_stock_identity(other_class, same_source):
        event = f"Issuer Old Inc {other_class} (OLDX) were delisted from NASDAQ effective September 1, 2026."
        source_id = "source-1" if same_source else "source-2"
        pages = {"source-1": source_page(IDENTITY + "\n" + event if same_source else IDENTITY)}
        if not same_source:
            pages[source_id] = source_page(event, "https://ir.example.com/other-security")
        payload = finding_payload(citations=[citation(IDENTITY, ["security_identity"]),
            citation(event, ["listing_ended", "effective_date"], source_id)])
        result = validate_finding(public_input(), payload, pages)
>       assert result.action is None
E       AssertionError: assert 'terminal_delisting' is None
E        +  where 'terminal_delisting' = ValidatedFinding(finding=WebFinding(source_ticker='OLD', issuer_name='Issuer Old Inc', security_class='Class A common ...1:00:00+00:00')), action='terminal_delisting', block_reasons=(), unique_passage_count=2, independent_source_count=None).action

tests/test_lifecycle_web_instrument_scope.py:34: AssertionError
_______ test_other_instrument_rename_cannot_supply_a_stock_continuation ________

    def test_other_instrument_rename_cannot_supply_a_stock_continuation():
        notes = "Issuer Old Inc senior notes change symbol from OLD to NEW effective September 1, 2026."
        payload = finding_payload(event_kind="symbol_continuation", successor_ticker="NEW",
            citations=[citation(IDENTITY, ["security_identity"]),
                       citation(notes, ["same_security_continuation", "effective_date"], "source-2")])
        result = validate_finding(public_input(), payload, {"source-1": source_page(IDENTITY),
            "source-2": source_page(notes, "https://ir.example.com/notes")})
>       assert result.action is None
E       AssertionError: assert 'symbol_continuation' is None
E        +  where 'symbol_continuation' = ValidatedFinding(finding=WebFinding(source_ticker='OLD', issuer_name='Issuer Old Inc', security_class='Class A common ...:00:00+00:00')), action='symbol_continuation', block_reasons=(), unique_passage_count=2, independent_source_count=None).action

tests/test_lifecycle_web_instrument_scope.py:58: AssertionError
_ test_only_target_instrument_active_otc_evidence_vetoes_stock_removal[senior notes-False] _

other_class = 'senior notes', blocked = False

    @pytest.mark.parametrize("other_class,blocked", [("senior notes", False), ("Class A common stock", True)])
    def test_only_target_instrument_active_otc_evidence_vetoes_stock_removal(other_class, blocked):
        symbol = "OLD" if blocked else "OLDN"
        otc = f"Issuer Old Inc {other_class} ({symbol}) remains actively traded OTC."
        payload = finding_payload(citations=[citation(NOTICE, ["security_identity", "listing_ended", "effective_date"]),
            citation(otc, ["active_otc"], "source-2")])
        result = validate_finding(public_input(), payload, {"source-1": source_page(NOTICE),
            "source-2": source_page(otc, "https://otc.example.com/notice")})
>       assert ("active_listing_conflict" in result.block_reasons) is blocked
E       AssertionError: assert ('active_listing_conflict' in ('active_listing_conflict',)) is False
E        +  where ('active_listing_conflict',) = ValidatedFinding(finding=WebFinding(source_ticker='OLD', issuer_name='Issuer Old Inc', security_class='Class A common ...:00')), action=None, block_reasons=('active_listing_conflict',), unique_passage_count=2, independent_source_count=None).block_reasons

tests/test_lifecycle_web_instrument_scope.py:70: AssertionError
- generated xml file: /dev/shm/lifecycle-instrument-campaign-r1/results/event_class_binding_removed-shard-1.xml -
=========================== short test summary info ============================
FAILED tests/test_lifecycle_web_instrument_scope.py::test_other_instrument_delisting_never_combines_with_stock_identity[False-senior notes]
FAILED tests/test_lifecycle_web_instrument_scope.py::test_other_instrument_delisting_never_combines_with_stock_identity[False-preferred stock]
FAILED tests/test_lifecycle_web_instrument_scope.py::test_other_instrument_delisting_never_combines_with_stock_identity[False-call options]
FAILED tests/test_lifecycle_web_instrument_scope.py::test_other_instrument_delisting_never_combines_with_stock_identity[True-senior notes]
FAILED tests/test_lifecycle_web_instrument_scope.py::test_other_instrument_delisting_never_combines_with_stock_identity[True-preferred stock]
FAILED tests/test_lifecycle_web_instrument_scope.py::test_other_instrument_delisting_never_combines_with_stock_identity[True-call options]
FAILED tests/test_lifecycle_web_instrument_scope.py::test_other_instrument_rename_cannot_supply_a_stock_continuation
FAILED tests/test_lifecycle_web_instrument_scope.py::test_only_target_instrument_active_otc_evidence_vetoes_stock_removal[senior notes-False]
8 failed, 429 passed in 18.44s
