........................................................................ [ 10%]
........................................................................ [ 21%]
...............................F........................................ [ 32%]
........................................................................ [ 43%]
........................................................................ [ 53%]
........................................................................ [ 64%]
........................................................................ [ 75%]
........................................................................ [ 86%]
........................................................................ [ 97%]
...................                                                      [100%]
=================================== FAILURES ===================================
_____ test_claude_analysis_declares_final_json_without_native_output_tool ______

monkeypatch = <_pytest.monkeypatch.MonkeyPatch object at 0x7ad24b753760>

    @pytest.mark.anyio
    async def test_claude_analysis_declares_final_json_without_native_output_tool(monkeypatch):
        mod, clients = setup(monkeypatch)
        reply, control = await invoke(mod)
        assert reply.output == OUTPUT and control.terminal_statuses == {"analysis-1": "completed"}
        options = clients[0].options
        assert options.output_format is None
        assert options.tools == options.allowed_tools == [] and "StructuredOutput" in options.disallowed_tools
        assert options.mcp_servers == {} and options.setting_sources == [] and options.strict_mcp_config is True
>       assert options.fallback_model is None and options.max_turns == 2
E       AssertionError: assert (None is None and 3 == 2)
E        +  where None = ClaudeAgentOptions(tools=[], allowed_tools=[], system_prompt='Investigate only the supplied public listing question. R...e_file_checkpointing=False, session_store=None, session_store_flush='batched', load_timeout_ms=60000, task_budget=None).fallback_model
E        +  and   3 = ClaudeAgentOptions(tools=[], allowed_tools=[], system_prompt='Investigate only the supplied public listing question. R...e_file_checkpointing=False, session_store=None, session_store_flush='batched', load_timeout_ms=60000, task_budget=None).max_turns

tests/test_lifecycle_web_claude_json_analysis.py:57: AssertionError
- generated xml file: /dev/shm/lifecycle-instrument-campaign-r1/results/native_turn_budget_accidentally_increases-shard-0.xml -
=========================== short test summary info ============================
FAILED tests/test_lifecycle_web_claude_json_analysis.py::test_claude_analysis_declares_final_json_without_native_output_tool
1 failed, 666 passed in 29.72s
