........................................................................ [ 16%]
........................................................................ [ 32%]
....................F................................................... [ 49%]
........................................................................ [ 65%]
........................................................................ [ 82%]
........................................................................ [ 98%]
.....                                                                    [100%]
=================================== FAILURES ===================================
_ test_source_capacity_is_separate_from_model_tokens_and_bound_to_confirmation _

tmp_path = PosixPath('/dev/shm/lifecycle-instrument-campaign-temp-r1/other_transports_expanded_without_admission-shard-1/test_source_capacity_is_separa0')
monkeypatch = <_pytest.monkeypatch.MonkeyPatch object at 0x7b4e98f38910>

    def test_source_capacity_is_separate_from_model_tokens_and_bound_to_confirmation(tmp_path, monkeypatch):
        c = context(tmp_path)
        service, _, _ = setup(c)
        monkeypatch.setattr(service, "_public_input", lambda *args, **kwargs: public_input())
        packet = service.prepare(c["case_id"], question="listing_status")
        values = service.validate_start(c["case_id"], question="listing_status", preflight_sha256=packet["preflight_sha256"])
        assert values["options"].max_source_bytes == packet["limits"]["max_source_bytes"] == 32 * 1024 * 1024
        assert values["options"].max_decoded_source_bytes == packet["limits"]["max_decoded_source_bytes"] == 128 * 1024 * 1024
        assert values["options"].source_timeout_seconds == packet["limits"]["source_timeout_seconds"] == 180
>       assert values["options"].model_timeout_seconds == 180
E       AssertionError: assert 600 == 180
E        +  where 600 = WebInvestigationOptions(max_sources=8, max_source_requests=24, max_redirects=2, max_source_bytes=33554432, source_time...l_timeout_seconds=600, max_search_uses=12, output_token_limit=16384, effort='high', max_decoded_source_bytes=134217728).model_timeout_seconds

tests/test_lifecycle_web_preflight.py:66: AssertionError
- generated xml file: /dev/shm/lifecycle-instrument-campaign-r1/results/other_transports_expanded_without_admission-shard-1.xml -
=========================== short test summary info ============================
FAILED tests/test_lifecycle_web_preflight.py::test_source_capacity_is_separate_from_model_tokens_and_bound_to_confirmation
1 failed, 436 passed in 18.42s
