........................................................................ [ 16%]
........................................................................ [ 32%]
.F...................................................................... [ 49%]
........................................................................ [ 65%]
........................................................................ [ 82%]
........................................................................ [ 98%]
.....                                                                    [100%]
=================================== FAILURES ===================================
_ test_only_target_instrument_active_otc_evidence_vetoes_stock_removal[senior notes-False] _

other_class = 'senior notes', blocked = False

    @pytest.mark.parametrize("other_class,blocked", [("senior notes", False), ("Class A common stock", True)])
    def test_only_target_instrument_active_otc_evidence_vetoes_stock_removal(other_class, blocked):
        symbol = "OLD" if blocked else "OLDN"
        otc = f"Issuer Old Inc {other_class} ({symbol}) remains actively traded OTC."
        payload = finding_payload(citations=[citation(NOTICE, ["security_identity", "listing_ended", "effective_date"]),
            citation(otc, ["active_otc"], "source-2")])
        result = validate_finding(public_input(), payload, {"source-1": source_page(NOTICE),
            "source-2": source_page(otc, "https://otc.example.com/notice")})
>       assert ("active_listing_conflict" in result.block_reasons) is blocked
E       AssertionError: assert ('active_listing_conflict' in ('active_listing_conflict',)) is False
E        +  where ('active_listing_conflict',) = ValidatedFinding(finding=WebFinding(source_ticker='OLD', issuer_name='Issuer Old Inc', security_class='Class A common ...:00')), action=None, block_reasons=('active_listing_conflict',), unique_passage_count=2, independent_source_count=None).block_reasons

tests/test_lifecycle_web_instrument_scope.py:70: AssertionError
- generated xml file: /dev/shm/lifecycle-instrument-campaign-r1/results/unrelated_otc_security_vetoes_stock-shard-1.xml -
=========================== short test summary info ============================
FAILED tests/test_lifecycle_web_instrument_scope.py::test_only_target_instrument_active_otc_evidence_vetoes_stock_removal[senior notes-False]
1 failed, 436 passed in 18.35s
