
> arkscope-web@0.0.1 test
> vitest run src/lifecycle/webContract.test.ts src/lifecycle/LifecycleWebPanel.test.tsx src/lifecycle/currentReviewContract.test.ts --reporter=default --reporter=json --outputFile=/tmp/lifecycle-gap-adoption-r1/target-frontend-r2.json


 RUN  v4.1.8 /tmp/arkscope-lifecycle-terminal-membership/apps/arkscope-web

stdout | src/lifecycle/webContract.test.ts
i18next: languageChanged zh-Hant
i18next: initialized {
  debug: true,
  initAsync: false,
  ns: [
    'common',
    'shell',
    'settings',
    'research',
    'explore',
    'portfolio',
    'system'
  ],
  defaultNS: 'common',
  fallbackLng: [ 'zh-Hant' ],
  fallbackNS: false,
  supportedLngs: [ 'zh-Hant', 'en', 'cimode' ],
  nonExplicitSupportedLngs: false,
  load: 'currentOnly',
  preload: false,
  keySeparator: '.',
  nsSeparator: ':',
  pluralSeparator: '_',
  contextSeparator: '_',
  enableSelector: false,
  partialBundledLanguages: false,
  saveMissing: false,
  updateMissing: false,
  saveMissingTo: 'fallback',
  saveMissingPlurals: true,
  missingKeyHandler: false,
  missingInterpolationHandler: false,
  postProcess: false,
  postProcessPassResolved: false,
  returnNull: false,
  returnEmptyString: false,
  returnObjects: false,
  joinArrays: false,
  returnedObjectHandler: false,
  parseMissingKeyHandler: [Function: parseMissingKeyHandler],
  appendNamespaceToMissingKey: false,
  appendNamespaceToCIMode: false,
  overloadTranslationOptionHandler: [Function: overloadTranslationOptionHandler],
  interpolation: {
    escapeValue: false,
    prefix: '{{',
    suffix: '}}',
    formatSeparator: ',',
    unescapePrefix: '-',
    nestingPrefix: '$t(',
    nestingSuffix: ')',
    nestingOptionsSeparator: ',',
    maxReplaces: 1000,
    skipOnVariables: true,
    format: [Function: bound format]
  },
  cacheInBuiltFormats: true,
  resources: {
    'zh-Hant': {
      common: [Object],
      shell: [Object],
      settings: [Object],
      research: [Object],
      explore: [Object],
      portfolio: [Object],
      system: [Object]
    },
    en: {
      common: [Object],
      shell: [Object],
      settings: [Object],
      research: [Object],
      explore: [Object],
      portfolio: [Object],
      system: [Object]
    }
  },
  lng: 'zh-Hant',
  react: { useSuspense: false },
  ignoreJSONStructure: true
}

stdout | src/lifecycle/webContract.test.ts > Lifecycle Web DTOs > reads known four-channel provenance without exporting extra internal fields
i18next: languageChanged zh-Hant

stdout | src/lifecycle/webContract.test.ts > Lifecycle Web DTOs > keeps unknown identity details and usage unknown
i18next: languageChanged zh-Hant

stdout | src/lifecycle/webContract.test.ts > Lifecycle Web DTOs > keeps older source size declarations unknown across repeated parsing
i18next: languageChanged zh-Hant

stdout | src/lifecycle/webContract.test.ts > Lifecycle Web DTOs > keeps legacy source coverage unknown but validates every new coverage field
i18next: languageChanged zh-Hant

stdout | src/lifecycle/webContract.test.ts > Lifecycle Web DTOs > reads bounded source diagnostics without accepting header blobs or fake counts
i18next: languageChanged zh-Hant

stdout | src/lifecycle/webContract.test.ts > Lifecycle Web DTOs > preserves the same closed source gap disclosure in result and confirmation
i18next: languageChanged zh-Hant

stdout | src/lifecycle/webContract.test.ts > Lifecycle Web DTOs > rejects malformed gap metadata rather than hiding it: {}
i18next: languageChanged zh-Hant

stdout | src/lifecycle/webContract.test.ts > Lifecycle Web DTOs > rejects malformed gap metadata rather than hiding it: "unknown"
i18next: languageChanged zh-Hant

stdout | src/lifecycle/webContract.test.ts > Lifecycle Web DTOs > rejects malformed gap metadata rather than hiding it: {}
i18next: languageChanged zh-Hant

stdout | src/lifecycle/webContract.test.ts > Lifecycle Web DTOs > rejects malformed gap metadata rather than hiding it: {"url":"https://news.example.com","reason":null}
i18next: languageChanged zh-Hant

stdout | src/lifecycle/webContract.test.ts > Lifecycle Web DTOs > rejects malformed gap metadata rather than hiding it: {"url":"javascript:alert(1)","reason":"source_unavailable"}
i18next: languageChanged zh-Hant

stdout | src/lifecycle/webContract.test.ts > Lifecycle Web DTOs > rejects malformed gap metadata rather than hiding it: {"url":"https://user:secret@example.com","reason":"source_unavailable"}
i18next: languageChanged zh-Hant

stdout | src/lifecycle/webContract.test.ts > Lifecycle Web DTOs > rejects malformed gap metadata rather than hiding it: {"url":"https://news.example.com","reason":"raw server error"}
i18next: languageChanged zh-Hant

stdout | src/lifecycle/webContract.test.ts > Lifecycle Web DTOs > rejects malformed gap metadata rather than hiding it: {"url":"https://news.example.com","reason":"source_unavailable","source_id":"private-binding"}
i18next: languageChanged zh-Hant

stdout | src/lifecycle/webContract.test.ts > Lifecycle Web DTOs > requires a real citations array
i18next: languageChanged zh-Hant

stdout | src/lifecycle/webContract.test.ts > Lifecycle Web DTOs > requires a real contradictions array
i18next: languageChanged zh-Hant

stdout | src/lifecycle/webContract.test.ts > Lifecycle Web DTOs > requires a real unresolved_conditions array
i18next: languageChanged zh-Hant

stdout | src/lifecycle/webContract.test.ts > Lifecycle Web DTOs > requires a real block_reasons array
i18next: languageChanged zh-Hant

stdout | src/lifecycle/webContract.test.ts > Lifecycle Web DTOs > rejects unsafe citation URL javascript:alert(1)
i18next: languageChanged zh-Hant

stdout | src/lifecycle/webContract.test.ts > Lifecycle Web DTOs > rejects unsafe citation URL https://name:password@issuer.example/notices
i18next: languageChanged zh-Hant

stdout | src/lifecycle/webContract.test.ts > Lifecycle Web DTOs > rejects unsafe citation URL file:///home/private
i18next: languageChanged zh-Hant

stdout | src/lifecycle/webContract.test.ts > Lifecycle Web DTOs > rejects unsafe citation URL http://issuer.example/notices
i18next: languageChanged zh-Hant

stdout | src/lifecycle/webContract.test.ts > Lifecycle Web DTOs > does not treat a cancellation acknowledgment or unknown outcome as success
i18next: languageChanged zh-Hant

stdout | src/lifecycle/webContract.test.ts > Lifecycle Web DTOs > binds actionable findings to the run ticker and supported evidence
i18next: languageChanged zh-Hant

stdout | src/lifecycle/webContract.test.ts > Lifecycle Web DTOs > requires a complete launch preview or an explicit unavailable reason
i18next: languageChanged zh-Hant

stdout | src/lifecycle/webContract.test.ts > Lifecycle Web DTOs > validates request receipts rather than trusting an HTTP success cast
i18next: languageChanged zh-Hant

 ✓ src/lifecycle/webContract.test.ts (26 tests) 23ms
stdout | src/lifecycle/currentReviewContract.test.ts
i18next: languageChanged zh-Hant
i18next: initialized {
  debug: true,
  initAsync: false,
  ns: [
    'common',
    'shell',
    'settings',
    'research',
    'explore',
    'portfolio',
    'system'
  ],
  defaultNS: 'common',
  fallbackLng: [ 'zh-Hant' ],
  fallbackNS: false,
  supportedLngs: [ 'zh-Hant', 'en', 'cimode' ],
  nonExplicitSupportedLngs: false,
  load: 'currentOnly',
  preload: false,
  keySeparator: '.',
  nsSeparator: ':',
  pluralSeparator: '_',
  contextSeparator: '_',
  enableSelector: false,
  partialBundledLanguages: false,
  saveMissing: false,
  updateMissing: false,
  saveMissingTo: 'fallback',
  saveMissingPlurals: true,
  missingKeyHandler: false,
  missingInterpolationHandler: false,
  postProcess: false,
  postProcessPassResolved: false,
  returnNull: false,
  returnEmptyString: false,
  returnObjects: false,
  joinArrays: false,
  returnedObjectHandler: false,
  parseMissingKeyHandler: [Function: parseMissingKeyHandler],
  appendNamespaceToMissingKey: false,
  appendNamespaceToCIMode: false,
  overloadTranslationOptionHandler: [Function: overloadTranslationOptionHandler],
  interpolation: {
    escapeValue: false,
    prefix: '{{',
    suffix: '}}',
    formatSeparator: ',',
    unescapePrefix: '-',
    nestingPrefix: '$t(',
    nestingSuffix: ')',
    nestingOptionsSeparator: ',',
    maxReplaces: 1000,
    skipOnVariables: true,
    format: [Function: bound format]
  },
  cacheInBuiltFormats: true,
  resources: {
    'zh-Hant': {
      common: [Object],
      shell: [Object],
      settings: [Object],
      research: [Object],
      explore: [Object],
      portfolio: [Object],
      system: [Object]
    },
    en: {
      common: [Object],
      shell: [Object],
      settings: [Object],
      research: [Object],
      explore: [Object],
      portfolio: [Object],
      system: [Object]
    }
  },
  lng: 'zh-Hant',
  react: { useSuspense: false },
  ignoreJSONStructure: true
}

stdout | src/lifecycle/LifecycleWebPanel.test.tsx
i18next: languageChanged zh-Hant
i18next: initialized {
  debug: true,
  initAsync: false,
  ns: [
    'common',
    'shell',
    'settings',
    'research',
    'explore',
    'portfolio',
    'system'
  ],
  defaultNS: 'common',
  fallbackLng: [ 'zh-Hant' ],
  fallbackNS: false,
  supportedLngs: [ 'zh-Hant', 'en', 'cimode' ],
  nonExplicitSupportedLngs: false,
  load: 'currentOnly',
  preload: false,
  keySeparator: '.',
  nsSeparator: ':',
  pluralSeparator: '_',
  contextSeparator: '_',
  enableSelector: false,
  partialBundledLanguages: false,
  saveMissing: false,
  updateMissing: false,
  saveMissingTo: 'fallback',
  saveMissingPlurals: true,
  missingKeyHandler: false,
  missingInterpolationHandler: false,
  postProcess: false,
  postProcessPassResolved: false,
  returnNull: false,
  returnEmptyString: false,
  returnObjects: false,
  joinArrays: false,
  returnedObjectHandler: false,
  parseMissingKeyHandler: [Function: parseMissingKeyHandler],
  appendNamespaceToMissingKey: false,
  appendNamespaceToCIMode: false,
  overloadTranslationOptionHandler: [Function: overloadTranslationOptionHandler],
  interpolation: {
    escapeValue: false,
    prefix: '{{',
    suffix: '}}',
    formatSeparator: ',',
    unescapePrefix: '-',
    nestingPrefix: '$t(',
    nestingSuffix: ')',
    nestingOptionsSeparator: ',',
    maxReplaces: 1000,
    skipOnVariables: true,
    format: [Function: bound format]
  },
  cacheInBuiltFormats: true,
  resources: {
    'zh-Hant': {
      common: [Object],
      shell: [Object],
      settings: [Object],
      research: [Object],
      explore: [Object],
      portfolio: [Object],
      system: [Object]
    },
    en: {
      common: [Object],
      shell: [Object],
      settings: [Object],
      research: [Object],
      explore: [Object],
      portfolio: [Object],
      system: [Object]
    }
  },
  lng: 'zh-Hant',
  react: { useSuspense: false },
  ignoreJSONStructure: true
}

stdout | src/lifecycle/currentReviewContract.test.ts > keeps validated Web findings in current detail but rejects malformed or cross-case journals
i18next: languageChanged zh-Hant

stdout | src/lifecycle/currentReviewContract.test.ts > parses the backend-owned persisted current projection: attention
i18next: languageChanged zh-Hant

stdout | src/lifecycle/currentReviewContract.test.ts > parses the backend-owned persisted current projection: applied
i18next: languageChanged zh-Hant

stdout | src/lifecycle/currentReviewContract.test.ts > parses the public action packet and committed readback without internal material
i18next: languageChanged zh-Hant

stdout | src/lifecycle/currentReviewContract.test.ts > rejects malformed current data instead of displaying a healthy empty view ({})
i18next: languageChanged zh-Hant

stdout | src/lifecycle/currentReviewContract.test.ts > rejects malformed current data instead of displaying a healthy empty view ({"items":null})
i18next: languageChanged zh-Hant

stdout | src/lifecycle/currentReviewContract.test.ts > rejects malformed current data instead of displaying a healthy empty view ({"items":{}})
i18next: languageChanged zh-Hant

stdout | src/lifecycle/currentReviewContract.test.ts > rejects malformed current data instead of displaying a healthy empty view ({"version":2})
i18next: languageChanged zh-Hant

stdout | src/lifecycle/currentReviewContract.test.ts > rejects malformed current data instead of displaying a healthy empty view ({"as_of":"2026-02-30T01:00:00Z"})
i18next: languageChanged zh-Hant

stdout | src/lifecycle/currentReviewContract.test.ts > rejects malformed current data instead of displaying a healthy empty view ({"coverage":{"tracked":2,"confirmed_active":3,"unconfirmed":-1}})
i18next: languageChanged zh-Hant

stdout | src/lifecycle/currentReviewContract.test.ts > rejects malformed current data instead of displaying a healthy empty view ({"counts":{"attention":-1,"history":0}})
i18next: languageChanged zh-Hant

stdout | src/lifecycle/currentReviewContract.test.ts > rejects malformed current data instead of displaying a healthy empty view ({"page":{"offset":0,"limit":50,"total":0}})
i18next: languageChanged zh-Hant

stdout | src/lifecycle/currentReviewContract.test.ts > rejects malformed current data instead of displaying a healthy empty view ({"items":[{"review_id":"slpr_8bbfc1abdcbc2ef1c6d21f26d070d5e8fd7c94a07d011859c047cc7bc07c06f4","case_ids":null,"ticker":"OLD","issuer_name":null,"bucket":"attention","finding":"old_listing_inactive","reason":"removal_requires_confirmation","collection":{"state":"tracking","sources":["manual_lists","sa_alpha_picks_former"]},"listing":{"state":"inactive","basis":"observation","ended_on":"2023-05-16"},"continuation":{"state":"unavailable","successor_ticker":null,"candidate_tickers":[]},"observed_at":"2026-09-05T01:00:00Z","next_check_at":null,"diagnostics":{"code":"listing_checks","missing_checks":["continuation"],"provider_issues":[{"provider":"massive","reason":"not_found"}],"manual_review_required":false},"next_action":{"kind":"review_removal","state":"not_prepared","case_id":"slc_c32970319a94016ddf258a0252d2ca09f4356f830993df66f0569563d1c8b28c","assessment_id":"sla_aaaaaaaaaaaaaaaaaaaaaaaaaaaaaaaa","transition_id":null,"preview_sha256":null,"transition_kind":null,"execute_on":null,"current_effects_match":null,"can_reverse":false,"block_reasons":[]},"source_checks":[{"provider":"eodhd","check":"eodhd","directory":null,"status":"inactive","ticker":"OLD","observed_at":"2026-09-05T01:00:00Z","url":null},{"provider":"massive","check":"delisting","directory":null,"status":"inactive","ticker":"OLD","observed_at":"2026-09-05T01:00:00Z","url":null},{"provider":"massive","check":"otc","directory":null,"status":"not_found","ticker":"OLD","observed_at":"2026-09-05T01:00:00Z","url":null},{"provider":"massive","check":"stocks","directory":null,"status":"not_found","ticker":"OLD","observed_at":"2026-09-05T01:00:00Z","url":null},{"provider":"nasdaq","check":"nasdaq","directory":"nasdaq_listed","status":"not_found","ticker":"OLD","observed_at":"2026-09-05T01:00:00Z","url":null},{"provider":"nasdaq","check":"nasdaq","directory":"other_listed","status":"not_found","ticker":"OLD","observed_at":"2026-09-05T01:00:00Z","url":null}],"source_notices":[]}]})
i18next: languageChanged zh-Hant

stdout | src/lifecycle/currentReviewContract.test.ts > rejects malformed current data instead of displaying a healthy empty view ({"items":[{"review_id":"slpr_8bbfc1abdcbc2ef1c6d21f26d070d5e8fd7c94a07d011859c047cc7bc07c06f4","case_ids":[],"ticker":"OLD","issuer_name":null,"bucket":"attention","finding":"old_listing_inactive","reason":"removal_requires_confirmation","collection":{"state":"tracking","sources":["manual_lists","sa_alpha_picks_former"]},"listing":{"state":"inactive","basis":"observation","ended_on":"2023-05-16"},"continuation":{"state":"unavailable","successor_ticker":null,"candidate_tickers":[]},"observed_at":"2026-09-05T01:00:00Z","next_check_at":null,"diagnostics":{"code":"listing_checks","missing_checks":["continuation"],"provider_issues":[{"provider":"massive","reason":"not_found"}],"manual_review_required":false},"next_action":{"kind":"review_removal","state":"not_prepared","case_id":"slc_c32970319a94016ddf258a0252d2ca09f4356f830993df66f0569563d1c8b28c","assessment_id":"sla_aaaaaaaaaaaaaaaaaaaaaaaaaaaaaaaa","transition_id":null,"preview_sha256":null,"transition_kind":null,"execute_on":null,"current_effects_match":null,"can_reverse":false,"block_reasons":[]},"source_checks":[{"provider":"eodhd","check":"eodhd","directory":null,"status":"inactive","ticker":"OLD","observed_at":"2026-09-05T01:00:00Z","url":null},{"provider":"massive","check":"delisting","directory":null,"status":"inactive","ticker":"OLD","observed_at":"2026-09-05T01:00:00Z","url":null},{"provider":"massive","check":"otc","directory":null,"status":"not_found","ticker":"OLD","observed_at":"2026-09-05T01:00:00Z","url":null},{"provider":"massive","check":"stocks","directory":null,"status":"not_found","ticker":"OLD","observed_at":"2026-09-05T01:00:00Z","url":null},{"provider":"nasdaq","check":"nasdaq","directory":"nasdaq_listed","status":"not_found","ticker":"OLD","observed_at":"2026-09-05T01:00:00Z","url":null},{"provider":"nasdaq","check":"nasdaq","directory":"other_listed","status":"not_found","ticker":"OLD","observed_at":"2026-09-05T01:00:00Z","url":null}],"source_notices":[]}]})
i18next: languageChanged zh-Hant

stdout | src/lifecycle/currentReviewContract.test.ts > rejects malformed current data instead of displaying a healthy empty view ({"items":[{"review_id":"slpr_8bbfc1abdcbc2ef1c6d21f26d070d5e8fd7c94a07d011859c047cc7bc07c06f4","case_ids":["slc_c32970319a94016ddf258a0252d2ca09f4356f830993df66f0569563d1c8b28c"],"ticker":"OLD","issuer_name":null,"bucket":"attention","finding":"old_listing_inactive","reason":"removal_requires_confirmation","collection":{"state":"tracking","sources":"manual_lists"},"listing":{"state":"inactive","basis":"observation","ended_on":"2023-05-16"},"continuation":{"state":"unavailable","successor_ticker":null,"candidate_tickers":[]},"observed_at":"2026-09-05T01:00:00Z","next_check_at":null,"diagnostics":{"code":"listing_checks","missing_checks":["continuation"],"provider_issues":[{"provider":"massive","reason":"not_found"}],"manual_review_required":false},"next_action":{"kind":"review_removal","state":"not_prepared","case_id":"slc_c32970319a94016ddf258a0252d2ca09f4356f830993df66f0569563d1c8b28c","assessment_id":"sla_aaaaaaaaaaaaaaaaaaaaaaaaaaaaaaaa","transition_id":null,"preview_sha256":null,"transition_kind":null,"execute_on":null,"current_effects_match":null,"can_reverse":false,"block_reasons":[]},"source_checks":[{"provider":"eodhd","check":"eodhd","directory":null,"status":"inactive","ticker":"OLD","observed_at":"2026-09-05T01:00:00Z","url":null},{"provider":"massive","check":"delisting","directory":null,"status":"inactive","ticker":"OLD","observed_at":"2026-09-05T01:00:00Z","url":null},{"provider":"massive","check":"otc","directory":null,"status":"not_found","ticker":"OLD","observed_at":"2026-09-05T01:00:00Z","url":null},{"provider":"massive","check":"stocks","directory":null,"status":"not_found","ticker":"OLD","observed_at":"2026-09-05T01:00:00Z","url":null},{"provider":"nasdaq","check":"nasdaq","directory":"nasdaq_listed","status":"not_found","ticker":"OLD","observed_at":"2026-09-05T01:00:00Z","url":null},{"provider":"nasdaq","check":"nasdaq","directory":"other_listed","status":"not_found","ticker":"OLD","observed_at":"2026-09-05T01:00:00Z","url":null}],"source_notices":[]}]})
i18next: languageChanged zh-Hant

stdout | src/lifecycle/currentReviewContract.test.ts > rejects malformed current data instead of displaying a healthy empty view ({"items":[{"review_id":"slpr_8bbfc1abdcbc2ef1c6d21f26d070d5e8fd7c94a07d011859c047cc7bc07c06f4","case_ids":["slc_c32970319a94016ddf258a0252d2ca09f4356f830993df66f0569563d1c8b28c"],"ticker":"OLD","issuer_name":null,"bucket":"attention","finding":"old_listing_inactive","reason":"removal_requires_confirmation","collection":{"state":"not_tracking","sources":["manual_lists"]},"listing":{"state":"inactive","basis":"observation","ended_on":"2023-05-16"},"continuation":{"state":"unavailable","successor_ticker":null,"candidate_tickers":[]},"observed_at":"2026-09-05T01:00:00Z","next_check_at":null,"diagnostics":{"code":"listing_checks","missing_checks":["continuation"],"provider_issues":[{"provider":"massive","reason":"not_found"}],"manual_review_required":false},"next_action":{"kind":"review_removal","state":"not_prepared","case_id":"slc_c32970319a94016ddf258a0252d2ca09f4356f830993df66f0569563d1c8b28c","assessment_id":"sla_aaaaaaaaaaaaaaaaaaaaaaaaaaaaaaaa","transition_id":null,"preview_sha256":null,"transition_kind":null,"execute_on":null,"current_effects_match":null,"can_reverse":false,"block_reasons":[]},"source_checks":[{"provider":"eodhd","check":"eodhd","directory":null,"status":"inactive","ticker":"OLD","observed_at":"2026-09-05T01:00:00Z","url":null},{"provider":"massive","check":"delisting","directory":null,"status":"inactive","ticker":"OLD","observed_at":"2026-09-05T01:00:00Z","url":null},{"provider":"massive","check":"otc","directory":null,"status":"not_found","ticker":"OLD","observed_at":"2026-09-05T01:00:00Z","url":null},{"provider":"massive","check":"stocks","directory":null,"status":"not_found","ticker":"OLD","observed_at":"2026-09-05T01:00:00Z","url":null},{"provider":"nasdaq","check":"nasdaq","directory":"nasdaq_listed","status":"not_found","ticker":"OLD","observed_at":"2026-09-05T01:00:00Z","url":null},{"provider":"nasdaq","check":"nasdaq","directory":"other_listed","status":"not_found","ticker":"OLD","observed_at":"2026-09-05T01:00:00Z","url":null}],"source_notices":[]}]})
i18next: languageChanged zh-Hant

stdout | src/lifecycle/currentReviewContract.test.ts > rejects malformed current data instead of displaying a healthy empty view ({"items":[{"review_id":"slpr_8bbfc1abdcbc2ef1c6d21f26d070d5e8fd7c94a07d011859c047cc7bc07c06f4","case_ids":["slc_c32970319a94016ddf258a0252d2ca09f4356f830993df66f0569563d1c8b28c"],"ticker":"OLD","issuer_name":null,"bucket":"attention","finding":"automatically_safe","reason":"removal_requires_confirmation","collection":{"state":"tracking","sources":["manual_lists","sa_alpha_picks_former"]},"listing":{"state":"inactive","basis":"observation","ended_on":"2023-05-16"},"continuation":{"state":"unavailable","successor_ticker":null,"candidate_tickers":[]},"observed_at":"2026-09-05T01:00:00Z","next_check_at":null,"diagnostics":{"code":"listing_checks","missing_checks":["continuation"],"provider_issues":[{"provider":"massive","reason":"not_found"}],"manual_review_required":false},"next_action":{"kind":"review_removal","state":"not_prepared","case_id":"slc_c32970319a94016ddf258a0252d2ca09f4356f830993df66f0569563d1c8b28c","assessment_id":"sla_aaaaaaaaaaaaaaaaaaaaaaaaaaaaaaaa","transition_id":null,"preview_sha256":null,"transition_kind":null,"execute_on":null,"current_effects_match":null,"can_reverse":false,"block_reasons":[]},"source_checks":[{"provider":"eodhd","check":"eodhd","directory":null,"status":"inactive","ticker":"OLD","observed_at":"2026-09-05T01:00:00Z","url":null},{"provider":"massive","check":"delisting","directory":null,"status":"inactive","ticker":"OLD","observed_at":"2026-09-05T01:00:00Z","url":null},{"provider":"massive","check":"otc","directory":null,"status":"not_found","ticker":"OLD","observed_at":"2026-09-05T01:00:00Z","url":null},{"provider":"massive","check":"stocks","directory":null,"status":"not_found","ticker":"OLD","observed_at":"2026-09-05T01:00:00Z","url":null},{"provider":"nasdaq","check":"nasdaq","directory":"nasdaq_listed","status":"not_found","ticker":"OLD","observed_at":"2026-09-05T01:00:00Z","url":null},{"provider":"nasdaq","check":"nasdaq","directory":"other_listed","status":"not_found","ticker":"OLD","observed_at":"2026-09-05T01:00:00Z","url":null}],"source_notices":[]}]})
i18next: languageChanged zh-Hant

stdout | src/lifecycle/currentReviewContract.test.ts > rejects malformed current data instead of displaying a healthy empty view ({"items":[{"review_id":"slpr_8bbfc1abdcbc2ef1c6d21f26d070d5e8fd7c94a07d011859c047cc7bc07c06f4","case_ids":["slc_c32970319a94016ddf258a0252d2ca09f4356f830993df66f0569563d1c8b28c"],"ticker":"OLD","issuer_name":null,"bucket":"attention","finding":"old_listing_inactive","reason":"future_reason","collection":{"state":"tracking","sources":["manual_lists","sa_alpha_picks_former"]},"listing":{"state":"inactive","basis":"observation","ended_on":"2023-05-16"},"continuation":{"state":"unavailable","successor_ticker":null,"candidate_tickers":[]},"observed_at":"2026-09-05T01:00:00Z","next_check_at":null,"diagnostics":{"code":"listing_checks","missing_checks":["continuation"],"provider_issues":[{"provider":"massive","reason":"not_found"}],"manual_review_required":false},"next_action":{"kind":"review_removal","state":"not_prepared","case_id":"slc_c32970319a94016ddf258a0252d2ca09f4356f830993df66f0569563d1c8b28c","assessment_id":"sla_aaaaaaaaaaaaaaaaaaaaaaaaaaaaaaaa","transition_id":null,"preview_sha256":null,"transition_kind":null,"execute_on":null,"current_effects_match":null,"can_reverse":false,"block_reasons":[]},"source_checks":[{"provider":"eodhd","check":"eodhd","directory":null,"status":"inactive","ticker":"OLD","observed_at":"2026-09-05T01:00:00Z","url":null},{"provider":"massive","check":"delisting","directory":null,"status":"inactive","ticker":"OLD","observed_at":"2026-09-05T01:00:00Z","url":null},{"provider":"massive","check":"otc","directory":null,"status":"not_found","ticker":"OLD","observed_at":"2026-09-05T01:00:00Z","url":null},{"provider":"massive","check":"stocks","directory":null,"status":"not_found","ticker":"OLD","observed_at":"2026-09-05T01:00:00Z","url":null},{"provider":"nasdaq","check":"nasdaq","directory":"nasdaq_listed","status":"not_found","ticker":"OLD","observed_at":"2026-09-05T01:00:00Z","url":null},{"provider":"nasdaq","check":"nasdaq","directory":"other_listed","status":"not_found","ticker":"OLD","observed_at":"2026-09-05T01:00:00Z","url":null}],"source_notices":[]}]})
i18next: languageChanged zh-Hant

stdout | src/lifecycle/currentReviewContract.test.ts > rejects malformed current data instead of displaying a healthy empty view ({"items":[{"review_id":"slpr_8bbfc1abdcbc2ef1c6d21f26d070d5e8fd7c94a07d011859c047cc7bc07c06f4","case_ids":["slc_c32970319a94016ddf258a0252d2ca09f4356f830993df66f0569563d1c8b28c"],"ticker":"OLD","issuer_name":null,"bucket":"attention","finding":"old_listing_inactive","reason":"removal_requires_confirmation","collection":{"state":"tracking","sources":["manual_lists","sa_alpha_picks_former"]},"listing":{"state":"inactive","basis":"observation","ended_on":"2023-05-16"},"continuation":{"state":"unavailable","successor_ticker":null,"candidate_tickers":{}},"observed_at":"2026-09-05T01:00:00Z","next_check_at":null,"diagnostics":{"code":"listing_checks","missing_checks":["continuation"],"provider_issues":[{"provider":"massive","reason":"not_found"}],"manual_review_required":false},"next_action":{"kind":"review_removal","state":"not_prepared","case_id":"slc_c32970319a94016ddf258a0252d2ca09f4356f830993df66f0569563d1c8b28c","assessment_id":"sla_aaaaaaaaaaaaaaaaaaaaaaaaaaaaaaaa","transition_id":null,"preview_sha256":null,"transition_kind":null,"execute_on":null,"current_effects_match":null,"can_reverse":false,"block_reasons":[]},"source_checks":[{"provider":"eodhd","check":"eodhd","directory":null,"status":"inactive","ticker":"OLD","observed_at":"2026-09-05T01:00:00Z","url":null},{"provider":"massive","check":"delisting","directory":null,"status":"inactive","ticker":"OLD","observed_at":"2026-09-05T01:00:00Z","url":null},{"provider":"massive","check":"otc","directory":null,"status":"not_found","ticker":"OLD","observed_at":"2026-09-05T01:00:00Z","url":null},{"provider":"massive","check":"stocks","directory":null,"status":"not_found","ticker":"OLD","observed_at":"2026-09-05T01:00:00Z","url":null},{"provider":"nasdaq","check":"nasdaq","directory":"nasdaq_listed","status":"not_found","ticker":"OLD","observed_at":"2026-09-05T01:00:00Z","url":null},{"provider":"nasdaq","check":"nasdaq","directory":"other_listed","status":"not_found","ticker":"OLD","observed_at":"2026-09-05T01:00:00Z","url":null}],"source_notices":[]}]})
i18next: languageChanged zh-Hant

stdout | src/lifecycle/currentReviewContract.test.ts > rejects malformed current data instead of displaying a healthy empty view ({"items":[{"review_id":"slpr_8bbfc1abdcbc2ef1c6d21f26d070d5e8fd7c94a07d011859c047cc7bc07c06f4","case_ids":["slc_c32970319a94016ddf258a0252d2ca09f4356f830993df66f0569563d1c8b28c"],"ticker":"OLD","issuer_name":null,"bucket":"attention","finding":"old_listing_inactive","reason":"removal_requires_confirmation","collection":{"state":"tracking","sources":["manual_lists","sa_alpha_picks_former"]},"listing":{"state":"inactive","basis":"observation","ended_on":"2023-05-16"},"continuation":{"state":"unavailable","successor_ticker":null,"candidate_tickers":[]},"observed_at":"2026-09-05T01:00:00Z","next_check_at":null,"diagnostics":{"code":"listing_checks","missing_checks":["continuation"],"provider_issues":[{"provider":"massive","reason":"not_found"}],"manual_review_required":false},"next_action":{"kind":"review_removal","state":"not_prepared","case_id":"slc_c32970319a94016ddf258a0252d2ca09f4356f830993df66f0569563d1c8b28c","assessment_id":"sla_aaaaaaaaaaaaaaaaaaaaaaaaaaaaaaaa","transition_id":null,"preview_sha256":null,"transition_kind":null,"execute_on":null,"current_effects_match":null,"can_reverse":false,"block_reasons":[]},"source_checks":[null],"source_notices":[]}]})
i18next: languageChanged zh-Hant

stdout | src/lifecycle/currentReviewContract.test.ts > rejects malformed current data instead of displaying a healthy empty view ({"items":[{"review_id":"slpr_8bbfc1abdcbc2ef1c6d21f26d070d5e8fd7c94a07d011859c047cc7bc07c06f4","case_ids":["slc_c32970319a94016ddf258a0252d2ca09f4356f830993df66f0569563d1c8b28c"],"ticker":"OLD","issuer_name":null,"bucket":"attention","finding":"old_listing_inactive","reason":"removal_requires_confirmation","collection":{"state":"tracking","sources":["manual_lists","sa_alpha_picks_former"]},"listing":{"state":"inactive","basis":"observation","ended_on":"2023-05-16"},"continuation":{"state":"unavailable","successor_ticker":null,"candidate_tickers":[]},"observed_at":"2026-09-05T01:00:00Z","next_check_at":null,"diagnostics":{"code":"listing_checks","missing_checks":["continuation"],"provider_issues":[{"provider":"massive","reason":"not_found"}],"manual_review_required":false},"next_action":{"kind":"review_removal","state":"not_prepared","case_id":"slc_c32970319a94016ddf258a0252d2ca09f4356f830993df66f0569563d1c8b28c","assessment_id":"sla_aaaaaaaaaaaaaaaaaaaaaaaaaaaaaaaa","transition_id":null,"preview_sha256":null,"transition_kind":null,"execute_on":null,"current_effects_match":null,"can_reverse":false,"block_reasons":[]},"source_notices":[]}]})
i18next: languageChanged zh-Hant

stdout | src/lifecycle/currentReviewContract.test.ts > rejects malformed current data instead of displaying a healthy empty view ({"items":[{"review_id":"slpr_8bbfc1abdcbc2ef1c6d21f26d070d5e8fd7c94a07d011859c047cc7bc07c06f4","case_ids":["slc_c32970319a94016ddf258a0252d2ca09f4356f830993df66f0569563d1c8b28c"],"ticker":"OLD","issuer_name":null,"bucket":"attention","finding":"old_listing_inactive","reason":"removal_requires_confirmation","collection":{"state":"tracking","sources":["manual_lists","sa_alpha_picks_former"]},"listing":{"state":"inactive","basis":"observation","ended_on":"2023-05-16"},"continuation":{"state":"unavailable","successor_ticker":null,"candidate_tickers":[]},"observed_at":"2026-09-05T01:00:00Z","next_check_at":null,"diagnostics":{"code":"listing_checks","missing_checks":["continuation"],"provider_issues":[{"provider":"massive","reason":"not_found"}],"manual_review_required":false},"next_action":{"kind":"review_removal","state":"not_prepared","case_id":"slc_c32970319a94016ddf258a0252d2ca09f4356f830993df66f0569563d1c8b28c","assessment_id":"sla_aaaaaaaaaaaaaaaaaaaaaaaaaaaaaaaa","transition_id":null,"preview_sha256":null,"transition_kind":null,"execute_on":null,"current_effects_match":null,"can_reverse":false,"block_reasons":[]},"source_checks":[{"provider":"eodhd","check":"eodhd","directory":null,"status":"inactive","ticker":"OLD","observed_at":"2026-09-05T01:00:00Z","url":null},{"provider":"massive","check":"delisting","directory":null,"status":"inactive","ticker":"OLD","observed_at":"2026-09-05T01:00:00Z","url":null},{"provider":"massive","check":"otc","directory":null,"status":"not_found","ticker":"OLD","observed_at":"2026-09-05T01:00:00Z","url":null},{"provider":"massive","check":"stocks","directory":null,"status":"not_found","ticker":"OLD","observed_at":"2026-09-05T01:00:00Z","url":null},{"provider":"nasdaq","check":"nasdaq","directory":"nasdaq_listed","status":"not_found","ticker":"OLD","observed_at":"2026-09-05T01:00:00Z","url":null},{"provider":"nasdaq","check":"nasdaq","directory":"other_listed","status":"not_found","ticker":"OLD","observed_at":"2026-09-05T01:00:00Z","url":null}],"source_notices":null}]})
i18next: languageChanged zh-Hant

stdout | src/lifecycle/currentReviewContract.test.ts > rejects malformed current data instead of displaying a healthy empty view ({"items":[{"review_id":"slpr_8bbfc1abdcbc2ef1c6d21f26d070d5e8fd7c94a07d011859c047cc7bc07c06f4","case_ids":["slc_c32970319a94016ddf258a0252d2ca09f4356f830993df66f0569563d1c8b28c"],"ticker":"OLD","issuer_name":null,"bucket":"attention","finding":"old_listing_inactive","reason":"removal_requires_confirmation","collection":{"state":"tracking","sources":["manual_lists","sa_alpha_picks_former"]},"listing":{"state":"inactive","basis":"observation","ended_on":"2026-02-30"},"continuation":{"state":"unavailable","successor_ticker":null,"candidate_tickers":[]},"observed_at":"2026-09-05T01:00:00Z","next_check_at":null,"diagnostics":{"code":"listing_checks","missing_checks":["continuation"],"provider_issues":[{"provider":"massive","reason":"not_found"}],"manual_review_required":false},"next_action":{"kind":"review_removal","state":"not_prepared","case_id":"slc_c32970319a94016ddf258a0252d2ca09f4356f830993df66f0569563d1c8b28c","assessment_id":"sla_aaaaaaaaaaaaaaaaaaaaaaaaaaaaaaaa","transition_id":null,"preview_sha256":null,"transition_kind":null,"execute_on":null,"current_effects_match":null,"can_reverse":false,"block_reasons":[]},"source_checks":[{"provider":"eodhd","check":"eodhd","directory":null,"status":"inactive","ticker":"OLD","observed_at":"2026-09-05T01:00:00Z","url":null},{"provider":"massive","check":"delisting","directory":null,"status":"inactive","ticker":"OLD","observed_at":"2026-09-05T01:00:00Z","url":null},{"provider":"massive","check":"otc","directory":null,"status":"not_found","ticker":"OLD","observed_at":"2026-09-05T01:00:00Z","url":null},{"provider":"massive","check":"stocks","directory":null,"status":"not_found","ticker":"OLD","observed_at":"2026-09-05T01:00:00Z","url":null},{"provider":"nasdaq","check":"nasdaq","directory":"nasdaq_listed","status":"not_found","ticker":"OLD","observed_at":"2026-09-05T01:00:00Z","url":null},{"provider":"nasdaq","check":"nasdaq","directory":"other_listed","status":"not_found","ticker":"OLD","observed_at":"2026-09-05T01:00:00Z","url":null}],"source_notices":[]}]})
i18next: languageChanged zh-Hant

stdout | src/lifecycle/currentReviewContract.test.ts > rejects malformed current data instead of displaying a healthy empty view ({"items":[{"review_id":"slpr_8bbfc1abdcbc2ef1c6d21f26d070d5e8fd7c94a07d011859c047cc7bc07c06f4","case_ids":["slc_c32970319a94016ddf258a0252d2ca09f4356f830993df66f0569563d1c8b28c"],"ticker":"OLD","issuer_name":null,"bucket":"attention","finding":"old_listing_inactive","reason":"removal_requires_confirmation","collection":{"state":"tracking","sources":["manual_lists","sa_alpha_picks_former"]},"listing":{"state":"inactive","basis":"observation","ended_on":"2023-05-16"},"continuation":{"state":"unavailable","successor_ticker":null,"candidate_tickers":[]},"observed_at":"2026-09-05T01:00:00Z","next_check_at":null,"diagnostics":{"code":"listing_checks","missing_checks":["continuation"],"provider_issues":[{"provider":"massive","reason":"not_found"}],"manual_review_required":false},"next_action":{"kind":"review_removal","state":"applied","case_id":"slc_c32970319a94016ddf258a0252d2ca09f4356f830993df66f0569563d1c8b28c","assessment_id":"sla_aaaaaaaaaaaaaaaaaaaaaaaaaaaaaaaa","transition_id":null,"preview_sha256":null,"transition_kind":null,"execute_on":null,"current_effects_match":null,"can_reverse":false,"block_reasons":[]},"source_checks":[{"provider":"eodhd","check":"eodhd","directory":null,"status":"inactive","ticker":"OLD","observed_at":"2026-09-05T01:00:00Z","url":null},{"provider":"massive","check":"delisting","directory":null,"status":"inactive","ticker":"OLD","observed_at":"2026-09-05T01:00:00Z","url":null},{"provider":"massive","check":"otc","directory":null,"status":"not_found","ticker":"OLD","observed_at":"2026-09-05T01:00:00Z","url":null},{"provider":"massive","check":"stocks","directory":null,"status":"not_found","ticker":"OLD","observed_at":"2026-09-05T01:00:00Z","url":null},{"provider":"nasdaq","check":"nasdaq","directory":"nasdaq_listed","status":"not_found","ticker":"OLD","observed_at":"2026-09-05T01:00:00Z","url":null},{"provider":"nasdaq","check":"nasdaq","directory":"other_listed","status":"not_found","ticker":"OLD","observed_at":"2026-09-05T01:00:00Z","url":null}],"source_notices":[]}]})
i18next: languageChanged zh-Hant

stdout | src/lifecycle/currentReviewContract.test.ts > rejects malformed current data instead of displaying a healthy empty view ({"items":[{"review_id":"slpr_8bbfc1abdcbc2ef1c6d21f26d070d5e8fd7c94a07d011859c047cc7bc07c06f4","case_ids":["slc_c32970319a94016ddf258a0252d2ca09f4356f830993df66f0569563d1c8b28c"],"ticker":"OLD","issuer_name":null,"bucket":"attention","finding":"old_listing_inactive","reason":"removal_requires_confirmation","collection":{"state":"tracking","sources":["manual_lists","sa_alpha_picks_former"]},"listing":{"state":"inactive","basis":"observation","ended_on":"2023-05-16"},"continuation":{"state":"unavailable","successor_ticker":null,"candidate_tickers":[]},"observed_at":"2026-09-05T01:00:00Z","next_check_at":null,"diagnostics":{"code":"listing_checks","missing_checks":["continuation"],"provider_issues":[{"provider":"massive","reason":"not_found"}],"manual_review_required":false},"next_action":{"kind":"resume","state":"not_prepared","case_id":"slc_c32970319a94016ddf258a0252d2ca09f4356f830993df66f0569563d1c8b28c","assessment_id":"sla_aaaaaaaaaaaaaaaaaaaaaaaaaaaaaaaa","transition_id":null,"preview_sha256":null,"transition_kind":null,"execute_on":null,"current_effects_match":null,"can_reverse":false,"block_reasons":[]},"source_checks":[{"provider":"eodhd","check":"eodhd","directory":null,"status":"inactive","ticker":"OLD","observed_at":"2026-09-05T01:00:00Z","url":null},{"provider":"massive","check":"delisting","directory":null,"status":"inactive","ticker":"OLD","observed_at":"2026-09-05T01:00:00Z","url":null},{"provider":"massive","check":"otc","directory":null,"status":"not_found","ticker":"OLD","observed_at":"2026-09-05T01:00:00Z","url":null},{"provider":"massive","check":"stocks","directory":null,"status":"not_found","ticker":"OLD","observed_at":"2026-09-05T01:00:00Z","url":null},{"provider":"nasdaq","check":"nasdaq","directory":"nasdaq_listed","status":"not_found","ticker":"OLD","observed_at":"2026-09-05T01:00:00Z","url":null},{"provider":"nasdaq","check":"nasdaq","directory":"other_listed","status":"not_found","ticker":"OLD","observed_at":"2026-09-05T01:00:00Z","url":null}],"source_notices":[]}]})
i18next: languageChanged zh-Hant

stdout | src/lifecycle/currentReviewContract.test.ts > rejects malformed current data instead of displaying a healthy empty view ({"items":[{"review_id":"slpr_8bbfc1abdcbc2ef1c6d21f26d070d5e8fd7c94a07d011859c047cc7bc07c06f4","case_ids":["slc_c32970319a94016ddf258a0252d2ca09f4356f830993df66f0569563d1c8b28c"],"ticker":"OLD","issuer_name":null,"bucket":"attention","finding":"old_listing_inactive","reason":"removal_requires_confirmation","collection":{"state":"tracking","sources":["manual_lists","sa_alpha_picks_former"]},"listing":{"state":"inactive","basis":"observation","ended_on":"2023-05-16"},"continuation":{"state":"unavailable","successor_ticker":null,"candidate_tickers":[]},"observed_at":"2026-09-05T01:00:00Z","next_check_at":null,"diagnostics":{"code":"listing_checks","missing_checks":["continuation"],"provider_issues":[{"provider":"massive","reason":"not_found"}],"manual_review_required":false},"next_action":{"kind":"review_removal","state":"scheduled","case_id":"slc_c32970319a94016ddf258a0252d2ca09f4356f830993df66f0569563d1c8b28c","assessment_id":"sla_aaaaaaaaaaaaaaaaaaaaaaaaaaaaaaaa","transition_id":"slt_existing","preview_sha256":null,"transition_kind":null,"execute_on":null,"current_effects_match":null,"can_reverse":false,"block_reasons":[]},"source_checks":[{"provider":"eodhd","check":"eodhd","directory":null,"status":"inactive","ticker":"OLD","observed_at":"2026-09-05T01:00:00Z","url":null},{"provider":"massive","check":"delisting","directory":null,"status":"inactive","ticker":"OLD","observed_at":"2026-09-05T01:00:00Z","url":null},{"provider":"massive","check":"otc","directory":null,"status":"not_found","ticker":"OLD","observed_at":"2026-09-05T01:00:00Z","url":null},{"provider":"massive","check":"stocks","directory":null,"status":"not_found","ticker":"OLD","observed_at":"2026-09-05T01:00:00Z","url":null},{"provider":"nasdaq","check":"nasdaq","directory":"nasdaq_listed","status":"not_found","ticker":"OLD","observed_at":"2026-09-05T01:00:00Z","url":null},{"provider":"nasdaq","check":"nasdaq","directory":"other_listed","status":"not_found","ticker":"OLD","observed_at":"2026-09-05T01:00:00Z","url":null}],"source_notices":[]}]})
i18next: languageChanged zh-Hant

stdout | src/lifecycle/currentReviewContract.test.ts > rejects malformed current data instead of displaying a healthy empty view ({"items":[{"review_id":"slpr_8bbfc1abdcbc2ef1c6d21f26d070d5e8fd7c94a07d011859c047cc7bc07c06f4","case_ids":["slc_c32970319a94016ddf258a0252d2ca09f4356f830993df66f0569563d1c8b28c"],"ticker":"OLD","issuer_name":null,"bucket":"attention","finding":"old_listing_inactive","reason":"removal_requires_confirmation","collection":{"state":"tracking","sources":["manual_lists","sa_alpha_picks_former"]},"listing":{"state":"inactive","basis":"observation","ended_on":"2023-05-16"},"continuation":{"state":"unavailable","successor_ticker":null,"candidate_tickers":[]},"observed_at":"2026-09-05T01:00:00Z","next_check_at":null,"diagnostics":{"code":"listing_checks","missing_checks":["continuation"],"provider_issues":[{"provider":"massive","reason":"not_found"}],"manual_review_required":false},"next_action":{"kind":"review_removal","state":"not_prepared","case_id":"slc_c32970319a94016ddf258a0252d2ca09f4356f830993df66f0569563d1c8b28c","assessment_id":"sla_aaaaaaaaaaaaaaaaaaaaaaaaaaaaaaaa","transition_id":null,"preview_sha256":null,"transition_kind":null,"execute_on":null,"current_effects_match":null,"can_reverse":true,"block_reasons":[]},"source_checks":[{"provider":"eodhd","check":"eodhd","directory":null,"status":"inactive","ticker":"OLD","observed_at":"2026-09-05T01:00:00Z","url":null},{"provider":"massive","check":"delisting","directory":null,"status":"inactive","ticker":"OLD","observed_at":"2026-09-05T01:00:00Z","url":null},{"provider":"massive","check":"otc","directory":null,"status":"not_found","ticker":"OLD","observed_at":"2026-09-05T01:00:00Z","url":null},{"provider":"massive","check":"stocks","directory":null,"status":"not_found","ticker":"OLD","observed_at":"2026-09-05T01:00:00Z","url":null},{"provider":"nasdaq","check":"nasdaq","directory":"nasdaq_listed","status":"not_found","ticker":"OLD","observed_at":"2026-09-05T01:00:00Z","url":null},{"provider":"nasdaq","check":"nasdaq","directory":"other_listed","status":"not_found","ticker":"OLD","observed_at":"2026-09-05T01:00:00Z","url":null}],"source_notices":[]}]})
i18next: languageChanged zh-Hant

stdout | src/lifecycle/currentReviewContract.test.ts > rejects malformed current data instead of displaying a healthy empty view ({"items":[{"review_id":"slpr_8bbfc1abdcbc2ef1c6d21f26d070d5e8fd7c94a07d011859c047cc7bc07c06f4","case_ids":["slc_c32970319a94016ddf258a0252d2ca09f4356f830993df66f0569563d1c8b28c"],"ticker":"OLD","issuer_name":null,"bucket":"attention","finding":"old_listing_inactive","reason":"removal_requires_confirmation","collection":{"state":"tracking","sources":["manual_lists","sa_alpha_picks_former"]},"listing":{"state":"inactive","basis":"observation","ended_on":"2023-05-16"},"continuation":{"state":"unavailable","successor_ticker":null,"candidate_tickers":[]},"observed_at":"2026-09-05T01:00:00Z","next_check_at":null,"diagnostics":{"code":"listing_checks","missing_checks":["continuation"],"provider_issues":[{"provider":"massive","reason":"not_found"}],"manual_review_required":false},"next_action":{"kind":"review_removal","state":"not_prepared","case_id":"slc_c32970319a94016ddf258a0252d2ca09f4356f830993df66f0569563d1c8b28c","assessment_id":"sla_aaaaaaaaaaaaaaaaaaaaaaaaaaaaaaaa","transition_id":"slt_unexpected","preview_sha256":null,"transition_kind":null,"execute_on":null,"current_effects_match":null,"can_reverse":false,"block_reasons":[]},"source_checks":[{"provider":"eodhd","check":"eodhd","directory":null,"status":"inactive","ticker":"OLD","observed_at":"2026-09-05T01:00:00Z","url":null},{"provider":"massive","check":"delisting","directory":null,"status":"inactive","ticker":"OLD","observed_at":"2026-09-05T01:00:00Z","url":null},{"provider":"massive","check":"otc","directory":null,"status":"not_found","ticker":"OLD","observed_at":"2026-09-05T01:00:00Z","url":null},{"provider":"massive","check":"stocks","directory":null,"status":"not_found","ticker":"OLD","observed_at":"2026-09-05T01:00:00Z","url":null},{"provider":"nasdaq","check":"nasdaq","directory":"nasdaq_listed","status":"not_found","ticker":"OLD","observed_at":"2026-09-05T01:00:00Z","url":null},{"provider":"nasdaq","check":"nasdaq","directory":"other_listed","status":"not_found","ticker":"OLD","observed_at":"2026-09-05T01:00:00Z","url":null}],"source_notices":[]}]})
i18next: languageChanged zh-Hant

stdout | src/lifecycle/currentReviewContract.test.ts > rejects malformed current data instead of displaying a healthy empty view ({"items":[{"review_id":"slpr_8bbfc1abdcbc2ef1c6d21f26d070d5e8fd7c94a07d011859c047cc7bc07c06f4","case_ids":["slc_c32970319a94016ddf258a0252d2ca09f4356f830993df66f0569563d1c8b28c"],"ticker":"OLD","issuer_name":null,"bucket":"attention","finding":"old_listing_inactive","reason":"removal_requires_confirmation","collection":{"state":"tracking","sources":["manual_lists","sa_alpha_picks_former"]},"listing":{"state":"inactive","basis":"observation","ended_on":"2023-05-16"},"continuation":{"state":"unavailable","successor_ticker":null,"candidate_tickers":[]},"observed_at":"2026-09-05T01:00:00Z","next_check_at":null,"diagnostics":{"code":"listing_checks","missing_checks":["continuation"],"provider_issues":[{"provider":"massive","reason":"not_found"}],"manual_review_required":false},"next_action":{"kind":"review_removal","state":"not_prepared","case_id":"slc_c32970319a94016ddf258a0252d2ca09f4356f830993df66f0569563d1c8b28c","assessment_id":"sla_aaaaaaaaaaaaaaaaaaaaaaaaaaaaaaaa","transition_id":null,"preview_sha256":null,"transition_kind":null,"execute_on":null,"current_effects_match":true,"can_reverse":false,"block_reasons":[]},"source_checks":[{"provider":"eodhd","check":"eodhd","directory":null,"status":"inactive","ticker":"OLD","observed_at":"2026-09-05T01:00:00Z","url":null},{"provider":"massive","check":"delisting","directory":null,"status":"inactive","ticker":"OLD","observed_at":"2026-09-05T01:00:00Z","url":null},{"provider":"massive","check":"otc","directory":null,"status":"not_found","ticker":"OLD","observed_at":"2026-09-05T01:00:00Z","url":null},{"provider":"massive","check":"stocks","directory":null,"status":"not_found","ticker":"OLD","observed_at":"2026-09-05T01:00:00Z","url":null},{"provider":"nasdaq","check":"nasdaq","directory":"nasdaq_listed","status":"not_found","ticker":"OLD","observed_at":"2026-09-05T01:00:00Z","url":null},{"provider":"nasdaq","check":"nasdaq","directory":"other_listed","status":"not_found","ticker":"OLD","observed_at":"2026-09-05T01:00:00Z","url":null}],"source_notices":[]}]})
i18next: languageChanged zh-Hant

stdout | src/lifecycle/currentReviewContract.test.ts > rejects malformed current data instead of displaying a healthy empty view ({"items":[{"review_id":"slpr_8bbfc1abdcbc2ef1c6d21f26d070d5e8fd7c94a07d011859c047cc7bc07c06f4","case_ids":["slc_c32970319a94016ddf258a0252d2ca09f4356f830993df66f0569563d1c8b28c"],"ticker":"OLD","issuer_name":null,"bucket":"attention","finding":"old_listing_inactive","reason":"removal_requires_confirmation","collection":{"state":"tracking","sources":["manual_lists","sa_alpha_picks_former"]},"listing":{"state":"inactive","basis":"observation","ended_on":"2023-05-16"},"continuation":{"state":"unavailable","successor_ticker":null,"candidate_tickers":[]},"observed_at":"2026-09-05T01:00:00Z","next_check_at":null,"diagnostics":{"code":"listing_checks","missing_checks":["continuation"],"provider_issues":[{"provider":"massive","reason":"not_found"}],"manual_review_required":false},"next_action":{"kind":"review_removal","state":"not_prepared","case_id":"slc_c32970319a94016ddf258a0252d2ca09f4356f830993df66f0569563d1c8b28c","assessment_id":"sla_aaaaaaaaaaaaaaaaaaaaaaaaaaaaaaaa","transition_id":null,"preview_sha256":null,"transition_kind":null,"execute_on":null,"current_effects_match":null,"can_reverse":false,"block_reasons":[]},"source_checks":[{"provider":"eodhd","check":"eodhd","directory":"unexpected","status":"inactive","ticker":"OLD","observed_at":"2026-09-05T01:00:00Z","url":null},{"provider":"massive","check":"delisting","directory":"unexpected","status":"inactive","ticker":"OLD","observed_at":"2026-09-05T01:00:00Z","url":null},{"provider":"massive","check":"otc","directory":"unexpected","status":"not_found","ticker":"OLD","observed_at":"2026-09-05T01:00:00Z","url":null},{"provider":"massive","check":"stocks","directory":"unexpected","status":"not_found","ticker":"OLD","observed_at":"2026-09-05T01:00:00Z","url":null},{"provider":"nasdaq","check":"nasdaq","directory":"unexpected","status":"not_found","ticker":"OLD","observed_at":"2026-09-05T01:00:00Z","url":null},{"provider":"nasdaq","check":"nasdaq","directory":"unexpected","status":"not_found","ticker":"OLD","observed_at":"2026-09-05T01:00:00Z","url":null}],"source_notices":[]}]})
i18next: languageChanged zh-Hant

stdout | src/lifecycle/currentReviewContract.test.ts > rejects malformed current data instead of displaying a healthy empty view ({"items":[{"review_id":"slpr_8bbfc1abdcbc2ef1c6d21f26d070d5e8fd7c94a07d011859c047cc7bc07c06f4","case_ids":["slc_c32970319a94016ddf258a0252d2ca09f4356f830993df66f0569563d1c8b28c"],"ticker":"OLD","issuer_name":null,"bucket":"attention","finding":"old_listing_inactive","reason":"removal_requires_confirmation","collection":{"state":"tracking","sources":["manual_lists","sa_alpha_picks_former"]},"listing":{"state":"inactive","basis":"observation","ended_on":"2023-05-16"},"continuation":{"state":"unavailable","successor_ticker":null,"candidate_tickers":[]},"observed_at":"2026-09-05T01:00:00Z","next_check_at":null,"diagnostics":{"code":"listing_checks","missing_checks":["continuation"],"provider_issues":[{"provider":"massive","reason":"not_found"}],"manual_review_required":false},"next_action":{"kind":"review_removal","state":"not_prepared","case_id":"slc_c32970319a94016ddf258a0252d2ca09f4356f830993df66f0569563d1c8b28c","assessment_id":"sla_aaaaaaaaaaaaaaaaaaaaaaaaaaaaaaaa","transition_id":null,"preview_sha256":null,"transition_kind":null,"execute_on":null,"current_effects_match":null,"can_reverse":false,"block_reasons":[]},"source_checks":[{"provider":"eodhd","check":"eodhd","directory":null,"status":"inactive","ticker":"OLD","observed_at":"2026-09-05T01:00:00Z","url":null},{"provider":"massive","check":"delisting","directory":null,"status":"inactive","ticker":"OLD","observed_at":"2026-09-05T01:00:00Z","url":null},{"provider":"massive","check":"otc","directory":null,"status":"not_found","ticker":"OLD","observed_at":"2026-09-05T01:00:00Z","url":null},{"provider":"massive","check":"stocks","directory":null,"status":"not_found","ticker":"OLD","observed_at":"2026-09-05T01:00:00Z","url":null},{"provider":"nasdaq","check":"nasdaq","directory":null,"status":"not_found","ticker":"OLD","observed_at":"2026-09-05T01:00:00Z","url":null},{"provider":"nasdaq","check":"nasdaq","directory":null,"status":"not_found","ticker":"OLD","observed_at":"2026-09-05T01:00:00Z","url":null}],"source_notices":[]}]})
i18next: languageChanged zh-Hant

stdout | src/lifecycle/currentReviewContract.test.ts > rejects malformed current data instead of displaying a healthy empty view ({"items":[{"review_id":"slpr_8bbfc1abdcbc2ef1c6d21f26d070d5e8fd7c94a07d011859c047cc7bc07c06f4","case_ids":["slc_c32970319a94016ddf258a0252d2ca09f4356f830993df66f0569563d1c8b28c"],"ticker":"OLD","issuer_name":null,"bucket":"attention","finding":"old_listing_inactive","reason":"removal_requires_confirmation","collection":{"state":"tracking","sources":["manual_lists","sa_alpha_picks_former"]},"listing":{"state":"inactive","basis":"observation","ended_on":"2023-05-16"},"continuation":{"state":"unavailable","successor_ticker":null,"candidate_tickers":[]},"observed_at":"2026-09-05T01:00:00Z","next_check_at":null,"diagnostics":{"code":"listing_checks","missing_checks":null,"provider_issues":[{"provider":"massive","reason":"not_found"}],"manual_review_required":false},"next_action":{"kind":"review_removal","state":"not_prepared","case_id":"slc_c32970319a94016ddf258a0252d2ca09f4356f830993df66f0569563d1c8b28c","assessment_id":"sla_aaaaaaaaaaaaaaaaaaaaaaaaaaaaaaaa","transition_id":null,"preview_sha256":null,"transition_kind":null,"execute_on":null,"current_effects_match":null,"can_reverse":false,"block_reasons":[]},"source_checks":[{"provider":"eodhd","check":"eodhd","directory":null,"status":"inactive","ticker":"OLD","observed_at":"2026-09-05T01:00:00Z","url":null},{"provider":"massive","check":"delisting","directory":null,"status":"inactive","ticker":"OLD","observed_at":"2026-09-05T01:00:00Z","url":null},{"provider":"massive","check":"otc","directory":null,"status":"not_found","ticker":"OLD","observed_at":"2026-09-05T01:00:00Z","url":null},{"provider":"massive","check":"stocks","directory":null,"status":"not_found","ticker":"OLD","observed_at":"2026-09-05T01:00:00Z","url":null},{"provider":"nasdaq","check":"nasdaq","directory":"nasdaq_listed","status":"not_found","ticker":"OLD","observed_at":"2026-09-05T01:00:00Z","url":null},{"provider":"nasdaq","check":"nasdaq","directory":"other_listed","status":"not_found","ticker":"OLD","observed_at":"2026-09-05T01:00:00Z","url":null}],"source_notices":[]}]})
i18next: languageChanged zh-Hant

stdout | src/lifecycle/currentReviewContract.test.ts > rejects malformed action packets before a confirmation can be offered ({"ready":"true"})
i18next: languageChanged zh-Hant

stdout | src/lifecycle/currentReviewContract.test.ts > rejects malformed action packets before a confirmation can be offered ({"action":"acquisition"})
i18next: languageChanged zh-Hant

stdout | src/lifecycle/currentReviewContract.test.ts > rejects malformed action packets before a confirmation can be offered ({"effects":null})
i18next: languageChanged zh-Hant

stdout | src/lifecycle/currentReviewContract.test.ts > rejects malformed action packets before a confirmation can be offered ({"block_reasons":null})
i18next: languageChanged zh-Hant

stdout | src/lifecycle/currentReviewContract.test.ts > rejects malformed action packets before a confirmation can be offered ({"ready":true,"block_reasons":["listing_authority_required"]})
i18next: languageChanged zh-Hant

stdout | src/lifecycle/currentReviewContract.test.ts > rejects malformed action packets before a confirmation can be offered ({"execute_on":"2026-02-30"})
i18next: languageChanged zh-Hant

stdout | src/lifecycle/currentReviewContract.test.ts > rejects malformed action packets before a confirmation can be offered ({"effects":{"watchlists":{},"legacy_config_seed":{"add":[],"archive":[],"reactivate":[],"unchanged":[]},"editable_tags_to_copy":[],"priority":{"resolution":null,"result_value":null,"source_value":null,"successor_value":null,"write_successor":false},"suppression":{"hide_source":true,"source_hidden":false,"successor_hidden":false,"unhide_successor":false},"sa_tracking_memberships":[{"ticker":"OLD","picked_date":"2023-01-01","portfolio_status":"closed","current_tracking":false,"removed":false}]}})
i18next: languageChanged zh-Hant

stdout | src/lifecycle/currentReviewContract.test.ts > rejects malformed action packets before a confirmation can be offered ({"finding":{"conclusion":"Reviewed explicit delisting with current trading checks; no acquirer alias is authorized.","impact_summary":"Stop collection, preserve history.","relevance":"direct_tracked_security","confidence":"high","outcomes":null,"successor_ticker":null,"destination_venue":null,"effective_date":"2023-05-16","counterparty_name":null,"counterparty_ticker":null,"counterparty_cik":null,"consideration_currency":null,"cash_per_security_decimal":null,"exchange_ratio_decimal":null}})
i18next: languageChanged zh-Hant

stdout | src/lifecycle/currentReviewContract.test.ts > rejects malformed action packets before a confirmation can be offered ({"source_references":null})
i18next: languageChanged zh-Hant

stdout | src/lifecycle/currentReviewContract.test.ts > rejects malformed action packets before a confirmation can be offered ({"options":{"execute_on":"2026-09-05","priority_resolution":null,"unhide_successor":false}})
i18next: languageChanged zh-Hant

stdout | src/lifecycle/currentReviewContract.test.ts > rejects false applied readbacks and preserves approved, scheduled and blocked states
i18next: languageChanged zh-Hant

stdout | src/lifecycle/currentReviewContract.test.ts > does not attach checked applied effects to approved
i18next: languageChanged zh-Hant

stdout | src/lifecycle/currentReviewContract.test.ts > does not attach checked applied effects to scheduled
i18next: languageChanged zh-Hant

stdout | src/lifecycle/currentReviewContract.test.ts > does not attach checked applied effects to blocked
i18next: languageChanged zh-Hant

stdout | src/lifecycle/currentReviewContract.test.ts > does not attach checked applied effects to cancelled
i18next: languageChanged zh-Hant

stdout | src/lifecycle/currentReviewContract.test.ts > does not attach checked applied effects to reversed
i18next: languageChanged zh-Hant

stdout | src/lifecycle/currentReviewContract.test.ts > reads with GET, checks result identity and submits exactly one confirmation command
i18next: languageChanged zh-Hant

stdout | src/lifecycle/currentReviewContract.test.ts > rejects a different review or receipt instead of applying its result to the selected row
i18next: languageChanged zh-Hant

stdout | src/lifecycle/currentReviewContract.test.ts > checks the case identity returned by a lazy audit request
i18next: languageChanged zh-Hant

stdout | src/lifecycle/currentReviewContract.test.ts > validates the explicit translation response ({"evidence_id":"other"})
i18next: languageChanged zh-Hant

stdout | src/lifecycle/currentReviewContract.test.ts > validates the explicit translation response ({"locale":"zh-Hant"})
i18next: languageChanged zh-Hant

stdout | src/lifecycle/currentReviewContract.test.ts > validates the explicit translation response ({"translated_text":null})
i18next: languageChanged zh-Hant

stdout | src/lifecycle/currentReviewContract.test.ts > rejects malformed tracking activity before opening its UI (null)
i18next: languageChanged zh-Hant

stdout | src/lifecycle/currentReviewContract.test.ts > rejects malformed tracking activity before opening its UI ({})
i18next: languageChanged zh-Hant

stdout | src/lifecycle/currentReviewContract.test.ts > rejects malformed tracking activity before opening its UI ({"items":null,"count":0,"unacknowledged_count":0})
i18next: languageChanged zh-Hant

stdout | src/lifecycle/currentReviewContract.test.ts > rejects malformed tracking activity before opening its UI ({"items":[null],"count":1,"unacknowledged_count":1})
i18next: languageChanged zh-Hant

stdout | src/lifecycle/currentReviewContract.test.ts > rejects malformed tracking activity before opening its UI ({"items":[{"activity_type":"applied","user_owned_changes":null}],"count":1,"unacknowledged_count":1})
i18next: languageChanged zh-Hant

stdout | src/lifecycle/currentReviewContract.test.ts > reads the actual persisted tracking receipt through a closed activity projection
i18next: languageChanged zh-Hant

stdout | src/lifecycle/currentReviewContract.test.ts > binds activity acknowledgement to the requested receipt
i18next: languageChanged zh-Hant

stdout | src/lifecycle/currentReviewContract.test.ts > checks the nested tracking receipt used by the audit ({"user_owned_changes":null})
i18next: languageChanged zh-Hant

stdout | src/lifecycle/currentReviewContract.test.ts > checks the nested tracking receipt used by the audit ({"provider_owned_retained":{}})
i18next: languageChanged zh-Hant

stdout | src/lifecycle/currentReviewContract.test.ts > checks the nested tracking receipt used by the audit ({"effective_date":"2026-02-30"})
i18next: languageChanged zh-Hant

stdout | src/lifecycle/currentReviewContract.test.ts > checks the nested tracking receipt used by the audit ({"reverse_readiness":{"reversible":true,"block_reasons":["reverse_state_changed"]}})
i18next: languageChanged zh-Hant

stdout | src/lifecycle/currentReviewContract.test.ts > checks the nested tracking receipt used by the audit ({"reverse_readiness":{"reversible":"true","block_reasons":[]}})
i18next: languageChanged zh-Hant

stdout | src/lifecycle/currentReviewContract.test.ts > does not claim an unacknowledged receipt has been acknowledged
i18next: languageChanged zh-Hant

stdout | src/lifecycle/currentReviewContract.test.ts > does not bypass current-list parsing at the real API boundary
i18next: languageChanged zh-Hant

 ✓ src/lifecycle/currentReviewContract.test.ts (68 tests) 39ms
stdout | src/lifecycle/LifecycleWebPanel.test.tsx > opening, reloading and reading a saved investigation never dispatch a model
i18next: languageChanged zh-Hant

stdout | src/lifecycle/LifecycleWebPanel.test.tsx > opening, reloading and reading a saved investigation never dispatch a model
i18next: languageChanged en

stdout | src/lifecycle/LifecycleWebPanel.test.tsx > opening, reloading and reading a saved investigation never dispatch a model
i18next: languageChanged en

stdout | src/lifecycle/LifecycleWebPanel.test.tsx > shows selected context honestly without claiming the model read the complete source
i18next: languageChanged zh-Hant

stdout | src/lifecycle/LifecycleWebPanel.test.tsx > shows selected context honestly without claiming the model read the complete source
i18next: languageChanged en

stdout | src/lifecycle/LifecycleWebPanel.test.tsx > shows selected context honestly without claiming the model read the complete source
i18next: languageChanged en

stdout | src/lifecycle/LifecycleWebPanel.test.tsx > shows selected context honestly without claiming the model read the complete source
i18next: languageChanged zh-Hant

stdout | src/lifecycle/LifecycleWebPanel.test.tsx > shows measured source failure details instead of guessing a document or model failure
i18next: languageChanged zh-Hant

stdout | src/lifecycle/LifecycleWebPanel.test.tsx > shows measured source failure details instead of guessing a document or model failure
i18next: languageChanged en

stdout | src/lifecycle/LifecycleWebPanel.test.tsx > shows measured source failure details instead of guessing a document or model failure
i18next: languageChanged en

stdout | src/lifecycle/LifecycleWebPanel.test.tsx > shows selected OAuth and cost before one explicit launch
i18next: languageChanged zh-Hant

stdout | src/lifecycle/LifecycleWebPanel.test.tsx > shows selected OAuth and cost before one explicit launch
i18next: languageChanged en

stdout | src/lifecycle/LifecycleWebPanel.test.tsx > shows selected OAuth and cost before one explicit launch
i18next: languageChanged en

stdout | src/lifecycle/LifecycleWebPanel.test.tsx > requires action-specific confirmation after reading sources and exact effects
i18next: languageChanged zh-Hant

stdout | src/lifecycle/LifecycleWebPanel.test.tsx > requires action-specific confirmation after reading sources and exact effects
i18next: languageChanged en

stdout | src/lifecycle/LifecycleWebPanel.test.tsx > requires action-specific confirmation after reading sources and exact effects
i18next: languageChanged en

stdout | src/lifecycle/LifecycleWebPanel.test.tsx > shows unread references and the reviewed conclusion at the last confirmation (en)
i18next: languageChanged zh-Hant

stdout | src/lifecycle/LifecycleWebPanel.test.tsx > shows unread references and the reviewed conclusion at the last confirmation (en)
i18next: languageChanged en

stdout | src/lifecycle/LifecycleWebPanel.test.tsx > shows unread references and the reviewed conclusion at the last confirmation (en)
i18next: languageChanged en

stdout | src/lifecycle/LifecycleWebPanel.test.tsx > shows unread references and the reviewed conclusion at the last confirmation (zh-Hant)
i18next: languageChanged zh-Hant

stdout | src/lifecycle/LifecycleWebPanel.test.tsx > shows unread references and the reviewed conclusion at the last confirmation (zh-Hant)
i18next: languageChanged en

stdout | src/lifecycle/LifecycleWebPanel.test.tsx > shows unread references and the reviewed conclusion at the last confirmation (zh-Hant)
i18next: languageChanged zh-Hant

stdout | src/lifecycle/LifecycleWebPanel.test.tsx > keeps a legacy missing URL explicit instead of inventing a link or claiming no gaps
i18next: languageChanged zh-Hant

stdout | src/lifecycle/LifecycleWebPanel.test.tsx > keeps a legacy missing URL explicit instead of inventing a link or claiming no gaps
i18next: languageChanged en

stdout | src/lifecycle/LifecycleWebPanel.test.tsx > keeps a legacy missing URL explicit instead of inventing a link or claiming no gaps
i18next: languageChanged en

stdout | src/lifecycle/LifecycleWebPanel.test.tsx > does not offer human confirmation when a read gap accompanies a material conflict
i18next: languageChanged zh-Hant

stdout | src/lifecycle/LifecycleWebPanel.test.tsx > does not offer human confirmation when a read gap accompanies a material conflict
i18next: languageChanged en

stdout | src/lifecycle/LifecycleWebPanel.test.tsx > does not offer human confirmation when a read gap accompanies a material conflict
i18next: languageChanged en

stdout | src/lifecycle/LifecycleWebPanel.test.tsx > invalidates Web confirmation immediately when its reviewed execution date changes
i18next: languageChanged zh-Hant

stdout | src/lifecycle/LifecycleWebPanel.test.tsx > invalidates Web confirmation immediately when its reviewed execution date changes
i18next: languageChanged en

stdout | src/lifecycle/LifecycleWebPanel.test.tsx > invalidates Web confirmation immediately when its reviewed execution date changes
i18next: languageChanged en

stdout | src/lifecycle/LifecycleWebPanel.test.tsx > cancel acknowledgment stays pending, then an unknown outcome stays visible without retry
i18next: languageChanged zh-Hant

stdout | src/lifecycle/LifecycleWebPanel.test.tsx > cancel acknowledgment stays pending, then an unknown outcome stays visible without retry
i18next: languageChanged en

stdout | src/lifecycle/LifecycleWebPanel.test.tsx > cancel acknowledgment stays pending, then an unknown outcome stays visible without retry
i18next: languageChanged en

stdout | src/lifecycle/LifecycleWebPanel.test.tsx > cancel acknowledgment stays pending, then an unknown outcome stays visible without retry
i18next: languageChanged zh-Hant

stdout | src/lifecycle/LifecycleWebPanel.test.tsx > does not show another case's late response or reuse its launch confirmation
i18next: languageChanged zh-Hant

stdout | src/lifecycle/LifecycleWebPanel.test.tsx > does not show another case's late response or reuse its launch confirmation
i18next: languageChanged en

stdout | src/lifecycle/LifecycleWebPanel.test.tsx > does not show another case's late response or reuse its launch confirmation
i18next: languageChanged en

stdout | src/lifecycle/LifecycleWebPanel.test.tsx > does not show another case's late response or reuse its launch confirmation
i18next: languageChanged en

stdout | src/lifecycle/LifecycleWebPanel.test.tsx > makes an unavailable credential visible without another credential choice or silent retry
i18next: languageChanged zh-Hant

stdout | src/lifecycle/LifecycleWebPanel.test.tsx > makes an unavailable credential visible without another credential choice or silent retry
i18next: languageChanged en

stdout | src/lifecycle/LifecycleWebPanel.test.tsx > makes an unavailable credential visible without another credential choice or silent retry
i18next: languageChanged en

stdout | src/lifecycle/LifecycleWebPanel.test.tsx > keeps changed effects blocked and offers a fresh review, not another provider call
i18next: languageChanged zh-Hant

stdout | src/lifecycle/LifecycleWebPanel.test.tsx > keeps changed effects blocked and offers a fresh review, not another provider call
i18next: languageChanged en

stdout | src/lifecycle/LifecycleWebPanel.test.tsx > keeps changed effects blocked and offers a fresh review, not another provider call
i18next: languageChanged en

stdout | src/lifecycle/LifecycleWebPanel.test.tsx > localizes the whole web surface and its OAuth provenance
i18next: languageChanged zh-Hant

stdout | src/lifecycle/LifecycleWebPanel.test.tsx > localizes the whole web surface and its OAuth provenance
i18next: languageChanged en

stdout | src/lifecycle/LifecycleWebPanel.test.tsx > localizes the whole web surface and its OAuth provenance
i18next: languageChanged zh-Hant

 ✓ src/lifecycle/LifecycleWebPanel.test.tsx (15 tests) 191ms

 Test Files  3 passed (3)
      Tests  109 passed (109)
   Start at  15:00:15
   Duration  1.16s (transform 524ms, setup 450ms, import 432ms, tests 253ms, environment 998ms)

JSON report written to /tmp/lifecycle-gap-adoption-r1/target-frontend-r2.json
