{
  "cases": [
    {
      "classification": "pass",
      "error": null,
      "indexed_count": 2,
      "integrity_check": [
        "ok"
      ],
      "journal_mode": "memory",
      "name": "upstream_replace_duplicate",
      "quick_check": [
        "ok"
      ],
      "role": "reproducer",
      "sql": "CREATE TABLE v0(c1 INTEGER PRIMARY KEY ON CONFLICT REPLACE,c2 UNIQUE);\nINSERT INTO v0 VALUES(0,33),(11,22);\nREPLACE INTO v0 VALUES(0,11) ON CONFLICT(c2) DO UPDATE SET c1=c2,c2=c2 ON CONFLICT(c2) DO UPDATE SET c1=c1,c2=c1;",
      "sqlite_source_id": "2026-07-24 19:02:57 bf7c7f30031888f4e796e429ab3978879485813aaca6f641c7b33e4e09459bcc",
      "sqlite_version": "3.53.4",
      "table_count": 2,
      "table_rows": [
        [
          0,
          11
        ],
        [
          11,
          22
        ]
      ]
    },
    {
      "classification": "pass",
      "error": null,
      "indexed_count": 2,
      "integrity_check": [
        "ok"
      ],
      "journal_mode": "memory",
      "name": "insert_schema_replace_duplicate",
      "quick_check": [
        "ok"
      ],
      "role": "reproducer",
      "sql": "CREATE TABLE v0(c1 INTEGER PRIMARY KEY ON CONFLICT REPLACE,c2 UNIQUE);\nINSERT INTO v0 VALUES(0,33),(11,22);\nINSERT INTO v0 VALUES(0,11) ON CONFLICT(c2) DO UPDATE SET c1=c2,c2=c2 ON CONFLICT(c2) DO UPDATE SET c1=c1,c2=c1;",
      "sqlite_source_id": "2026-07-24 19:02:57 bf7c7f30031888f4e796e429ab3978879485813aaca6f641c7b33e4e09459bcc",
      "sqlite_version": "3.53.4",
      "table_count": 2,
      "table_rows": [
        [
          0,
          11
        ],
        [
          11,
          22
        ]
      ]
    },
    {
      "classification": "pass",
      "error": null,
      "indexed_count": 2,
      "integrity_check": [
        "ok"
      ],
      "journal_mode": "memory",
      "name": "insert_or_replace_duplicate",
      "quick_check": [
        "ok"
      ],
      "role": "reproducer",
      "sql": "CREATE TABLE v0(c1 INTEGER PRIMARY KEY,c2 UNIQUE);\nINSERT INTO v0 VALUES(0,33),(11,22);\nINSERT OR REPLACE INTO v0 VALUES(0,11) ON CONFLICT(c2) DO UPDATE SET c1=c2,c2=c2 ON CONFLICT(c2) DO UPDATE SET c1=c1,c2=c1;",
      "sqlite_source_id": "2026-07-24 19:02:57 bf7c7f30031888f4e796e429ab3978879485813aaca6f641c7b33e4e09459bcc",
      "sqlite_version": "3.53.4",
      "table_count": 2,
      "table_rows": [
        [
          0,
          11
        ],
        [
          11,
          22
        ]
      ]
    },
    {
      "classification": "pass",
      "error": null,
      "indexed_count": 2,
      "integrity_check": [
        "ok"
      ],
      "journal_mode": "memory",
      "name": "replace_single_clause",
      "quick_check": [
        "ok"
      ],
      "role": "control",
      "sql": "CREATE TABLE v0(c1 INTEGER PRIMARY KEY ON CONFLICT REPLACE,c2 UNIQUE);\nINSERT INTO v0 VALUES(0,33),(11,22);\nREPLACE INTO v0 VALUES(0,11) ON CONFLICT(c2) DO UPDATE SET c1=c2,c2=c2;",
      "sqlite_source_id": "2026-07-24 19:02:57 bf7c7f30031888f4e796e429ab3978879485813aaca6f641c7b33e4e09459bcc",
      "sqlite_version": "3.53.4",
      "table_count": 2,
      "table_rows": [
        [
          0,
          11
        ],
        [
          11,
          22
        ]
      ]
    },
    {
      "classification": "pass",
      "error": null,
      "indexed_count": 2,
      "integrity_check": [
        "ok"
      ],
      "journal_mode": "memory",
      "name": "insert_single_clause",
      "quick_check": [
        "ok"
      ],
      "role": "control",
      "sql": "CREATE TABLE v0(c1 INTEGER PRIMARY KEY ON CONFLICT REPLACE,c2 UNIQUE);\nINSERT INTO v0 VALUES(0,33),(11,22);\nINSERT INTO v0 VALUES(0,11) ON CONFLICT(c2) DO UPDATE SET c1=c2,c2=c2;",
      "sqlite_source_id": "2026-07-24 19:02:57 bf7c7f30031888f4e796e429ab3978879485813aaca6f641c7b33e4e09459bcc",
      "sqlite_version": "3.53.4",
      "table_count": 2,
      "table_rows": [
        [
          0,
          11
        ],
        [
          11,
          22
        ]
      ]
    }
  ],
  "classification": "all_pass",
  "error": null,
  "exit_code": 0,
  "python_executable": "/home/hyl/.virtualenvs/llm_app/bin/python",
  "python_flags": {
    "dont_write_bytecode": 1,
    "isolated": 1,
    "no_site": 1
  },
  "python_version": "3.10.12 (main, Aug 31 2026, 10:18:17) [GCC 11.4.0]",
  "reproduction_command": "env -i PATH=/usr/bin:/bin /home/hyl/.virtualenvs/llm_app/bin/python -I -S -B /tmp/arkscope-research-output-boundary/docs/superpowers/evidence/2026-09-11-sec-structured-source-core/sqlite_upsert_repro.py",
  "scope": "synthetic :memory: SQLite only; no App runtime or user-data assessment"
}
