........................................................................ [  7%]
........................................................................ [ 14%]
.........F.............................................................. [ 22%]
........................................................................ [ 29%]
........................................................................ [ 36%]
........................................................................ [ 44%]
........................................................................ [ 51%]
........................................................................ [ 59%]
........................................................................ [ 66%]
........................................................................ [ 73%]
........................................................................ [ 81%]
........................................................................ [ 88%]
........................................................................ [ 95%]
........................................                                 [100%]
=================================== FAILURES ===================================
___________ test_web_preflight_factory_uses_dedicated_profile_route ____________
tests/test_lifecycle_investigation_routing.py:196: in test_web_preflight_factory_uses_dedicated_profile_route
    assert requested == [TASK]
E   AssertionError: assert ['ai_research'] == ['lifecycle_investigation']
E     
E     At index 0 diff: 'ai_research' != 'lifecycle_investigation'
E     Use -v to get more diff
- generated xml file: /tmp/arkscope-lifecycle-terminal-membership/docs/superpowers/evidence/2026-09-07-lifecycle-independent-task/mutations-r1/borrow_research_route.xml -
=========================== short test summary info ============================
FAILED tests/test_lifecycle_investigation_routing.py::test_web_preflight_factory_uses_dedicated_profile_route
1 failed, 975 passed in 82.30s (0:01:22)
