........................................................................ [  7%]
........................................................................ [ 14%]
.....................................F.................................. [ 22%]
........................................................................ [ 29%]
........................................................................ [ 36%]
........................................................................ [ 44%]
........................................................................ [ 51%]
........................................................................ [ 59%]
........................................................................ [ 66%]
........................................................................ [ 73%]
........................................................................ [ 81%]
........................................................................ [ 88%]
........................................................................ [ 95%]
........................................                                 [100%]
=================================== FAILURES ===================================
_ test_investigation_schema_check_requires_completed_tool_free_witness[unexpected_search] _
tests/test_lifecycle_investigation_task_test.py:110: in test_investigation_schema_check_requires_completed_tool_free_witness
    assert result.status == "error"
E   AssertionError: assert 'ok' == 'error'
E     
E     - error
E     + ok
- generated xml file: /tmp/arkscope-lifecycle-terminal-membership/docs/superpowers/evidence/2026-09-07-lifecycle-independent-task/mutations-r1/ignore_unexpected_search.xml -
=========================== short test summary info ============================
FAILED tests/test_lifecycle_investigation_task_test.py::test_investigation_schema_check_requires_completed_tool_free_witness[unexpected_search]
1 failed, 975 passed in 70.11s (0:01:10)
