........................................................................ [  7%]
........................................................................ [ 14%]
.................................F...................................... [ 22%]
........................................................................ [ 29%]
........................................................................ [ 36%]
........................................................................ [ 44%]
........................................................................ [ 51%]
........................................................................ [ 59%]
........................................................................ [ 66%]
........................................................................ [ 73%]
........................................................................ [ 81%]
........................................................................ [ 88%]
........................................................................ [ 95%]
........................................                                 [100%]
=================================== FAILURES ===================================
__ test_investigation_schema_check_does_not_accept_malformed_success[output1] __
tests/test_lifecycle_investigation_task_test.py:101: in test_investigation_schema_check_does_not_accept_malformed_success
    assert result.status == "error"
E   AssertionError: assert 'ok' == 'error'
E     
E     - error
E     + ok
- generated xml file: /tmp/arkscope-lifecycle-terminal-membership/docs/superpowers/evidence/2026-09-07-lifecycle-independent-task/mutations-r1/ignore_result_schema.xml -
=========================== short test summary info ============================
FAILED tests/test_lifecycle_investigation_task_test.py::test_investigation_schema_check_does_not_accept_malformed_success[output1]
1 failed, 975 passed in 69.48s (0:01:09)
