........................................................................ [  7%]
........................................................................ [ 14%]
..........F............................................................. [ 22%]
........................................................................ [ 29%]
........................................................................ [ 36%]
........................................................................ [ 44%]
........................................................................ [ 51%]
........................................................................ [ 59%]
........................................................................ [ 66%]
........................................................................ [ 73%]
........................................................................ [ 81%]
........................................................................ [ 88%]
........................................................................ [ 95%]
........................................                                 [100%]
=================================== FAILURES ===================================
_________ test_runtime_selection_checks_new_task_not_borrowed_research _________
tests/test_lifecycle_investigation_routing.py:211: in test_runtime_selection_checks_new_task_not_borrowed_research
    assert seen == [TASK]
E   AssertionError: assert ['ai_research'] == ['lifecycle_investigation']
E     
E     At index 0 diff: 'ai_research' != 'lifecycle_investigation'
E     Use -v to get more diff
- generated xml file: /tmp/arkscope-lifecycle-terminal-membership/docs/superpowers/evidence/2026-09-07-lifecycle-independent-task/mutations-r1/share_generic_task_authority.xml -
=========================== short test summary info ============================
FAILED tests/test_lifecycle_investigation_routing.py::test_runtime_selection_checks_new_task_not_borrowed_research
1 failed, 975 passed in 67.66s (0:01:07)
