........................................................................ [  7%]
........................................................................ [ 14%]
...........F............................................................ [ 22%]
........................................................................ [ 29%]
........................................................................ [ 36%]
........................................................................ [ 44%]
........................................................................ [ 51%]
........................................................................ [ 59%]
........................................................................ [ 66%]
........................................................................ [ 73%]
........................................................................ [ 81%]
........................................................................ [ 88%]
........................................................................ [ 95%]
........................................                                 [100%]
=================================== FAILURES ===================================
_ test_unknown_discovered_models_stay_visible_but_not_executable_for_investigation _
tests/test_lifecycle_investigation_routing.py:225: in test_unknown_discovered_models_stay_visible_but_not_executable_for_investigation
    assert unknown["eligible"] is False
E   assert True is False
- generated xml file: /tmp/arkscope-lifecycle-terminal-membership/docs/superpowers/evidence/2026-09-07-lifecycle-independent-task/mutations-r1/unknown_model_eligible.xml -
=========================== short test summary info ============================
FAILED tests/test_lifecycle_investigation_routing.py::test_unknown_discovered_models_stay_visible_but_not_executable_for_investigation
1 failed, 975 passed in 73.44s (0:01:13)
