........................................................................ [ 16%]
................................F...............................F....... [ 33%]
........................................................................ [ 50%]
........................................................................ [ 66%]
........................................................................ [ 83%]
......................................................................   [100%]
=================================== FAILURES ===================================
_ test_invalid_source_response_is_not_usable_evidence[headers2-short-source_body_incomplete] _

monkeypatch = <_pytest.monkeypatch.MonkeyPatch object at 0x7f43b9ed0580>
headers = {'Content-Length': '9'}, body = b'short'
code = 'source_body_incomplete'

    @pytest.mark.parametrize("headers,body,code", [
        ({"Content-Type": "application/pdf"}, b"%PDF", "source_format_unsupported"),
        ({"Content-Encoding": "gzip"}, b"compressed", "source_compression_invalid"),
        ({"Content-Length": "9"}, b"short", "source_body_incomplete"),
        ({"Content-Length": "bad"}, b"text", "source_response_invalid"),
        ({"Content-Type": "text/plain; charset=not-a-codec"}, b"text", "source_encoding_unsupported"),
        ({}, b"\xff", "source_encoding_unsupported"),
        ({}, b"", "source_text_empty"),
    ])
    def test_invalid_source_response_is_not_usable_evidence(monkeypatch, headers, body, code):
        from src.lifecycle_public_sources import SourceReadError
    
        reader, connections, _, _ = _reader(monkeypatch, [Response(body, headers=headers)])
>       with pytest.raises(SourceReadError, match=code):
E       Failed: DID NOT RAISE <class 'src.lifecycle_public_sources.SourceReadError'>

tests/test_lifecycle_public_sources.py:200: Failed
___ test_all_source_failures_keep_measured_diagnostics_after_journal_reopen ____

tmp_path = PosixPath('/dev/shm/arkscope-source-context-backend-r2/incomplete_body_is_admitted-shard-2/test_all_source_failures_keep_0')
monkeypatch = <_pytest.monkeypatch.MonkeyPatch object at 0x7f43bc03c9a0>

    @pytest.mark.anyio
    async def test_all_source_failures_keep_measured_diagnostics_after_journal_reopen(tmp_path, monkeypatch):
        from src import security_lifecycle_web_pipeline as pipeline
        from src.lifecycle_web_projection import project_web_run
        from src.lifecycle_web_store import LifecycleWebStore
    
        path, store = setup_store(tmp_path)
        run = start(store)
        control = store.control(run["run_id"], owner="worker-1")
        reader, connections, _, _ = _reader(monkeypatch, [
            Response(b"short", headers={"Content-Length": "1000"}),
            Response(status=403, headers={"Set-Cookie": "do-not-retain-this-secret"}),
        ])
        calls = []
        monkeypatch.setattr(pipeline, "call_lifecycle_web_model", _fake_model(calls, sources=[
            "https://ir.example.com/notice", "https://news.example.com/notice",
        ]))
>       with pytest.raises(WebModelError, match="^source_read_incomplete$") as caught:
E       Failed: DID NOT RAISE <class 'src.auth_drivers.lifecycle_web_models.WebModelError'>

tests/test_lifecycle_source_read_report.py:35: Failed
- generated xml file: /tmp/arkscope-source-context-backend-r2/results/incomplete_body_is_admitted-shard-2.xml -
=========================== short test summary info ============================
FAILED tests/test_lifecycle_public_sources.py::test_invalid_source_response_is_not_usable_evidence[headers2-short-source_body_incomplete]
FAILED tests/test_lifecycle_source_read_report.py::test_all_source_failures_keep_measured_diagnostics_after_journal_reopen
2 failed, 428 passed in 18.55s
