........................................................................ [ 16%]
.............................F.......................................... [ 33%]
........................................................................ [ 49%]
........................................................................ [ 66%]
........................................................................ [ 82%]
........................................................................ [ 99%]
...                                                                      [100%]
=================================== FAILURES ===================================
_ test_present_but_malformed_journal_context_is_not_treated_as_legacy_full_text[None] _

tmp_path = PosixPath('/dev/shm/arkscope-source-context-backend-r2/null_context_treated_as_legacy-shard-1/test_present_but_malformed_jou0')
value = None

    @pytest.mark.parametrize("value", [None, [], {"source-1": None}, {}])
    def test_present_but_malformed_journal_context_is_not_treated_as_legacy_full_text(tmp_path, value):
        from tests.test_lifecycle_web_store import setup_store, completed
        from src.lifecycle_web_store import _json, _sha
    
        _, store = setup_store(tmp_path)
        identity = completed(store)
        with store.connection(write=True) as conn:
            row = conn.execute("SELECT payload_json FROM lifecycle_web_results WHERE run_id=?", (identity,)).fetchone()
            material = json.loads(row[0])
            material["source_context"] = value
            from src.lifecycle_web_schema import TRIGGERS
            trigger = "lifecycle_web_results_update_immutable"
            conn.execute("DROP TRIGGER " + trigger)
            conn.execute("UPDATE lifecycle_web_results SET payload_json=?,result_sha256=? WHERE run_id=?",
                         (_json(material), _sha(material), identity))
            conn.execute(TRIGGERS[trigger])
>       with pytest.raises(ValueError, match="^source_context_invalid$"):
E       Failed: DID NOT RAISE <class 'ValueError'>

tests/test_lifecycle_source_context.py:136: Failed
- generated xml file: /tmp/arkscope-source-context-backend-r2/results/null_context_treated_as_legacy-shard-1.xml -
=========================== short test summary info ============================
FAILED tests/test_lifecycle_source_context.py::test_present_but_malformed_journal_context_is_not_treated_as_legacy_full_text[None]
1 failed, 434 passed in 20.08s
