........................................................................ [  9%]
........................................................................ [ 19%]
..........................................................F............. [ 28%]
........................................................................ [ 38%]
........................................................................ [ 48%]
........................................................................ [ 57%]
........................................................................ [ 67%]
........................................................................ [ 77%]
........................................................................ [ 86%]
........................................................................ [ 96%]
............................                                             [100%]
=================================== FAILURES ===================================
_________ test_claude_search_does_not_fall_back_to_analysis_json_mode __________

monkeypatch = <_pytest.monkeypatch.MonkeyPatch object at 0x7a1657b3d960>

    @pytest.mark.anyio
    async def test_claude_search_does_not_fall_back_to_analysis_json_mode(monkeypatch):
        mod, clients = _setup(monkeypatch, result={"structured_output": None, "result": json.dumps(OUTPUT)})
        call = _request()
>       with pytest.raises(WebModelError, match="^model_output_invalid$"):
E       Failed: DID NOT RAISE <class 'src.auth_drivers.lifecycle_web_models.WebModelError'>

tests/test_lifecycle_web_claude_json_analysis.py:148: Failed
- generated xml file: /dev/shm/lifecycle-json-analysis-campaign-r1/results/search_silently_falls_back_to_final_json-shard-0.xml -
=========================== short test summary info ============================
FAILED tests/test_lifecycle_web_claude_json_analysis.py::test_claude_search_does_not_fall_back_to_analysis_json_mode
1 failed, 747 passed in 27.32s
