........................................................................ [ 14%]
...............................................FFF.F.................... [ 29%]
........................................................................ [ 44%]
........................................................................ [ 59%]
........................................................................ [ 73%]
......................................................F................. [ 88%]
.......................................................                  [100%]
=================================== FAILURES ===================================
________ test_citation_cannot_rebind_captured_source_metadata[change0] _________

monkeypatch = <_pytest.monkeypatch.MonkeyPatch object at 0x73ad5db35840>
change = {'url': 'https://other.example.com/false'}

    @pytest.mark.parametrize("change", [
        {"url": "https://other.example.com/false"}, {"body_sha256": "0" * 64},
        {"retrieved_at": "2030-01-01T00:00:00+00:00"},
        {"redirect_chain": ("https://elsewhere.example.com",)},
        {"mime_type": "text/html"},
    ])
    def test_citation_cannot_rebind_captured_source_metadata(monkeypatch, change):
        from dataclasses import replace
        from src.lifecycle_public_sources import cite_passage, SourceReadError
    
        reader, _, _, _ = _reader(monkeypatch)
        page = reader.read("https://ir.example.com/notice")
>       with pytest.raises(SourceReadError, match="source_integrity"):
E       Failed: DID NOT RAISE <class 'src.lifecycle_public_sources.SourceReadError'>

tests/test_lifecycle_public_sources.py:398: Failed
________ test_citation_cannot_rebind_captured_source_metadata[change1] _________

monkeypatch = <_pytest.monkeypatch.MonkeyPatch object at 0x73ad5dcc3cd0>
change = {'body_sha256': '0000000000000000000000000000000000000000000000000000000000000000'}

    @pytest.mark.parametrize("change", [
        {"url": "https://other.example.com/false"}, {"body_sha256": "0" * 64},
        {"retrieved_at": "2030-01-01T00:00:00+00:00"},
        {"redirect_chain": ("https://elsewhere.example.com",)},
        {"mime_type": "text/html"},
    ])
    def test_citation_cannot_rebind_captured_source_metadata(monkeypatch, change):
        from dataclasses import replace
        from src.lifecycle_public_sources import cite_passage, SourceReadError
    
        reader, _, _, _ = _reader(monkeypatch)
        page = reader.read("https://ir.example.com/notice")
>       with pytest.raises(SourceReadError, match="source_integrity"):
E       Failed: DID NOT RAISE <class 'src.lifecycle_public_sources.SourceReadError'>

tests/test_lifecycle_public_sources.py:398: Failed
________ test_citation_cannot_rebind_captured_source_metadata[change2] _________

monkeypatch = <_pytest.monkeypatch.MonkeyPatch object at 0x73ad5db34820>
change = {'retrieved_at': '2030-01-01T00:00:00+00:00'}

    @pytest.mark.parametrize("change", [
        {"url": "https://other.example.com/false"}, {"body_sha256": "0" * 64},
        {"retrieved_at": "2030-01-01T00:00:00+00:00"},
        {"redirect_chain": ("https://elsewhere.example.com",)},
        {"mime_type": "text/html"},
    ])
    def test_citation_cannot_rebind_captured_source_metadata(monkeypatch, change):
        from dataclasses import replace
        from src.lifecycle_public_sources import cite_passage, SourceReadError
    
        reader, _, _, _ = _reader(monkeypatch)
        page = reader.read("https://ir.example.com/notice")
>       with pytest.raises(SourceReadError, match="source_integrity"):
E       Failed: DID NOT RAISE <class 'src.lifecycle_public_sources.SourceReadError'>

tests/test_lifecycle_public_sources.py:398: Failed
________ test_citation_cannot_rebind_captured_source_metadata[change4] _________

monkeypatch = <_pytest.monkeypatch.MonkeyPatch object at 0x73ad5dc6f700>
change = {'mime_type': 'text/html'}

    @pytest.mark.parametrize("change", [
        {"url": "https://other.example.com/false"}, {"body_sha256": "0" * 64},
        {"retrieved_at": "2030-01-01T00:00:00+00:00"},
        {"redirect_chain": ("https://elsewhere.example.com",)},
        {"mime_type": "text/html"},
    ])
    def test_citation_cannot_rebind_captured_source_metadata(monkeypatch, change):
        from dataclasses import replace
        from src.lifecycle_public_sources import cite_passage, SourceReadError
    
        reader, _, _, _ = _reader(monkeypatch)
        page = reader.read("https://ir.example.com/notice")
>       with pytest.raises(SourceReadError, match="source_integrity"):
E       Failed: DID NOT RAISE <class 'src.lifecycle_public_sources.SourceReadError'>

tests/test_lifecycle_public_sources.py:398: Failed
_________ test_tampered_document_metadata_cannot_supply_valid_passage __________

    def test_tampered_document_metadata_cannot_supply_valid_passage():
        from src.security_lifecycle_web_finding import validate_finding
    
        page = replace(source_page(NOTICE), url="https://www.sec.gov/not-the-original")
        result = validate_finding(public_input(), finding_payload(), {"source-1": page})
>       assert result.action is None and "source_integrity" in result.block_reasons
E       AssertionError: assert ('terminal_delisting' is None)
E        +  where 'terminal_delisting' = ValidatedFinding(finding=WebFinding(source_ticker='OLD', issuer_name='Issuer Old Inc', security_class='Class A common ...:00:00+00:00'),), action='terminal_delisting', block_reasons=(), unique_passage_count=1, independent_source_count=None).action

tests/test_security_lifecycle_web_finding.py:180: AssertionError
- generated xml file: /tmp/lifecycle-capacity-backend-r1/results/hash_chunk_dropped-shard-2.xml -
=========================== short test summary info ============================
FAILED tests/test_lifecycle_public_sources.py::test_citation_cannot_rebind_captured_source_metadata[change0]
FAILED tests/test_lifecycle_public_sources.py::test_citation_cannot_rebind_captured_source_metadata[change1]
FAILED tests/test_lifecycle_public_sources.py::test_citation_cannot_rebind_captured_source_metadata[change2]
FAILED tests/test_lifecycle_public_sources.py::test_citation_cannot_rebind_captured_source_metadata[change4]
FAILED tests/test_security_lifecycle_web_finding.py::test_tampered_document_metadata_cannot_supply_valid_passage
5 failed, 482 passed in 21.13s
