..................F.......F............................................. [ 22%]
........................................................................ [ 44%]
........................................................................ [ 66%]
........................................................................ [ 88%]
....................................                                     [100%]
=================================== FAILURES ===================================
________________ test_real_truncated_response_remains_rejected _________________

wire = (<function wire.<locals>.start at 0x70b3f073c280>, {'client': <socket.socket [closed] fd=-1, family=AddressFamily.AF_U...ion/json\r\nAccept-Encoding: gzip, identity\r\nUser-Agent: ArkScope-Lifecycle/1.0\r\nConnection: close\r\n\r\n'], ...})

    def test_real_truncated_response_remains_rejected(wire):
        from src.lifecycle_public_sources import SourceReadError
    
        start, state = wire
        reader = start(body=b"Incomplete notice", length=1000)
>       with pytest.raises(SourceReadError, match="^source_body_incomplete$"):
E       Failed: DID NOT RAISE <class 'src.lifecycle_public_sources.SourceReadError'>

tests/test_lifecycle_public_sources_wire.py:154: Failed
___ test_all_source_failures_keep_measured_diagnostics_after_journal_reopen ____

tmp_path = PosixPath('/dev/shm/lifecycle-capacity-backend-r1/incomplete_body_is_admitted-shard-3/test_all_source_failures_keep_0')
monkeypatch = <_pytest.monkeypatch.MonkeyPatch object at 0x70b3eb35ead0>

    @pytest.mark.anyio
    async def test_all_source_failures_keep_measured_diagnostics_after_journal_reopen(tmp_path, monkeypatch):
        from src import security_lifecycle_web_pipeline as pipeline
        from src.lifecycle_web_projection import project_web_run
        from src.lifecycle_web_store import LifecycleWebStore
    
        path, store = setup_store(tmp_path)
        run = start(store)
        control = store.control(run["run_id"], owner="worker-1")
        reader, connections, _, _ = _reader(monkeypatch, [
            Response(b"short", headers={"Content-Length": "1000"}),
            Response(status=403, headers={"Set-Cookie": "do-not-retain-this-secret"}),
        ])
        calls = []
        monkeypatch.setattr(pipeline, "call_lifecycle_web_model", _fake_model(calls, sources=[
            "https://ir.example.com/notice", "https://news.example.com/notice",
        ]))
>       with pytest.raises(WebModelError, match="^source_read_incomplete$") as caught:
E       Failed: DID NOT RAISE <class 'src.auth_drivers.lifecycle_web_models.WebModelError'>

tests/test_lifecycle_source_read_report.py:35: Failed
- generated xml file: /tmp/lifecycle-capacity-backend-r1/results/incomplete_body_is_admitted-shard-3.xml -
=========================== short test summary info ============================
FAILED tests/test_lifecycle_public_sources_wire.py::test_real_truncated_response_remains_rejected
FAILED tests/test_lifecycle_source_read_report.py::test_all_source_failures_keep_measured_diagnostics_after_journal_reopen
2 failed, 322 passed in 14.95s
