........................................................................ [  1%]
........................................................................ [  2%]
........................................................................ [  3%]
........................................................................ [  4%]
........................................................................ [  5%]
........................................................................ [  6%]
........................................................................ [  7%]
........................................................................ [  8%]
........................................................................ [  9%]
........................................................................ [ 10%]
........................................................................ [ 11%]
........................................................................ [ 12%]
........................................................................ [ 13%]
........................................................................ [ 15%]
........................................................................ [ 16%]
........................................................................ [ 17%]
........................................................................ [ 18%]
...................................s.................................... [ 19%]
........................................................................ [ 20%]
........................................................................ [ 21%]
........................................................................ [ 22%]
...................................sssssssss............................ [ 23%]
........................................................................ [ 24%]
........................................................................ [ 25%]
........................................................................ [ 26%]
........................................................................ [ 27%]
........................................................................ [ 28%]
........................................................................ [ 30%]
........................................................................ [ 31%]
........................................................................ [ 32%]
........................................................................ [ 33%]
........................................................................ [ 34%]
........................................................................ [ 35%]
........................................................................ [ 36%]
........................................................................ [ 37%]
........................................................................ [ 38%]
........................................................................ [ 39%]
........................................................................ [ 40%]
........................................................................ [ 41%]
........................................................................ [ 42%]
........................................................................ [ 43%]
........................................................................ [ 45%]
........................................................................ [ 46%]
........................................................................ [ 47%]
........................................................................ [ 48%]
........................................................................ [ 49%]
.......s................................................................ [ 50%]
.............s.......................................................... [ 51%]
........................................................................ [ 52%]
........................................................................ [ 53%]
........................................................................ [ 54%]
........................................................................ [ 55%]
........................................................................ [ 56%]
........................................................................ [ 57%]
........................................................................ [ 58%]
........................................................................ [ 60%]
........................................................................ [ 61%]
........................................................................ [ 62%]
........................................................................ [ 63%]
........................................................................ [ 64%]
........................................................................ [ 65%]
........................................................................ [ 66%]
........................................................................ [ 67%]
........................................................................ [ 68%]
........................................................................ [ 69%]
........................................................................ [ 70%]
........................................................................ [ 71%]
........................................................................ [ 72%]
........................................................................ [ 73%]
........................................................................ [ 75%]
........................................................................ [ 76%]
........................................................................ [ 77%]
........................................................................ [ 78%]
........................................................................ [ 79%]
........................................................................ [ 80%]
........................................................................ [ 81%]
........................................................................ [ 82%]
........................................................................ [ 83%]
........................................................................ [ 84%]
........................................................................ [ 85%]
........................................................................ [ 86%]
........................................................................ [ 87%]
........................................................................ [ 89%]
........................................................................ [ 90%]
........................................................................ [ 91%]
........................................................................ [ 92%]
........................................................................ [ 93%]
........................................................................ [ 94%]
........................................................................ [ 95%]
........................................................................ [ 96%]
........................................................................ [ 97%]
........................................................................ [ 98%]
........................................................................ [ 99%]
..................                                                       [100%]
=============================== warnings summary ===============================
tests/test_sec_user_agent.py::test_sec_clients_use_canonical_user_agent
  /home/hyl/.virtualenvs/llm_app/lib/python3.10/site-packages/edgar/_markdown.py:9: DeprecationWarning: edgar.files.html_documents module (including HtmlDocument) is deprecated and will be removed in v6.0. Please use edgar.documents.HTMLParser instead. See migration guide: https://edgartools.readthedocs.io/en/latest/migration/
    from edgar.files.html_documents import HtmlDocument

tests/test_sec_user_agent.py::test_sec_clients_use_canonical_user_agent
  /home/hyl/.virtualenvs/llm_app/lib/python3.10/site-packages/edgar/files/markdown.py:4: DeprecationWarning: edgar.files.html module is deprecated and will be removed in v6.0. Please use edgar.documents.HTMLParser instead. See migration guide: https://edgartools.readthedocs.io/en/latest/migration/
    from edgar.files.html import BaseNode, Document

tests/test_sec_user_agent.py::test_sec_clients_use_canonical_user_agent
  /home/hyl/.virtualenvs/llm_app/lib/python3.10/site-packages/edgar/_filings.py:55: DeprecationWarning: edgar.files.htmltools module (including ChunkedDocument) is deprecated and will be removed in v6.0. Please use edgar.documents.HTMLParser instead. See migration guide: https://edgartools.readthedocs.io/en/latest/migration/
    from edgar.files.htmltools import html_sections

-- Docs: https://docs.pytest.org/en/stable/how-to/capture-warnings.html
-- generated xml file: /tmp/lifecycle-capacity-backend-r5/results/backend.xml --
6702 passed, 12 skipped, 3 warnings in 397.55s (0:06:37)
